Archive member included to satisfy reference by file (symbol)

c:/program files (x86)/atmel/studio/7.0/toolchain/arm/arm-gnu-toolchain/bin/../lib/gcc/arm-none-eabi/6.3.1/thumb/v6-m\libgcc.a(_udivsi3.o)
                              src/ASF/thirdparty/fatfs/fatfs-r0.09/src/ff.o (__aeabi_uidiv)
c:/program files (x86)/atmel/studio/7.0/toolchain/arm/arm-gnu-toolchain/bin/../lib/gcc/arm-none-eabi/6.3.1/thumb/v6-m\libgcc.a(_divsi3.o)
                              src/ASF/thirdparty/fatfs/fatfs-r0.09/src/ff.o (__aeabi_idiv)
c:/program files (x86)/atmel/studio/7.0/toolchain/arm/arm-gnu-toolchain/bin/../lib/gcc/arm-none-eabi/6.3.1/thumb/v6-m\libgcc.a(_dvmd_tls.o)
                              c:/program files (x86)/atmel/studio/7.0/toolchain/arm/arm-gnu-toolchain/bin/../lib/gcc/arm-none-eabi/6.3.1/thumb/v6-m\libgcc.a(_udivsi3.o) (__aeabi_idiv0)
c:/program files (x86)/atmel/studio/7.0/toolchain/arm/arm-gnu-toolchain/bin/../lib/gcc/arm-none-eabi/6.3.1/thumb/v6-m\libgcc.a(_aeabi_uldivmod.o)
                              src/drivers/p_spi.o (__aeabi_uldivmod)
c:/program files (x86)/atmel/studio/7.0/toolchain/arm/arm-gnu-toolchain/bin/../lib/gcc/arm-none-eabi/6.3.1/thumb/v6-m\libgcc.a(_muldi3.o)
                              src/ASF/sam0/drivers/sercom/sercom.o (__aeabi_lmul)
c:/program files (x86)/atmel/studio/7.0/toolchain/arm/arm-gnu-toolchain/bin/../lib/gcc/arm-none-eabi/6.3.1/thumb/v6-m\libgcc.a(_udivmoddi4.o)
                              c:/program files (x86)/atmel/studio/7.0/toolchain/arm/arm-gnu-toolchain/bin/../lib/gcc/arm-none-eabi/6.3.1/thumb/v6-m\libgcc.a(_aeabi_uldivmod.o) (__udivmoddi4)
c:/program files (x86)/atmel/studio/7.0/toolchain/arm/arm-gnu-toolchain/bin/../lib/gcc/arm-none-eabi/6.3.1/thumb/v6-m\libgcc.a(muldf3.o)
                              src/main.o (__aeabi_dmul)
c:/program files (x86)/atmel/studio/7.0/toolchain/arm/arm-gnu-toolchain/bin/../lib/gcc/arm-none-eabi/6.3.1/thumb/v6-m\libgcc.a(floatsidf.o)
                              src/main.o (__aeabi_i2d)
c:/program files (x86)/atmel/studio/7.0/toolchain/arm/arm-gnu-toolchain/bin/../lib/gcc/arm-none-eabi/6.3.1/thumb/v6-m\libgcc.a(extendsfdf2.o)
                              src/main.o (__aeabi_f2d)
c:/program files (x86)/atmel/studio/7.0/toolchain/arm/arm-gnu-toolchain/bin/../lib/gcc/arm-none-eabi/6.3.1/thumb/v6-m\libgcc.a(truncdfsf2.o)
                              src/main.o (__aeabi_d2f)
c:/program files (x86)/atmel/studio/7.0/toolchain/arm/arm-gnu-toolchain/bin/../lib/gcc/arm-none-eabi/6.3.1/thumb/v6-m\libgcc.a(_clzsi2.o)
                              c:/program files (x86)/atmel/studio/7.0/toolchain/arm/arm-gnu-toolchain/bin/../lib/gcc/arm-none-eabi/6.3.1/thumb/v6-m\libgcc.a(muldf3.o) (__clzsi2)
c:/program files (x86)/atmel/studio/7.0/toolchain/arm/arm-gnu-toolchain/bin/../lib/gcc/arm-none-eabi/6.3.1/thumb/v6-m\libgcc.a(_clzdi2.o)
                              c:/program files (x86)/atmel/studio/7.0/toolchain/arm/arm-gnu-toolchain/bin/../lib/gcc/arm-none-eabi/6.3.1/thumb/v6-m\libgcc.a(_udivmoddi4.o) (__clzdi2)
c:/program files (x86)/atmel/studio/7.0/toolchain/arm/arm-gnu-toolchain/bin/../lib/gcc/arm-none-eabi/6.3.1/../../../../arm-none-eabi/lib/thumb/v6-m\libc.a(lib_a-exit.o)
                              c:/program files (x86)/atmel/studio/7.0/toolchain/arm/arm-gnu-toolchain/bin/../lib/gcc/arm-none-eabi/6.3.1/../../../../arm-none-eabi/lib/thumb/v6-m/crt0.o (exit)
c:/program files (x86)/atmel/studio/7.0/toolchain/arm/arm-gnu-toolchain/bin/../lib/gcc/arm-none-eabi/6.3.1/../../../../arm-none-eabi/lib/thumb/v6-m\libc.a(lib_a-impure.o)
                              c:/program files (x86)/atmel/studio/7.0/toolchain/arm/arm-gnu-toolchain/bin/../lib/gcc/arm-none-eabi/6.3.1/../../../../arm-none-eabi/lib/thumb/v6-m\libc.a(lib_a-exit.o) (_global_impure_ptr)
c:/program files (x86)/atmel/studio/7.0/toolchain/arm/arm-gnu-toolchain/bin/../lib/gcc/arm-none-eabi/6.3.1/../../../../arm-none-eabi/lib/thumb/v6-m\libc.a(lib_a-init.o)
                              c:/program files (x86)/atmel/studio/7.0/toolchain/arm/arm-gnu-toolchain/bin/../lib/gcc/arm-none-eabi/6.3.1/../../../../arm-none-eabi/lib/thumb/v6-m/crt0.o (__libc_init_array)
c:/program files (x86)/atmel/studio/7.0/toolchain/arm/arm-gnu-toolchain/bin/../lib/gcc/arm-none-eabi/6.3.1/../../../../arm-none-eabi/lib/thumb/v6-m\libc.a(lib_a-memset.o)
                              c:/program files (x86)/atmel/studio/7.0/toolchain/arm/arm-gnu-toolchain/bin/../lib/gcc/arm-none-eabi/6.3.1/../../../../arm-none-eabi/lib/thumb/v6-m/crt0.o (memset)
c:/program files (x86)/atmel/studio/7.0/toolchain/arm/arm-gnu-toolchain/bin/../lib/gcc/arm-none-eabi/6.3.1/../../../../arm-none-eabi/lib/thumb/v6-m\libc.a(lib_a-strlen-stub.o)
                              src/drivers/p_usart.o (strlen)
c:/program files (x86)/atmel/studio/7.0/toolchain/arm/arm-gnu-toolchain/bin/../lib/gcc/arm-none-eabi/6.3.1/../../../../arm-none-eabi/lib/thumb/v6-m\libc.a(lib_a-vsprintf.o)
[...]
Memory Configuration

Name             Origin             Length             Attributes
rom              0x00000000         0x00040000         xr
ram              0x20000000         0x00008000         xrw
*default*        0x00000000         0xffffffff

Linker script and memory map

LOAD c:/program files (x86)/atmel/studio/7.0/toolchain/arm/arm-gnu-toolchain/bin/../lib/gcc/arm-none-eabi/6.3.1/thumb/v6-m/crti.o
LOAD c:/program files (x86)/atmel/studio/7.0/toolchain/arm/arm-gnu-toolchain/bin/../lib/gcc/arm-none-eabi/6.3.1/thumb/v6-m/crtbegin.o
LOAD c:/program files (x86)/atmel/studio/7.0/toolchain/arm/arm-gnu-toolchain/bin/../lib/gcc/arm-none-eabi/6.3.1/../../../../arm-none-eabi/lib/thumb/v6-m/crt0.o
LOAD src/ASF/common2/services/delay/sam0/cycle_counter.o
LOAD src/ASF/common/services/storage/ctrl_access/ctrl_access.o
LOAD src/ASF/sam0/drivers/rtc/rtc_sam_d_r_h/rtc_calendar.o
LOAD src/ASF/sam0/drivers/rtc/rtc_sam_d_r_h/rtc_calendar_interrupt.o
LOAD src/ASF/sam0/drivers/sercom/sercom.o
LOAD src/ASF/sam0/drivers/sercom/sercom_interrupt.o
LOAD src/ASF/sam0/drivers/sercom/spi/spi.o
LOAD src/ASF/sam0/drivers/sercom/spi/spi_interrupt.o
LOAD src/ASF/sam0/drivers/sercom/usart/usart.o
LOAD src/ASF/sam0/drivers/sercom/usart/usart_interrupt.o
LOAD src/ASF/thirdparty/fatfs/fatfs-port-r0.09/diskio.o
LOAD src/ASF/thirdparty/fatfs/fatfs-port-r0.09/sam0/fattime_rtc.o
LOAD src/ASF/thirdparty/fatfs/fatfs-r0.09/src/ff.o
LOAD src/ASF/thirdparty/fatfs/fatfs-r0.09/src/option/ccsbcs.o
LOAD src/devices/thermocouple.o
LOAD src/drivers/p_spi.o
LOAD src/drivers/p_usart.o
LOAD src/ASF/common/utils/interrupt/interrupt_sam_nvic.o
LOAD src/ASF/sam0/boards/samd21_xplained_pro/board_init.o
LOAD src/ASF/sam0/drivers/port/port.o
LOAD src/ASF/sam0/drivers/system/clock/clock_samd21_r21_da_ha1/clock.o
LOAD src/ASF/sam0/drivers/system/clock/clock_samd21_r21_da_ha1/gclk.o
LOAD src/ASF/sam0/drivers/system/interrupt/system_interrupt.o
LOAD src/ASF/sam0/drivers/system/pinmux/pinmux.o
LOAD src/ASF/sam0/drivers/system/system.o
LOAD src/ASF/sam0/utils/cmsis/samd21/source/gcc/startup_samd21.o
LOAD src/ASF/sam0/utils/cmsis/samd21/source/system_samd21.o
LOAD src/ASF/sam0/utils/syscalls/gcc/syscalls.o
LOAD src/main.o
START GROUP
LOAD ../src/ASF/thirdparty/CMSIS/Lib/GCC\libarm_cortexM0l_math.a
LOAD c:/program files (x86)/atmel/studio/7.0/toolchain/arm/arm-gnu-toolchain/bin/../lib/gcc/arm-none-eabi/6.3.1/../../../../arm-none-eabi/lib/thumb/v6-m\libm.a
END GROUP
START GROUP
LOAD c:/program files (x86)/atmel/studio/7.0/toolchain/arm/arm-gnu-toolchain/bin/../lib/gcc/arm-none-eabi/6.3.1/thumb/v6-m\libgcc.a
LOAD c:/program files (x86)/atmel/studio/7.0/toolchain/arm/arm-gnu-toolchain/bin/../lib/gcc/arm-none-eabi/6.3.1/../../../../arm-none-eabi/lib/thumb/v6-m\libc.a
END GROUP
LOAD c:/program files (x86)/atmel/studio/7.0/toolchain/arm/arm-gnu-toolchain/bin/../lib/gcc/arm-none-eabi/6.3.1/thumb/v6-m/crtend.o
LOAD c:/program files (x86)/atmel/studio/7.0/toolchain/arm/arm-gnu-toolchain/bin/../lib/gcc/arm-none-eabi/6.3.1/thumb/v6-m/crtn.o
                0x00002000                STACK_SIZE = DEFINED (STACK_SIZE)?STACK_SIZE:DEFINED (__stack_size__)?__stack_size__:0x2000

.text           0x00000000     0x854c
                0x00000000                . = ALIGN (0x4)
                0x00000000                _sfixed = .
 *(.vectors .vectors.*)
 .vectors       0x00000000       0xb4 src/ASF/sam0/utils/cmsis/samd21/source/gcc/startup_samd21.o
                0x00000000                exception_table
 *(.text .text.* .gnu.linkonce.t.*)
 .text          0x000000b4       0x60 c:/program files (x86)/atmel/studio/7.0/toolchain/arm/arm-gnu-toolchain/bin/../lib/gcc/arm-none-eabi/6.3.1/thumb/v6-m/crtbegin.o
 .text.RTC_Handler
                0x00000114       0x44 src/ASF/sam0/drivers/rtc/rtc_sam_d_r_h/rtc_calendar_interrupt.o
                0x00000114                RTC_Handler
 .text.long_division
                0x00000158       0xba src/ASF/sam0/drivers/sercom/sercom.o
 .text._sercom_get_sync_baud_val
                0x00000212       0x28 src/ASF/sam0/drivers/sercom/sercom.o
                0x00000212                _sercom_get_sync_baud_val
 *fill*         0x0000023a        0x2 
 .text._sercom_get_async_baud_val
                0x0000023c       0x94 src/ASF/sam0/drivers/sercom/sercom.o
                0x0000023c                _sercom_get_async_baud_val
 .text.sercom_set_gclk_generator
                0x000002d0       0x4c src/ASF/sam0/drivers/sercom/sercom.o
                0x000002d0                sercom_set_gclk_generator
 .text._sercom_get_default_pad
                0x0000031c      0x178 src/ASF/sam0/drivers/sercom/sercom.o
                0x0000031c                _sercom_get_default_pad
 .text._sercom_get_sercom_inst_index
                0x00000494       0x38 src/ASF/sam0/drivers/sercom/sercom.o
                0x00000494                _sercom_get_sercom_inst_index
 .text._sercom_default_handler
                0x000004cc        0x2 src/ASF/sam0/drivers/sercom/sercom_interrupt.o
 *fill*         0x000004ce        0x2 
 .text._sercom_set_handler
                0x000004d0       0x3c src/ASF/sam0/drivers/sercom/sercom_interrupt.o
                0x000004d0                _sercom_set_handler
 .text._sercom_get_interrupt_vector
                0x0000050c       0x30 src/ASF/sam0/drivers/sercom/sercom_interrupt.o
                0x0000050c                _sercom_get_interrupt_vector
 .text.SERCOM0_Handler
                0x0000053c       0x10 src/ASF/sam0/drivers/sercom/sercom_interrupt.o
                0x0000053c                SERCOM0_Handler
 .text.SERCOM1_Handler
                0x0000054c       0x10 src/ASF/sam0/drivers/sercom/sercom_interrupt.o
                0x0000054c                SERCOM1_Handler
 .text.SERCOM2_Handler
                0x0000055c       0x10 src/ASF/sam0/drivers/sercom/sercom_interrupt.o
                0x0000055c                SERCOM2_Handler
 .text.SERCOM3_Handler
                0x0000056c       0x10 src/ASF/sam0/drivers/sercom/sercom_interrupt.o
                0x0000056c                SERCOM3_Handler
 .text.SERCOM4_Handler
                0x0000057c       0x10 src/ASF/sam0/drivers/sercom/sercom_interrupt.o
                0x0000057c                SERCOM4_Handler
 .text.SERCOM5_Handler
                0x0000058c       0x10 src/ASF/sam0/drivers/sercom/sercom_interrupt.o
                0x0000058c                SERCOM5_Handler
 .text.spi_init
                0x0000059c      0x214 src/ASF/sam0/drivers/sercom/spi/spi.o
                0x0000059c                spi_init
 .text.spi_read_buffer_wait
                0x000007b0      0x11c src/ASF/sam0/drivers/sercom/spi/spi.o
                0x000007b0                spi_read_buffer_wait
 .text._spi_interrupt_handler
                0x000008cc      0x224 src/ASF/sam0/drivers/sercom/spi/spi_interrupt.o
                0x000008cc                _spi_interrupt_handler
 .text.usart_init
                0x00000af0      0x344 src/ASF/sam0/drivers/sercom/usart/usart.o
                0x00000af0                usart_init
 .text.usart_write_wait
                0x00000e34       0x2c src/ASF/sam0/drivers/sercom/usart/usart.o
                0x00000e34                usart_write_wait
 .text.usart_write_buffer_wait
                0x00000e60       0xc0 src/ASF/sam0/drivers/sercom/usart/usart.o
                0x00000e60                usart_write_buffer_wait
 .text.usart_register_callback
                0x00000f20       0x18 src/ASF/sam0/drivers/sercom/usart/usart_interrupt.o
                0x00000f20                usart_register_callback
 .text._usart_interrupt_handler
                0x00000f38      0x194 src/ASF/sam0/drivers/sercom/usart/usart_interrupt.o
                0x00000f38                _usart_interrupt_handler
 .text.pspi_init
                0x000010cc       0xa4 src/drivers/p_spi.o
                0x000010cc                pspi_init
 .text.debug_tx_cb
                0x00001170       0x38 src/drivers/p_usart.o
 .text.pprint   0x000011a8       0x44 src/drivers/p_usart.o
                0x000011a8                pprint
 .text.pusart_init
                0x000011ec       0xf8 src/drivers/p_usart.o
                0x000011ec                pusart_init
 .text.debug_rx_cb
                0x000012e4       0x18 src/drivers/p_usart.o
 .text.cpu_irq_enter_critical
                0x000012fc       0x40 src/ASF/common/utils/interrupt/interrupt_sam_nvic.o
                0x000012fc                cpu_irq_enter_critical
 .text.cpu_irq_leave_critical
                0x0000133c       0x30 src/ASF/common/utils/interrupt/interrupt_sam_nvic.o
                0x0000133c                cpu_irq_leave_critical
 .text.system_board_init
                0x0000136c       0x38 src/ASF/sam0/boards/samd21_xplained_pro/board_init.o
                0x0000136c                board_init
                0x0000136c                system_board_init
 .text.port_pin_set_config
                0x000013a4       0x24 src/ASF/sam0/drivers/port/port.o
                0x000013a4                port_pin_set_config
 .text.system_clock_source_get_hz
                0x000013c8       0x94 src/ASF/sam0/drivers/system/clock/clock_samd21_r21_da_ha1/clock.o
                0x000013c8                system_clock_source_get_hz
 .text.system_clock_source_osc8m_set_config
                0x0000145c       0x3c src/ASF/sam0/drivers/system/clock/clock_samd21_r21_da_ha1/clock.o
                0x0000145c                system_clock_source_osc8m_set_config
 .text.system_clock_source_xosc32k_set_config
                0x00001498       0xb8 src/ASF/sam0/drivers/system/clock/clock_samd21_r21_da_ha1/clock.o
                0x00001498                system_clock_source_xosc32k_set_config
 .text.system_clock_source_dfll_set_config
                0x00001550       0x80 src/ASF/sam0/drivers/system/clock/clock_samd21_r21_da_ha1/clock.o
                0x00001550                system_clock_source_dfll_set_config
 .text.system_clock_source_enable
                0x000015d0       0xa8 src/ASF/sam0/drivers/system/clock/clock_samd21_r21_da_ha1/clock.o
                0x000015d0                system_clock_source_enable
 .text.system_clock_init
                0x00001678      0x160 src/ASF/sam0/drivers/system/clock/clock_samd21_r21_da_ha1/clock.o
                0x00001678                system_clock_init
 .text.system_gclk_init
                0x000017d8       0x24 src/ASF/sam0/drivers/system/clock/clock_samd21_r21_da_ha1/gclk.o
                0x000017d8                system_gclk_init
 .text.system_gclk_gen_set_config
                0x000017fc       0xb8 src/ASF/sam0/drivers/system/clock/clock_samd21_r21_da_ha1/gclk.o
                0x000017fc                system_gclk_gen_set_config
 .text.system_gclk_gen_enable
                0x000018b4       0x44 src/ASF/sam0/drivers/system/clock/clock_samd21_r21_da_ha1/gclk.o
                0x000018b4                system_gclk_gen_enable
 .text.system_gclk_gen_get_hz
                0x000018f8       0x8c src/ASF/sam0/drivers/system/clock/clock_samd21_r21_da_ha1/gclk.o
                0x000018f8                system_gclk_gen_get_hz
 .text.system_gclk_chan_enable
                0x00001984       0x30 src/ASF/sam0/drivers/system/clock/clock_samd21_r21_da_ha1/gclk.o
                0x00001984                system_gclk_chan_enable
 .text.system_gclk_chan_disable
                0x000019b4       0x5c src/ASF/sam0/drivers/system/clock/clock_samd21_r21_da_ha1/gclk.o
                0x000019b4                system_gclk_chan_disable
 .text.system_gclk_chan_set_config
                0x00001a10       0x1c src/ASF/sam0/drivers/system/clock/clock_samd21_r21_da_ha1/gclk.o
                0x00001a10                system_gclk_chan_set_config
 .text.system_gclk_chan_get_hz
                0x00001a2c       0x34 src/ASF/sam0/drivers/system/clock/clock_samd21_r21_da_ha1/gclk.o
                0x00001a2c                system_gclk_chan_get_hz
 .text._system_pinmux_config
                0x00001a60       0xa8 src/ASF/sam0/drivers/system/pinmux/pinmux.o
 .text.system_pinmux_pin_set_config
                0x00001b08       0x30 src/ASF/sam0/drivers/system/pinmux/pinmux.o
                0x00001b08                system_pinmux_pin_set_config
 .text._system_dummy_init
                0x00001b38        0x2 src/ASF/sam0/drivers/system/system.o
                0x00001b38                _system_extint_init
                0x00001b38                _system_events_init
                0x00001b38                _system_dummy_init
                0x00001b38                _system_divas_init
 *fill*         0x00001b3a        0x2 
 .text.system_init
                0x00001b3c       0x2c src/ASF/sam0/drivers/system/system.o
                0x00001b3c                system_init
 .text.Dummy_Handler
                0x00001b68        0x2 src/ASF/sam0/utils/cmsis/samd21/source/gcc/startup_samd21.o
                0x00001b68                DMAC_Handler
                0x00001b68                HardFault_Handler
                0x00001b68                AC_Handler
                0x00001b68                SysTick_Handler
                0x00001b68                PendSV_Handler
                0x00001b68                NMI_Handler
                0x00001b68                TC7_Handler
                0x00001b68                ADC_Handler
                0x00001b68                TCC1_Handler
                0x00001b68                TCC0_Handler
                0x00001b68                EIC_Handler
                0x00001b68                TC6_Handler
                0x00001b68                WDT_Handler
                0x00001b68                TC4_Handler
                0x00001b68                USB_Handler
                0x00001b68                TC3_Handler
                0x00001b68                Dummy_Handler
                0x00001b68                PM_Handler
                0x00001b68                SVC_Handler
                0x00001b68                TCC2_Handler
                0x00001b68                EVSYS_Handler
                0x00001b68                I2S_Handler
                0x00001b68                NVMCTRL_Handler
                0x00001b68                DAC_Handler
                0x00001b68                PTC_Handler
                0x00001b68                TC5_Handler
                0x00001b68                SYSCTRL_Handler
 *fill*         0x00001b6a        0x2 
 .text.Reset_Handler
                0x00001b6c       0xe4 src/ASF/sam0/utils/cmsis/samd21/source/gcc/startup_samd21.o
                0x00001b6c                Reset_Handler
 .text._sbrk    0x00001c50       0x24 src/ASF/sam0/utils/syscalls/gcc/syscalls.o
                0x00001c50                _sbrk
 .text.main     0x00001c74      0x188 src/main.o
                0x00001c74                main
 .text          0x00001dfc      0x114 c:/program files (x86)/atmel/studio/7.0/toolchain/arm/arm-gnu-toolchain/bin/../lib/gcc/arm-none-eabi/6.3.1/thumb/v6-m\libgcc.a(_udivsi3.o)
                0x00001dfc                __aeabi_uidiv
                0x00001dfc                __udivsi3
                0x00001f08                __aeabi_uidivmod
 .text          0x00001f10      0x1d4 c:/program files (x86)/atmel/studio/7.0/toolchain/arm/arm-gnu-toolchain/bin/../lib/gcc/arm-none-eabi/6.3.1/thumb/v6-m\libgcc.a(_divsi3.o)
                0x00001f10                __divsi3
                0x00001f10                __aeabi_idiv
                0x000020dc                __aeabi_idivmod
 .text          0x000020e4        0x4 c:/program files (x86)/atmel/studio/7.0/toolchain/arm/arm-gnu-toolchain/bin/../lib/gcc/arm-none-eabi/6.3.1/thumb/v6-m\libgcc.a(_dvmd_tls.o)
                0x000020e4                __aeabi_idiv0
                0x000020e4                __aeabi_ldiv0
 .text          0x000020e8       0x40 c:/program files (x86)/atmel/studio/7.0/toolchain/arm/arm-gnu-toolchain/bin/../lib/gcc/arm-none-eabi/6.3.1/thumb/v6-m\libgcc.a(_aeabi_uldivmod.o)
                0x000020e8                __aeabi_uldivmod
 .text          0x00002128       0x54 c:/program files (x86)/atmel/studio/7.0/toolchain/arm/arm-gnu-toolchain/bin/../lib/gcc/arm-none-eabi/6.3.1/thumb/v6-m\libgcc.a(_muldi3.o)
                0x00002128                __muldi3
                0x00002128                __aeabi_lmul
 .text          0x0000217c      0x180 c:/program files (x86)/atmel/studio/7.0/toolchain/arm/arm-gnu-toolchain/bin/../lib/gcc/arm-none-eabi/6.3.1/thumb/v6-m\libgcc.a(_udivmoddi4.o)
                0x0000217c                __udivmoddi4
 .text          0x000022fc      0x500 c:/program files (x86)/atmel/studio/7.0/toolchain/arm/arm-gnu-toolchain/bin/../lib/gcc/arm-none-eabi/6.3.1/thumb/v6-m\libgcc.a(muldf3.o)
                0x000022fc                __aeabi_dmul
 .text          0x000027fc       0x84 c:/program files (x86)/atmel/studio/7.0/toolchain/arm/arm-gnu-toolchain/bin/../lib/gcc/arm-none-eabi/6.3.1/thumb/v6-m\libgcc.a(floatsidf.o)
                0x000027fc                __aeabi_i2d
 .text          0x00002880       0xa4 c:/program files (x86)/atmel/studio/7.0/toolchain/arm/arm-gnu-toolchain/bin/../lib/gcc/arm-none-eabi/6.3.1/thumb/v6-m\libgcc.a(extendsfdf2.o)
                0x00002880                __aeabi_f2d
 .text          0x00002924      0x114 c:/program files (x86)/atmel/studio/7.0/toolchain/arm/arm-gnu-toolchain/bin/../lib/gcc/arm-none-eabi/6.3.1/thumb/v6-m\libgcc.a(truncdfsf2.o)
                0x00002924                __aeabi_d2f
 .text          0x00002a38       0x3c c:/program files (x86)/atmel/studio/7.0/toolchain/arm/arm-gnu-toolchain/bin/../lib/gcc/arm-none-eabi/6.3.1/thumb/v6-m\libgcc.a(_clzsi2.o)
                0x00002a38                __clzsi2
 .text          0x00002a74       0x18 c:/program files (x86)/atmel/studio/7.0/toolchain/arm/arm-gnu-toolchain/bin/../lib/gcc/arm-none-eabi/6.3.1/thumb/v6-m\libgcc.a(_clzdi2.o)
                0x00002a74                __clzdi2
 .text.__libc_init_array
                0x00002a8c       0x48 c:/program files (x86)/atmel/studio/7.0/toolchain/arm/arm-gnu-toolchain/bin/../lib/gcc/arm-none-eabi/6.3.1/../../../../arm-none-eabi/lib/thumb/v6-m\libc.a(lib_a-init.o)
                0x00002a8c                __libc_init_array
 .text.memset   0x00002ad4       0x94 c:/program files (x86)/atmel/studio/7.0/toolchain/arm/arm-gnu-toolchain/bin/../lib/gcc/arm-none-eabi/6.3.1/../../../../arm-none-eabi/lib/thumb/v6-m\libc.a(lib_a-memset.o)
                0x00002ad4                memset
 .text.strlen   0x00002b68       0x64 c:/program files (x86)/atmel/studio/7.0/toolchain/arm/arm-gnu-toolchain/bin/../lib/gcc/arm-none-eabi/6.3.1/../../../../arm-none-eabi/lib/thumb/v6-m\libc.a(lib_a-strlen-stub.o)
                0x00002b68                strlen
 .text._vsprintf_r
                0x00002bcc       0x30 c:/program files (x86)/atmel/studio/7.0/toolchain/arm/arm-gnu-toolchain/bin/../lib/gcc/arm-none-eabi/6.3.1/../../../../arm-none-eabi/lib/thumb/v6-m\libc.a(lib_a-vsprintf.o)
                0x00002bcc                _vsprintf_r
 .text.vsprintf
                0x00002bfc       0x18 c:/program files (x86)/atmel/studio/7.0/toolchain/arm/arm-gnu-toolchain/bin/../lib/gcc/arm-none-eabi/6.3.1/../../../../arm-none-eabi/lib/thumb/v6-m\libc.a(lib_a-vsprintf.o)
                0x00002bfc                vsprintf
 .text.startup.register_fini
                0x00002c14       0x18 c:/program files (x86)/atmel/studio/7.0/toolchain/arm/arm-gnu-toolchain/bin/../lib/gcc/arm-none-eabi/6.3.1/../../../../arm-none-eabi/lib/thumb/v6-m\libc.a(lib_a-__call_atexit.o)
 .text.atexit   0x00002c2c       0x10 c:/program files (x86)/atmel/studio/7.0/toolchain/arm/arm-gnu-toolchain/bin/../lib/gcc/arm-none-eabi/6.3.1/../../../../arm-none-eabi/lib/thumb/v6-m\libc.a(lib_a-atexit.o)
                0x00002c2c                atexit
 .text.__libc_fini_array
                0x00002c3c       0x34 c:/program files (x86)/atmel/studio/7.0/toolchain/arm/arm-gnu-toolchain/bin/../lib/gcc/arm-none-eabi/6.3.1/../../../../arm-none-eabi/lib/thumb/v6-m\libc.a(lib_a-fini.o)
                0x00002c3c                __libc_fini_array
 .text.__retarget_lock_acquire_recursive
                0x00002c70        0x4 c:/program files (x86)/atmel/studio/7.0/toolchain/arm/arm-gnu-toolchain/bin/../lib/gcc/arm-none-eabi/6.3.1/../../../../arm-none-eabi/lib/thumb/v6-m\libc.a(lib_a-lock.o)
                0x00002c70                __retarget_lock_acquire_recursive
 .text.__retarget_lock_release_recursive
                0x00002c74        0x4 c:/program files (x86)/atmel/studio/7.0/toolchain/arm/arm-gnu-toolchain/bin/../lib/gcc/arm-none-eabi/6.3.1/../../../../arm-none-eabi/lib/thumb/v6-m\libc.a(lib_a-lock.o)
                0x00002c74                __retarget_lock_release_recursive
 .text._svfprintf_r
                0x00002c78     0x1608 c:/program files (x86)/atmel/studio/7.0/toolchain/arm/arm-gnu-toolchain/bin/../lib/gcc/arm-none-eabi/6.3.1/../../../../arm-none-eabi/lib/thumb/v6-m\libc.a(lib_a-svfprintf.o)
                0x00002c78                _svfprintf_r
 .text.__register_exitproc
                0x00004280       0xf4 c:/program files (x86)/atmel/studio/7.0/toolchain/arm/arm-gnu-toolchain/bin/../lib/gcc/arm-none-eabi/6.3.1/../../../../arm-none-eabi/lib/thumb/v6-m\libc.a(lib_a-__atexit.o)
                0x00004280                __register_exitproc
 .text.quorem   0x00004374      0x154 c:/program files (x86)/atmel/studio/7.0/toolchain/arm/arm-gnu-toolchain/bin/../lib/gcc/arm-none-eabi/6.3.1/../../../../arm-none-eabi/lib/thumb/v6-m\libc.a(lib_a-dtoa.o)
 .text._dtoa_r  0x000044c8      0xf88 c:/program files (x86)/atmel/studio/7.0/toolchain/arm/arm-gnu-toolchain/bin/../lib/gcc/arm-none-eabi/6.3.1/../../../../arm-none-eabi/lib/thumb/v6-m\libc.a(lib_a-dtoa.o)
                0x000044c8                _dtoa_r
 .text._localeconv_r
                0x00005450       0x1c c:/program files (x86)/atmel/studio/7.0/toolchain/arm/arm-gnu-toolchain/bin/../lib/gcc/arm-none-eabi/6.3.1/../../../../arm-none-eabi/lib/thumb/v6-m\libc.a(lib_a-localeconv.o)
                0x00005450                _localeconv_r
 .text._malloc_r
                0x0000546c      0x568 c:/program files (x86)/atmel/studio/7.0/toolchain/arm/arm-gnu-toolchain/bin/../lib/gcc/arm-none-eabi/6.3.1/../../../../arm-none-eabi/lib/thumb/v6-m\libc.a(lib_a-mallocr.o)
                0x0000546c                _malloc_r
 .text.memchr   0x000059d4       0x80 c:/program files (x86)/atmel/studio/7.0/toolchain/arm/arm-gnu-toolchain/bin/../lib/gcc/arm-none-eabi/6.3.1/../../../../arm-none-eabi/lib/thumb/v6-m\libc.a(lib_a-memchr-stub.o)
                0x000059d4                memchr
 .text.memcpy   0x00005a54       0x84 c:/program files (x86)/atmel/studio/7.0/toolchain/arm/arm-gnu-toolchain/bin/../lib/gcc/arm-none-eabi/6.3.1/../../../../arm-none-eabi/lib/thumb/v6-m\libc.a(lib_a-memcpy-stub.o)
                0x00005a54                memcpy
 .text.__malloc_lock
                0x00005ad8       0x10 c:/program files (x86)/atmel/studio/7.0/toolchain/arm/arm-gnu-toolchain/bin/../lib/gcc/arm-none-eabi/6.3.1/../../../../arm-none-eabi/lib/thumb/v6-m\libc.a(lib_a-mlock.o)
                0x00005ad8                __malloc_lock
 .text.__malloc_unlock
                0x00005ae8       0x10 c:/program files (x86)/atmel/studio/7.0/toolchain/arm/arm-gnu-toolchain/bin/../lib/gcc/arm-none-eabi/6.3.1/../../../../arm-none-eabi/lib/thumb/v6-m\libc.a(lib_a-mlock.o)
                0x00005ae8                __malloc_unlock
 .text._Balloc  0x00005af8       0x50 c:/program files (x86)/atmel/studio/7.0/toolchain/arm/arm-gnu-toolchain/bin/../lib/gcc/arm-none-eabi/6.3.1/../../../../arm-none-eabi/lib/thumb/v6-m\libc.a(lib_a-mprec.o)
                0x00005af8                _Balloc
 .text._Bfree   0x00005b48       0x14 c:/program files (x86)/atmel/studio/7.0/toolchain/arm/arm-gnu-toolchain/bin/../lib/gcc/arm-none-eabi/6.3.1/../../../../arm-none-eabi/lib/thumb/v6-m\libc.a(lib_a-mprec.o)
                0x00005b48                _Bfree
 .text.__multadd
                0x00005b5c       0x8c c:/program files (x86)/atmel/studio/7.0/toolchain/arm/arm-gnu-toolchain/bin/../lib/gcc/arm-none-eabi/6.3.1/../../../../arm-none-eabi/lib/thumb/v6-m\libc.a(lib_a-mprec.o)
                0x00005b5c                __multadd
 .text.__hi0bits
                0x00005be8       0x34 c:/program files (x86)/atmel/studio/7.0/toolchain/arm/arm-gnu-toolchain/bin/../lib/gcc/arm-none-eabi/6.3.1/../../../../arm-none-eabi/lib/thumb/v6-m\libc.a(lib_a-mprec.o)
                0x00005be8                __hi0bits
 .text.__lo0bits
                0x00005c1c       0x5c c:/program files (x86)/atmel/studio/7.0/toolchain/arm/arm-gnu-toolchain/bin/../lib/gcc/arm-none-eabi/6.3.1/../../../../arm-none-eabi/lib/thumb/v6-m\libc.a(lib_a-mprec.o)
                0x00005c1c                __lo0bits
 .text.__i2b    0x00005c78       0x14 c:/program files (x86)/atmel/studio/7.0/toolchain/arm/arm-gnu-toolchain/bin/../lib/gcc/arm-none-eabi/6.3.1/../../../../arm-none-eabi/lib/thumb/v6-m\libc.a(lib_a-mprec.o)
                0x00005c78                __i2b
 .text.__multiply
                0x00005c8c      0x154 c:/program files (x86)/atmel/studio/7.0/toolchain/arm/arm-gnu-toolchain/bin/../lib/gcc/arm-none-eabi/6.3.1/../../../../arm-none-eabi/lib/thumb/v6-m\libc.a(lib_a-mprec.o)
                0x00005c8c                __multiply
 .text.__pow5mult
                0x00005de0       0xc0 c:/program files (x86)/atmel/studio/7.0/toolchain/arm/arm-gnu-toolchain/bin/../lib/gcc/arm-none-eabi/6.3.1/../../../../arm-none-eabi/lib/thumb/v6-m\libc.a(lib_a-mprec.o)
                0x00005de0                __pow5mult
 .text.__lshift
                0x00005ea0       0xc0 c:/program files (x86)/atmel/studio/7.0/toolchain/arm/arm-gnu-toolchain/bin/../lib/gcc/arm-none-eabi/6.3.1/../../../../arm-none-eabi/lib/thumb/v6-m\libc.a(lib_a-mprec.o)
                0x00005ea0                __lshift
 .text.__mcmp   0x00005f60       0x34 c:/program files (x86)/atmel/studio/7.0/toolchain/arm/arm-gnu-toolchain/bin/../lib/gcc/arm-none-eabi/6.3.1/../../../../arm-none-eabi/lib/thumb/v6-m\libc.a(lib_a-mprec.o)
                0x00005f60                __mcmp
 .text.__mdiff  0x00005f94      0x138 c:/program files (x86)/atmel/studio/7.0/toolchain/arm/arm-gnu-toolchain/bin/../lib/gcc/arm-none-eabi/6.3.1/../../../../arm-none-eabi/lib/thumb/v6-m\libc.a(lib_a-mprec.o)
                0x00005f94                __mdiff
 .text.__d2b    0x000060cc       0xbc c:/program files (x86)/atmel/studio/7.0/toolchain/arm/arm-gnu-toolchain/bin/../lib/gcc/arm-none-eabi/6.3.1/../../../../arm-none-eabi/lib/thumb/v6-m\libc.a(lib_a-mprec.o)
                0x000060cc                __d2b
 .text._sbrk_r  0x00006188       0x24 c:/program files (x86)/atmel/studio/7.0/toolchain/arm/arm-gnu-toolchain/bin/../lib/gcc/arm-none-eabi/6.3.1/../../../../arm-none-eabi/lib/thumb/v6-m\libc.a(lib_a-sbrkr.o)
                0x00006188                _sbrk_r
 .text.__ssprint_r
                0x000061ac      0x120 c:/program files (x86)/atmel/studio/7.0/toolchain/arm/arm-gnu-toolchain/bin/../lib/gcc/arm-none-eabi/6.3.1/../../../../arm-none-eabi/lib/thumb/v6-m\libc.a(lib_a-svfiprintf.o)
                0x000061ac                __ssprint_r
 .text._calloc_r
                0x000062cc       0x58 c:/program files (x86)/atmel/studio/7.0/toolchain/arm/arm-gnu-toolchain/bin/../lib/gcc/arm-none-eabi/6.3.1/../../../../arm-none-eabi/lib/thumb/v6-m\libc.a(lib_a-callocr.o)
                0x000062cc                _calloc_r
 .text._malloc_trim_r
                0x00006324       0xa0 c:/program files (x86)/atmel/studio/7.0/toolchain/arm/arm-gnu-toolchain/bin/../lib/gcc/arm-none-eabi/6.3.1/../../../../arm-none-eabi/lib/thumb/v6-m\libc.a(lib_a-freer.o)
                0x00006324                _malloc_trim_r
 .text._free_r  0x000063c4      0x1bc c:/program files (x86)/atmel/studio/7.0/toolchain/arm/arm-gnu-toolchain/bin/../lib/gcc/arm-none-eabi/6.3.1/../../../../arm-none-eabi/lib/thumb/v6-m\libc.a(lib_a-freer.o)
                0x000063c4                _free_r
 .text.__ascii_mbtowc
                0x00006580       0x2c c:/program files (x86)/atmel/studio/7.0/toolchain/arm/arm-gnu-toolchain/bin/../lib/gcc/arm-none-eabi/6.3.1/../../../../arm-none-eabi/lib/thumb/v6-m\libc.a(lib_a-mbtowc_r.o)
                0x00006580                __ascii_mbtowc
 .text.memmove  0x000065ac       0xa0 c:/program files (x86)/atmel/studio/7.0/toolchain/arm/arm-gnu-toolchain/bin/../lib/gcc/arm-none-eabi/6.3.1/../../../../arm-none-eabi/lib/thumb/v6-m\libc.a(lib_a-memmove.o)
                0x000065ac                memmove
 .text._realloc_r
                0x0000664c      0x37c c:/program files (x86)/atmel/studio/7.0/toolchain/arm/arm-gnu-toolchain/bin/../lib/gcc/arm-none-eabi/6.3.1/../../../../arm-none-eabi/lib/thumb/v6-m\libc.a(lib_a-reallocr.o)
                0x0000664c                _realloc_r
 .text.__ascii_wctomb
                0x000069c8       0x1c c:/program files (x86)/atmel/studio/7.0/toolchain/arm/arm-gnu-toolchain/bin/../lib/gcc/arm-none-eabi/6.3.1/../../../../arm-none-eabi/lib/thumb/v6-m\libc.a(lib_a-wctomb_r.o)
                0x000069c8                __ascii_wctomb
 .text          0x000069e4       0x7c c:/program files (x86)/atmel/studio/7.0/toolchain/arm/arm-gnu-toolchain/bin/../lib/gcc/arm-none-eabi/6.3.1/thumb/v6-m\libgcc.a(_arm_cmpdf2.o)
                0x000069e4                __aeabi_cdrcmple
                0x000069f4                __aeabi_cdcmple
                0x000069f4                __aeabi_cdcmpeq
                0x00006a04                __aeabi_dcmpeq
                0x00006a10                __aeabi_dcmplt
                0x00006a24                __aeabi_dcmple
                0x00006a38                __aeabi_dcmpgt
                0x00006a4c                __aeabi_dcmpge
 .text          0x00006a60      0x620 c:/program files (x86)/atmel/studio/7.0/toolchain/arm/arm-gnu-toolchain/bin/../lib/gcc/arm-none-eabi/6.3.1/thumb/v6-m\libgcc.a(adddf3.o)
                0x00006a60                __aeabi_dadd
 .text          0x00007080      0x668 c:/program files (x86)/atmel/studio/7.0/toolchain/arm/arm-gnu-toolchain/bin/../lib/gcc/arm-none-eabi/6.3.1/thumb/v6-m\libgcc.a(divdf3.o)
                0x00007080                __aeabi_ddiv
 .text          0x000076e8       0x74 c:/program files (x86)/atmel/studio/7.0/toolchain/arm/arm-gnu-toolchain/bin/../lib/gcc/arm-none-eabi/6.3.1/thumb/v6-m\libgcc.a(eqdf2.o)
                0x000076e8                __nedf2
                0x000076e8                __eqdf2
 .text          0x0000775c       0xc8 c:/program files (x86)/atmel/studio/7.0/toolchain/arm/arm-gnu-toolchain/bin/../lib/gcc/arm-none-eabi/6.3.1/thumb/v6-m\libgcc.a(gedf2.o)
                0x0000775c                __gedf2
                0x0000775c                __gtdf2
 .text          0x00007824       0xc4 c:/program files (x86)/atmel/studio/7.0/toolchain/arm/arm-gnu-toolchain/bin/../lib/gcc/arm-none-eabi/6.3.1/thumb/v6-m\libgcc.a(ledf2.o)
                0x00007824                __ledf2
                0x00007824                __ltdf2
 .text          0x000078e8      0x62c c:/program files (x86)/atmel/studio/7.0/toolchain/arm/arm-gnu-toolchain/bin/../lib/gcc/arm-none-eabi/6.3.1/thumb/v6-m\libgcc.a(subdf3.o)
                0x000078e8                __aeabi_dsub
 .text          0x00007f14       0x40 c:/program files (x86)/atmel/studio/7.0/toolchain/arm/arm-gnu-toolchain/bin/../lib/gcc/arm-none-eabi/6.3.1/thumb/v6-m\libgcc.a(unorddf2.o)
                0x00007f14                __aeabi_dcmpun
 .text          0x00007f54       0x68 c:/program files (x86)/atmel/studio/7.0/toolchain/arm/arm-gnu-toolchain/bin/../lib/gcc/arm-none-eabi/6.3.1/thumb/v6-m\libgcc.a(fixdfsi.o)
                0x00007f54                __aeabi_d2iz
 .text          0x00007fbc       0x70 c:/program files (x86)/atmel/studio/7.0/toolchain/arm/arm-gnu-toolchain/bin/../lib/gcc/arm-none-eabi/6.3.1/thumb/v6-m\libgcc.a(floatunsidf.o)
                0x00007fbc                __aeabi_ui2d
 *(.glue_7t)
 .glue_7t       0x0000802c        0x0 linker stubs
 *(.glue_7)
 .glue_7        0x0000802c        0x0 linker stubs
 *(.rodata .rodata* .gnu.linkonce.r.*)
 .rodata        0x0000802c       0x18 src/ASF/sam0/drivers/sercom/sercom.o
 .rodata.debug_rx_cb.str1.4
                0x00008044        0x3 src/drivers/p_usart.o
 *fill*         0x00008047        0x1 
 .rodata.pusart_init.str1.4
                0x00008048       0x13 src/drivers/p_usart.o
 *fill*         0x0000805b        0x1 
 .rodata.system_clock_source_get_hz
                0x0000805c       0x24 src/ASF/sam0/drivers/system/clock/clock_samd21_r21_da_ha1/clock.o
 .rodata.system_clock_source_enable
                0x00008080       0x24 src/ASF/sam0/drivers/system/clock/clock_samd21_r21_da_ha1/clock.o
 .rodata.main.str1.4
                0x000080a4       0x18 src/main.o
 .rodata        0x000080bc       0x40 c:/program files (x86)/atmel/studio/7.0/toolchain/arm/arm-gnu-toolchain/bin/../lib/gcc/arm-none-eabi/6.3.1/thumb/v6-m\libgcc.a(muldf3.o)
 .rodata._global_impure_ptr
                0x000080fc        0x4 c:/program files (x86)/atmel/studio/7.0/toolchain/arm/arm-gnu-toolchain/bin/../lib/gcc/arm-none-eabi/6.3.1/../../../../arm-none-eabi/lib/thumb/v6-m\libc.a(lib_a-impure.o)
                0x000080fc                _global_impure_ptr
 .rodata._svfprintf_r
                0x00008100      0x164 c:/program files (x86)/atmel/studio/7.0/toolchain/arm/arm-gnu-toolchain/bin/../lib/gcc/arm-none-eabi/6.3.1/../../../../arm-none-eabi/lib/thumb/v6-m\libc.a(lib_a-svfprintf.o)
 .rodata._svfprintf_r.str1.4
                0x00008264       0x42 c:/program files (x86)/atmel/studio/7.0/toolchain/arm/arm-gnu-toolchain/bin/../lib/gcc/arm-none-eabi/6.3.1/../../../../arm-none-eabi/lib/thumb/v6-m\libc.a(lib_a-svfprintf.o)
 *fill*         0x000082a6        0x2 
 .rodata.blanks.7223
                0x000082a8       0x10 c:/program files (x86)/atmel/studio/7.0/toolchain/arm/arm-gnu-toolchain/bin/../lib/gcc/arm-none-eabi/6.3.1/../../../../arm-none-eabi/lib/thumb/v6-m\libc.a(lib_a-svfprintf.o)
 .rodata.zeroes.7224
                0x000082b8       0x10 c:/program files (x86)/atmel/studio/7.0/toolchain/arm/arm-gnu-toolchain/bin/../lib/gcc/arm-none-eabi/6.3.1/../../../../arm-none-eabi/lib/thumb/v6-m\libc.a(lib_a-svfprintf.o)
 .rodata._dtoa_r.str1.4
                0x000082c8       0x10 c:/program files (x86)/atmel/studio/7.0/toolchain/arm/arm-gnu-toolchain/bin/../lib/gcc/arm-none-eabi/6.3.1/../../../../arm-none-eabi/lib/thumb/v6-m\libc.a(lib_a-dtoa.o)
                                 0x12 (size before relaxing)
 .rodata.__mprec_bigtens
                0x000082d8       0x28 c:/program files (x86)/atmel/studio/7.0/toolchain/arm/arm-gnu-toolchain/bin/../lib/gcc/arm-none-eabi/6.3.1/../../../../arm-none-eabi/lib/thumb/v6-m\libc.a(lib_a-mprec.o)
                0x000082d8                __mprec_bigtens
 .rodata.__mprec_tens
                0x00008300       0xc8 c:/program files (x86)/atmel/studio/7.0/toolchain/arm/arm-gnu-toolchain/bin/../lib/gcc/arm-none-eabi/6.3.1/../../../../arm-none-eabi/lib/thumb/v6-m\libc.a(lib_a-mprec.o)
                0x00008300                __mprec_tens
 .rodata.p05.6055
                0x000083c8        0xc c:/program files (x86)/atmel/studio/7.0/toolchain/arm/arm-gnu-toolchain/bin/../lib/gcc/arm-none-eabi/6.3.1/../../../../arm-none-eabi/lib/thumb/v6-m\libc.a(lib_a-mprec.o)
 .rodata._setlocale_r.str1.4
                0x000083d4        0xa c:/program files (x86)/atmel/studio/7.0/toolchain/arm/arm-gnu-toolchain/bin/../lib/gcc/arm-none-eabi/6.3.1/../../../../arm-none-eabi/lib/thumb/v6-m\libc.a(lib_a-locale.o)
                                  0xd (size before relaxing)
 *fill*         0x000083de        0x2 
 .rodata.str1.4
                0x000083e0        0x4 c:/program files (x86)/atmel/studio/7.0/toolchain/arm/arm-gnu-toolchain/bin/../lib/gcc/arm-none-eabi/6.3.1/../../../../arm-none-eabi/lib/thumb/v6-m\libc.a(lib_a-locale.o)
                                  0x2 (size before relaxing)
 .rodata._ctype_
                0x000083e4      0x101 c:/program files (x86)/atmel/studio/7.0/toolchain/arm/arm-gnu-toolchain/bin/../lib/gcc/arm-none-eabi/6.3.1/../../../../arm-none-eabi/lib/thumb/v6-m\libc.a(lib_a-ctype_.o)
                0x000083e4                _ctype_
 *fill*         0x000084e5        0x3 
 .rodata        0x000084e8       0x40 c:/program files (x86)/atmel/studio/7.0/toolchain/arm/arm-gnu-toolchain/bin/../lib/gcc/arm-none-eabi/6.3.1/thumb/v6-m\libgcc.a(divdf3.o)
 *(.ARM.extab* .gnu.linkonce.armextab.*)
                0x00008528                . = ALIGN (0x4)
 *(.init)
 .init          0x00008528        0x4 c:/program files (x86)/atmel/studio/7.0/toolchain/arm/arm-gnu-toolchain/bin/../lib/gcc/arm-none-eabi/6.3.1/thumb/v6-m/crti.o
                0x00008528                _init
 .init          0x0000852c        0x8 c:/program files (x86)/atmel/studio/7.0/toolchain/arm/arm-gnu-toolchain/bin/../lib/gcc/arm-none-eabi/6.3.1/thumb/v6-m/crtn.o
                0x00008534                . = ALIGN (0x4)
                0x00008534                __preinit_array_start = .
 *(.preinit_array)
                0x00008534                __preinit_array_end = .
                0x00008534                . = ALIGN (0x4)
                0x00008534                __init_array_start = .
 *(SORT(.init_array.*))
 .init_array.00000
                0x00008534        0x4 c:/program files (x86)/atmel/studio/7.0/toolchain/arm/arm-gnu-toolchain/bin/../lib/gcc/arm-none-eabi/6.3.1/../../../../arm-none-eabi/lib/thumb/v6-m\libc.a(lib_a-__call_atexit.o)
 *(.init_array)
 .init_array    0x00008538        0x4 c:/program files (x86)/atmel/studio/7.0/toolchain/arm/arm-gnu-toolchain/bin/../lib/gcc/arm-none-eabi/6.3.1/thumb/v6-m/crtbegin.o
                0x0000853c                __init_array_end = .
                0x0000853c                . = ALIGN (0x4)
 *crtbegin.o(.ctors)
 *(EXCLUDE_FILE(*crtend.o) .ctors)
 *(SORT(.ctors.*))
 *crtend.o(.ctors)
                0x0000853c                . = ALIGN (0x4)
 *(.fini)
 .fini          0x0000853c        0x4 c:/program files (x86)/atmel/studio/7.0/toolchain/arm/arm-gnu-toolchain/bin/../lib/gcc/arm-none-eabi/6.3.1/thumb/v6-m/crti.o
                0x0000853c                _fini
 .fini          0x00008540        0x8 c:/program files (x86)/atmel/studio/7.0/toolchain/arm/arm-gnu-toolchain/bin/../lib/gcc/arm-none-eabi/6.3.1/thumb/v6-m/crtn.o
                0x00008548                . = ALIGN (0x4)
                0x00008548                __fini_array_start = .
 *(.fini_array)
 .fini_array    0x00008548        0x4 c:/program files (x86)/atmel/studio/7.0/toolchain/arm/arm-gnu-toolchain/bin/../lib/gcc/arm-none-eabi/6.3.1/thumb/v6-m/crtbegin.o
 *(SORT(.fini_array.*))
                0x0000854c                __fini_array_end = .
 *crtbegin.o(.dtors)
 *(EXCLUDE_FILE(*crtend.o) .dtors)
 *(SORT(.dtors.*))
 *crtend.o(.dtors)
                0x0000854c                . = ALIGN (0x4)
                0x0000854c                _efixed = .
                [!provide]                PROVIDE (__exidx_start, .)

.vfp11_veneer   0x0000854c        0x0
 .vfp11_veneer  0x0000854c        0x0 linker stubs

.v4_bx          0x0000854c        0x0
 .v4_bx         0x0000854c        0x0 linker stubs

.iplt           0x0000854c        0x0
 .iplt          0x0000854c        0x0 c:/program files (x86)/atmel/studio/7.0/toolchain/arm/arm-gnu-toolchain/bin/../lib/gcc/arm-none-eabi/6.3.1/thumb/v6-m/crtbegin.o

.ARM.exidx      0x0000854c        0x8
 *(.ARM.exidx* .gnu.linkonce.armexidx.*)
 .ARM.exidx     0x0000854c        0x8 c:/program files (x86)/atmel/studio/7.0/toolchain/arm/arm-gnu-toolchain/bin/../lib/gcc/arm-none-eabi/6.3.1/thumb/v6-m\libgcc.a(_udivmoddi4.o)
                [!provide]                PROVIDE (__exidx_end, .)

.eh_frame       0x00008554        0x0
 .eh_frame      0x00008554        0x0 c:/program files (x86)/atmel/studio/7.0/toolchain/arm/arm-gnu-toolchain/bin/../lib/gcc/arm-none-eabi/6.3.1/thumb/v6-m/crtbegin.o

.rel.dyn        0x00008554        0x0
 .rel.iplt      0x00008554        0x0 c:/program files (x86)/atmel/studio/7.0/toolchain/arm/arm-gnu-toolchain/bin/../lib/gcc/arm-none-eabi/6.3.1/thumb/v6-m/crtbegin.o

.jcr            0x00008554        0x0
 .jcr           0x00008554        0x0 c:/program files (x86)/atmel/studio/7.0/toolchain/arm/arm-gnu-toolchain/bin/../lib/gcc/arm-none-eabi/6.3.1/thumb/v6-m/crtbegin.o

.igot.plt       0x00008554        0x0
 .igot.plt      0x00008554        0x0 c:/program files (x86)/atmel/studio/7.0/toolchain/arm/arm-gnu-toolchain/bin/../lib/gcc/arm-none-eabi/6.3.1/thumb/v6-m/crtbegin.o
                0x00008554                . = ALIGN (0x4)
                0x00008554                _etext = .

.relocate       0x20000000      0x9c0 load address 0x00008554
                0x20000000                . = ALIGN (0x4)
                0x20000000                _srelocate = .
 *(.ramfunc .ramfunc.*)
 .ramfunc       0x20000000        0xc src/ASF/common2/services/delay/sam0/cycle_counter.o
                0x20000000                portable_delay_cycles
 *(.data .data.*)
 .data.g_interrupt_enabled
                0x2000000c        0x1 src/ASF/common/utils/interrupt/interrupt_sam_nvic.o
                0x2000000c                g_interrupt_enabled
 *fill*         0x2000000d        0x3 
 .data._impure_ptr
                0x20000010        0x4 c:/program files (x86)/atmel/studio/7.0/toolchain/arm/arm-gnu-toolchain/bin/../lib/gcc/arm-none-eabi/6.3.1/../../../../arm-none-eabi/lib/thumb/v6-m\libc.a(lib_a-impure.o)
                0x20000010                _impure_ptr
 *fill*         0x20000014        0x4 
 .data.impure_data
                0x20000018      0x428 c:/program files (x86)/atmel/studio/7.0/toolchain/arm/arm-gnu-toolchain/bin/../lib/gcc/arm-none-eabi/6.3.1/../../../../arm-none-eabi/lib/thumb/v6-m\libc.a(lib_a-impure.o)
 .data.__atexit_recursive_mutex
                0x20000440        0x4 c:/program files (x86)/atmel/studio/7.0/toolchain/arm/arm-gnu-toolchain/bin/../lib/gcc/arm-none-eabi/6.3.1/../../../../arm-none-eabi/lib/thumb/v6-m\libc.a(lib_a-__call_atexit.o)
                0x20000440                __atexit_recursive_mutex
 .data.__malloc_av_
                0x20000444      0x408 c:/program files (x86)/atmel/studio/7.0/toolchain/arm/arm-gnu-toolchain/bin/../lib/gcc/arm-none-eabi/6.3.1/../../../../arm-none-eabi/lib/thumb/v6-m\libc.a(lib_a-mallocr.o)
                0x20000444                __malloc_av_
 .data.__malloc_sbrk_base
                0x2000084c        0x4 c:/program files (x86)/atmel/studio/7.0/toolchain/arm/arm-gnu-toolchain/bin/../lib/gcc/arm-none-eabi/6.3.1/../../../../arm-none-eabi/lib/thumb/v6-m\libc.a(lib_a-mallocr.o)
                0x2000084c                __malloc_sbrk_base
 .data.__malloc_trim_threshold
                0x20000850        0x4 c:/program files (x86)/atmel/studio/7.0/toolchain/arm/arm-gnu-toolchain/bin/../lib/gcc/arm-none-eabi/6.3.1/../../../../arm-none-eabi/lib/thumb/v6-m\libc.a(lib_a-mallocr.o)
                0x20000850                __malloc_trim_threshold
 .data.__global_locale
                0x20000854      0x16c c:/program files (x86)/atmel/studio/7.0/toolchain/arm/arm-gnu-toolchain/bin/../lib/gcc/arm-none-eabi/6.3.1/../../../../arm-none-eabi/lib/thumb/v6-m\libc.a(lib_a-locale.o)
                0x20000854                __global_locale
                0x200009c0                . = ALIGN (0x4)
                0x200009c0                _erelocate = .

.bss            0x200009c0      0x258 load address 0x00008f14
                0x200009c0                . = ALIGN (0x4)
                0x200009c0                _sbss = .
                0x200009c0                _szero = .
 *(.bss .bss.*)
 .bss           0x200009c0       0x1c c:/program files (x86)/atmel/studio/7.0/toolchain/arm/arm-gnu-toolchain/bin/../lib/gcc/arm-none-eabi/6.3.1/thumb/v6-m/crtbegin.o
 .bss._sercom_config
                0x200009dc        0x2 src/ASF/sam0/drivers/sercom/sercom.o
 .bss._handler_table_initialized
                0x200009de        0x1 src/ASF/sam0/drivers/sercom/sercom_interrupt.o
 *fill*         0x200009df        0x1 
 .bss._sercom_interrupt_handlers
                0x200009e0       0x18 src/ASF/sam0/drivers/sercom/sercom_interrupt.o
 .bss.cpu_irq_critical_section_counter
                0x200009f8        0x4 src/ASF/common/utils/interrupt/interrupt_sam_nvic.o
 .bss.cpu_irq_prev_interrupt_state
                0x200009fc        0x1 src/ASF/common/utils/interrupt/interrupt_sam_nvic.o
 *fill*         0x200009fd        0x3 
 .bss._system_clock_inst
                0x20000a00       0x18 src/ASF/sam0/drivers/system/clock/clock_samd21_r21_da_ha1/clock.o
 .bss.heap.5296
                0x20000a18        0x4 src/ASF/sam0/utils/syscalls/gcc/syscalls.o
 .bss.__malloc_current_mallinfo
                0x20000a1c       0x28 c:/program files (x86)/atmel/studio/7.0/toolchain/arm/arm-gnu-toolchain/bin/../lib/gcc/arm-none-eabi/6.3.1/../../../../arm-none-eabi/lib/thumb/v6-m\libc.a(lib_a-mallocr.o)
                0x20000a1c                __malloc_current_mallinfo
 .bss.__malloc_max_sbrked_mem
                0x20000a44        0x4 c:/program files (x86)/atmel/studio/7.0/toolchain/arm/arm-gnu-toolchain/bin/../lib/gcc/arm-none-eabi/6.3.1/../../../../arm-none-eabi/lib/thumb/v6-m\libc.a(lib_a-mallocr.o)
                0x20000a44                __malloc_max_sbrked_mem
 .bss.__malloc_max_total_mem
                0x20000a48        0x4 c:/program files (x86)/atmel/studio/7.0/toolchain/arm/arm-gnu-toolchain/bin/../lib/gcc/arm-none-eabi/6.3.1/../../../../arm-none-eabi/lib/thumb/v6-m\libc.a(lib_a-mallocr.o)
                0x20000a48                __malloc_max_total_mem
 .bss.__malloc_top_pad
                0x20000a4c        0x4 c:/program files (x86)/atmel/studio/7.0/toolchain/arm/arm-gnu-toolchain/bin/../lib/gcc/arm-none-eabi/6.3.1/../../../../arm-none-eabi/lib/thumb/v6-m\libc.a(lib_a-mallocr.o)
                0x20000a4c                __malloc_top_pad
 *(COMMON)
 COMMON         0x20000a50        0x4 src/ASF/sam0/drivers/rtc/rtc_sam_d_r_h/rtc_calendar.o
                0x20000a50                _rtc_instance
 COMMON         0x20000a54       0x18 src/ASF/sam0/drivers/sercom/sercom_interrupt.o
                0x20000a54                _sercom_instances
 COMMON         0x20000a6c        0x2 src/ASF/sam0/drivers/sercom/spi/spi_interrupt.o
                0x20000a6c                dummy_write
 *fill*         0x20000a6e        0x2 
 COMMON         0x20000a70       0x70 src/drivers/p_spi.o
                0x20000a70                spi_sercom1_mod
                0x20000aac                debug_mod
 COMMON         0x20000ae0      0x101 src/drivers/p_usart.o
                0x20000ae0                pprint_buffer
                0x20000be0                debug_buffer
 *fill*         0x20000be1        0x3 
 COMMON         0x20000be4        0xa src/main.o
                0x20000be4                tempbuf
 *fill*         0x20000bee        0x2 
 COMMON         0x20000bf0       0x21 c:/program files (x86)/atmel/studio/7.0/toolchain/arm/arm-gnu-toolchain/bin/../lib/gcc/arm-none-eabi/6.3.1/../../../../arm-none-eabi/lib/thumb/v6-m\libc.a(lib_a-lock.o)
                0x20000bf0                __lock___atexit_recursive_mutex
                0x20000bf4                __lock___arc4random_mutex
                0x20000bf8                __lock___env_recursive_mutex
                0x20000bfc                __lock___sinit_recursive_mutex
                0x20000c00                __lock___malloc_recursive_mutex
                0x20000c04                __lock___at_quick_exit_mutex
                0x20000c08                __lock___dd_hash_mutex
                0x20000c0c                __lock___tz_mutex
                0x20000c10                __lock___sfp_recursive_mutex
 *fill*         0x20000c11        0x3 
 COMMON         0x20000c14        0x4 c:/program files (x86)/atmel/studio/7.0/toolchain/arm/arm-gnu-toolchain/bin/../lib/gcc/arm-none-eabi/6.3.1/../../../../arm-none-eabi/lib/thumb/v6-m\libc.a(lib_a-reent.o)
                0x20000c14                errno
                0x20000c18                . = ALIGN (0x4)
                0x20000c18                _ebss = .
                0x20000c18                _ezero = .

.stack          0x20000c18     0x2000 load address 0x0000916c
                0x20000c18                . = ALIGN (0x8)
                0x20000c18                _sstack = .
                0x20002c18                . = (. + STACK_SIZE)
 *fill*         0x20000c18     0x2000 
                0x20002c18                . = ALIGN (0x8)
                0x20002c18                _estack = .
                0x20002c18                . = ALIGN (0x4)
                0x20002c18                _end = .
OUTPUT(MARP_THERMOCOUPLE_TESTING_12_15_18.elf elf32-littlearm)

.ARM.attributes
                0x00000000       0x28
 .ARM.attributes
                0x00000000       0x1e c:/program files (x86)/atmel/studio/7.0/toolchain/arm/arm-gnu-toolchain/bin/../lib/gcc/arm-none-eabi/6.3.1/thumb/v6-m/crti.o
 .ARM.attributes
                0x0000001e       0x2c c:/program files (x86)/atmel/studio/7.0/toolchain/arm/arm-gnu-toolchain/bin/../lib/gcc/arm-none-eabi/6.3.1/thumb/v6-m/crtbegin.o
 .ARM.attributes
                0x0000004a       0x32 src/ASF/common2/services/delay/sam0/cycle_counter.o
 .ARM.attributes
                0x0000007c       0x32 src/ASF/sam0/drivers/rtc/rtc_sam_d_r_h/rtc_calendar.o
 .ARM.attributes
                0x000000ae       0x32 src/ASF/sam0/drivers/rtc/rtc_sam_d_r_h/rtc_calendar_interrupt.o
 .ARM.attributes
                0x000000e0       0x32 src/ASF/sam0/drivers/sercom/sercom.o
 .ARM.attributes
                0x00000112       0x32 src/ASF/sam0/drivers/sercom/sercom_interrupt.o
 .ARM.attributes
                0x00000144       0x32 src/ASF/sam0/drivers/sercom/spi/spi.o
 .ARM.attributes
                0x00000176       0x32 src/ASF/sam0/drivers/sercom/spi/spi_interrupt.o
 .ARM.attributes
                0x000001a8       0x32 src/ASF/sam0/drivers/sercom/usart/usart.o
 .ARM.attributes
                0x000001da       0x32 src/ASF/sam0/drivers/sercom/usart/usart_interrupt.o
 .ARM.attributes
                0x0000020c       0x32 src/drivers/p_spi.o
 .ARM.attributes
                0x0000023e       0x32 src/drivers/p_usart.o
 .ARM.attributes
                0x00000270       0x32 src/ASF/common/utils/interrupt/interrupt_sam_nvic.o
 .ARM.attributes
                0x000002a2       0x32 src/ASF/sam0/boards/samd21_xplained_pro/board_init.o
 .ARM.attributes
                0x000002d4       0x32 src/ASF/sam0/drivers/port/port.o
 .ARM.attributes
                0x00000306       0x32 src/ASF/sam0/drivers/system/clock/clock_samd21_r21_da_ha1/clock.o
 .ARM.attributes
                0x00000338       0x32 src/ASF/sam0/drivers/system/clock/clock_samd21_r21_da_ha1/gclk.o
 .ARM.attributes
                0x0000036a       0x32 src/ASF/sam0/drivers/system/pinmux/pinmux.o
 .ARM.attributes
                0x0000039c       0x32 src/ASF/sam0/drivers/system/system.o
 .ARM.attributes
                0x000003ce       0x32 src/ASF/sam0/utils/cmsis/samd21/source/gcc/startup_samd21.o
 .ARM.attributes
                0x00000400       0x32 src/ASF/sam0/utils/syscalls/gcc/syscalls.o
 .ARM.attributes
                0x00000432       0x32 src/main.o
 .ARM.attributes
                0x00000464       0x1e c:/program files (x86)/atmel/studio/7.0/toolchain/arm/arm-gnu-toolchain/bin/../lib/gcc/arm-none-eabi/6.3.1/thumb/v6-m\libgcc.a(_udivsi3.o)
 .ARM.attributes
                0x00000482       0x1e c:/program files (x86)/atmel/studio/7.0/toolchain/arm/arm-gnu-toolchain/bin/../lib/gcc/arm-none-eabi/6.3.1/thumb/v6-m\libgcc.a(_divsi3.o)
 .ARM.attributes
                0x000004a0       0x1e c:/program files (x86)/atmel/studio/7.0/toolchain/arm/arm-gnu-toolchain/bin/../lib/gcc/arm-none-eabi/6.3.1/thumb/v6-m\libgcc.a(_dvmd_tls.o)
 .ARM.attributes
                0x000004be       0x1e c:/program files (x86)/atmel/studio/7.0/toolchain/arm/arm-gnu-toolchain/bin/../lib/gcc/arm-none-eabi/6.3.1/thumb/v6-m\libgcc.a(_aeabi_uldivmod.o)
 .ARM.attributes
                0x000004dc       0x2c c:/program files (x86)/atmel/studio/7.0/toolchain/arm/arm-gnu-toolchain/bin/../lib/gcc/arm-none-eabi/6.3.1/thumb/v6-m\libgcc.a(_muldi3.o)
 .ARM.attributes
                0x00000508       0x2c c:/program files (x86)/atmel/studio/7.0/toolchain/arm/arm-gnu-toolchain/bin/../lib/gcc/arm-none-eabi/6.3.1/thumb/v6-m\libgcc.a(_udivmoddi4.o)
 .ARM.attributes
                0x00000534       0x2c c:/program files (x86)/atmel/studio/7.0/toolchain/arm/arm-gnu-toolchain/bin/../lib/gcc/arm-none-eabi/6.3.1/thumb/v6-m\libgcc.a(muldf3.o)
 .ARM.attributes
                0x00000560       0x2c c:/program files (x86)/atmel/studio/7.0/toolchain/arm/arm-gnu-toolchain/bin/../lib/gcc/arm-none-eabi/6.3.1/thumb/v6-m\libgcc.a(floatsidf.o)
 .ARM.attributes
                0x0000058c       0x2c c:/program files (x86)/atmel/studio/7.0/toolchain/arm/arm-gnu-toolchain/bin/../lib/gcc/arm-none-eabi/6.3.1/thumb/v6-m\libgcc.a(extendsfdf2.o)
 .ARM.attributes
                0x000005b8       0x2c c:/program files (x86)/atmel/studio/7.0/toolchain/arm/arm-gnu-toolchain/bin/../lib/gcc/arm-none-eabi/6.3.1/thumb/v6-m\libgcc.a(truncdfsf2.o)
 .ARM.attributes
                0x000005e4       0x1e c:/program files (x86)/atmel/studio/7.0/toolchain/arm/arm-gnu-toolchain/bin/../lib/gcc/arm-none-eabi/6.3.1/thumb/v6-m\libgcc.a(_clzsi2.o)
 .ARM.attributes
                0x00000602       0x1e c:/program files (x86)/atmel/studio/7.0/toolchain/arm/arm-gnu-toolchain/bin/../lib/gcc/arm-none-eabi/6.3.1/thumb/v6-m\libgcc.a(_clzdi2.o)
 .ARM.attributes
                0x00000620       0x2c c:/program files (x86)/atmel/studio/7.0/toolchain/arm/arm-gnu-toolchain/bin/../lib/gcc/arm-none-eabi/6.3.1/../../../../arm-none-eabi/lib/thumb/v6-m\libc.a(lib_a-impure.o)
 .ARM.attributes
                0x0000064c       0x2c c:/program files (x86)/atmel/studio/7.0/toolchain/arm/arm-gnu-toolchain/bin/../lib/gcc/arm-none-eabi/6.3.1/../../../../arm-none-eabi/lib/thumb/v6-m\libc.a(lib_a-init.o)
 .ARM.attributes
                0x00000678       0x2c c:/program files (x86)/atmel/studio/7.0/toolchain/arm/arm-gnu-toolchain/bin/../lib/gcc/arm-none-eabi/6.3.1/../../../../arm-none-eabi/lib/thumb/v6-m\libc.a(lib_a-memset.o)
 .ARM.attributes
                0x000006a4       0x2c c:/program files (x86)/atmel/studio/7.0/toolchain/arm/arm-gnu-toolchain/bin/../lib/gcc/arm-none-eabi/6.3.1/../../../../arm-none-eabi/lib/thumb/v6-m\libc.a(lib_a-strlen-stub.o)
 .ARM.attributes
                0x000006d0       0x2c c:/program files (x86)/atmel/studio/7.0/toolchain/arm/arm-gnu-toolchain/bin/../lib/gcc/arm-none-eabi/6.3.1/../../../../arm-none-eabi/lib/thumb/v6-m\libc.a(lib_a-vsprintf.o)
 .ARM.attributes
                0x000006fc       0x2c c:/program files (x86)/atmel/studio/7.0/toolchain/arm/arm-gnu-toolchain/bin/../lib/gcc/arm-none-eabi/6.3.1/../../../../arm-none-eabi/lib/thumb/v6-m\libc.a(lib_a-__call_atexit.o)
 .ARM.attributes
                0x00000728       0x2c c:/program files (x86)/atmel/studio/7.0/toolchain/arm/arm-gnu-toolchain/bin/../lib/gcc/arm-none-eabi/6.3.1/../../../../arm-none-eabi/lib/thumb/v6-m\libc.a(lib_a-atexit.o)
 .ARM.attributes
                0x00000754       0x2c c:/program files (x86)/atmel/studio/7.0/toolchain/arm/arm-gnu-toolchain/bin/../lib/gcc/arm-none-eabi/6.3.1/../../../../arm-none-eabi/lib/thumb/v6-m\libc.a(lib_a-fini.o)
 .ARM.attributes
                0x00000780       0x2c c:/program files (x86)/atmel/studio/7.0/toolchain/arm/arm-gnu-toolchain/bin/../lib/gcc/arm-none-eabi/6.3.1/../../../../arm-none-eabi/lib/thumb/v6-m\libc.a(lib_a-lock.o)
 .ARM.attributes
                0x000007ac       0x2c c:/program files (x86)/atmel/studio/7.0/toolchain/arm/arm-gnu-toolchain/bin/../lib/gcc/arm-none-eabi/6.3.1/../../../../arm-none-eabi/lib/thumb/v6-m\libc.a(lib_a-svfprintf.o)
 .ARM.attributes
                0x000007d8       0x2c c:/program files (x86)/atmel/studio/7.0/toolchain/arm/arm-gnu-toolchain/bin/../lib/gcc/arm-none-eabi/6.3.1/../../../../arm-none-eabi/lib/thumb/v6-m\libc.a(lib_a-__atexit.o)
 .ARM.attributes
                0x00000804       0x2c c:/program files (x86)/atmel/studio/7.0/toolchain/arm/arm-gnu-toolchain/bin/../lib/gcc/arm-none-eabi/6.3.1/../../../../arm-none-eabi/lib/thumb/v6-m\libc.a(lib_a-dtoa.o)
 .ARM.attributes
                0x00000830       0x2c c:/program files (x86)/atmel/studio/7.0/toolchain/arm/arm-gnu-toolchain/bin/../lib/gcc/arm-none-eabi/6.3.1/../../../../arm-none-eabi/lib/thumb/v6-m\libc.a(lib_a-localeconv.o)
 .ARM.attributes
                0x0000085c       0x2c c:/program files (x86)/atmel/studio/7.0/toolchain/arm/arm-gnu-toolchain/bin/../lib/gcc/arm-none-eabi/6.3.1/../../../../arm-none-eabi/lib/thumb/v6-m\libc.a(lib_a-mallocr.o)
 .ARM.attributes
                0x00000888       0x2c c:/program files (x86)/atmel/studio/7.0/toolchain/arm/arm-gnu-toolchain/bin/../lib/gcc/arm-none-eabi/6.3.1/../../../../arm-none-eabi/lib/thumb/v6-m\libc.a(lib_a-memchr-stub.o)
 .ARM.attributes
                0x000008b4       0x2c c:/program files (x86)/atmel/studio/7.0/toolchain/arm/arm-gnu-toolchain/bin/../lib/gcc/arm-none-eabi/6.3.1/../../../../arm-none-eabi/lib/thumb/v6-m\libc.a(lib_a-memcpy-stub.o)
 .ARM.attributes
                0x000008e0       0x2c c:/program files (x86)/atmel/studio/7.0/toolchain/arm/arm-gnu-toolchain/bin/../lib/gcc/arm-none-eabi/6.3.1/../../../../arm-none-eabi/lib/thumb/v6-m\libc.a(lib_a-mlock.o)
 .ARM.attributes
                0x0000090c       0x2c c:/program files (x86)/atmel/studio/7.0/toolchain/arm/arm-gnu-toolchain/bin/../lib/gcc/arm-none-eabi/6.3.1/../../../../arm-none-eabi/lib/thumb/v6-m\libc.a(lib_a-mprec.o)
 .ARM.attributes
                0x00000938       0x2c c:/program files (x86)/atmel/studio/7.0/toolchain/arm/arm-gnu-toolchain/bin/../lib/gcc/arm-none-eabi/6.3.1/../../../../arm-none-eabi/lib/thumb/v6-m\libc.a(lib_a-sbrkr.o)
 .ARM.attributes
                0x00000964       0x2c c:/program files (x86)/atmel/studio/7.0/toolchain/arm/arm-gnu-toolchain/bin/../lib/gcc/arm-none-eabi/6.3.1/../../../../arm-none-eabi/lib/thumb/v6-m\libc.a(lib_a-svfiprintf.o)
 .ARM.attributes
                0x00000990       0x2c c:/program files (x86)/atmel/studio/7.0/toolchain/arm/arm-gnu-toolchain/bin/../lib/gcc/arm-none-eabi/6.3.1/../../../../arm-none-eabi/lib/thumb/v6-m\libc.a(lib_a-callocr.o)
 .ARM.attributes
                0x000009bc       0x2c c:/program files (x86)/atmel/studio/7.0/toolchain/arm/arm-gnu-toolchain/bin/../lib/gcc/arm-none-eabi/6.3.1/../../../../arm-none-eabi/lib/thumb/v6-m\libc.a(lib_a-freer.o)
 .ARM.attributes
                0x000009e8       0x2c c:/program files (x86)/atmel/studio/7.0/toolchain/arm/arm-gnu-toolchain/bin/../lib/gcc/arm-none-eabi/6.3.1/../../../../arm-none-eabi/lib/thumb/v6-m\libc.a(lib_a-locale.o)
 .ARM.attributes
                0x00000a14       0x2c c:/program files (x86)/atmel/studio/7.0/toolchain/arm/arm-gnu-toolchain/bin/../lib/gcc/arm-none-eabi/6.3.1/../../../../arm-none-eabi/lib/thumb/v6-m\libc.a(lib_a-mbtowc_r.o)
 .ARM.attributes
                0x00000a40       0x2c c:/program files (x86)/atmel/studio/7.0/toolchain/arm/arm-gnu-toolchain/bin/../lib/gcc/arm-none-eabi/6.3.1/../../../../arm-none-eabi/lib/thumb/v6-m\libc.a(lib_a-memmove.o)
 .ARM.attributes
                0x00000a6c       0x2c c:/program files (x86)/atmel/studio/7.0/toolchain/arm/arm-gnu-toolchain/bin/../lib/gcc/arm-none-eabi/6.3.1/../../../../arm-none-eabi/lib/thumb/v6-m\libc.a(lib_a-reallocr.o)
 .ARM.attributes
                0x00000a98       0x2c c:/program files (x86)/atmel/studio/7.0/toolchain/arm/arm-gnu-toolchain/bin/../lib/gcc/arm-none-eabi/6.3.1/../../../../arm-none-eabi/lib/thumb/v6-m\libc.a(lib_a-reent.o)
 .ARM.attributes
                0x00000ac4       0x2c c:/program files (x86)/atmel/studio/7.0/toolchain/arm/arm-gnu-toolchain/bin/../lib/gcc/arm-none-eabi/6.3.1/../../../../arm-none-eabi/lib/thumb/v6-m\libc.a(lib_a-wctomb_r.o)
 .ARM.attributes
                0x00000af0       0x2c c:/program files (x86)/atmel/studio/7.0/toolchain/arm/arm-gnu-toolchain/bin/../lib/gcc/arm-none-eabi/6.3.1/../../../../arm-none-eabi/lib/thumb/v6-m\libc.a(lib_a-ctype_.o)
 .ARM.attributes
                0x00000b1c       0x1e c:/program files (x86)/atmel/studio/7.0/toolchain/arm/arm-gnu-toolchain/bin/../lib/gcc/arm-none-eabi/6.3.1/thumb/v6-m\libgcc.a(_arm_cmpdf2.o)
 .ARM.attributes
                0x00000b3a       0x2c c:/program files (x86)/atmel/studio/7.0/toolchain/arm/arm-gnu-toolchain/bin/../lib/gcc/arm-none-eabi/6.3.1/thumb/v6-m\libgcc.a(adddf3.o)
 .ARM.attributes
                0x00000b66       0x2c c:/program files (x86)/atmel/studio/7.0/toolchain/arm/arm-gnu-toolchain/bin/../lib/gcc/arm-none-eabi/6.3.1/thumb/v6-m\libgcc.a(divdf3.o)
 .ARM.attributes
                0x00000b92       0x2c c:/program files (x86)/atmel/studio/7.0/toolchain/arm/arm-gnu-toolchain/bin/../lib/gcc/arm-none-eabi/6.3.1/thumb/v6-m\libgcc.a(eqdf2.o)
 .ARM.attributes
                0x00000bbe       0x2c c:/program files (x86)/atmel/studio/7.0/toolchain/arm/arm-gnu-toolchain/bin/../lib/gcc/arm-none-eabi/6.3.1/thumb/v6-m\libgcc.a(gedf2.o)
 .ARM.attributes
                0x00000bea       0x2c c:/program files (x86)/atmel/studio/7.0/toolchain/arm/arm-gnu-toolchain/bin/../lib/gcc/arm-none-eabi/6.3.1/thumb/v6-m\libgcc.a(ledf2.o)
 .ARM.attributes
                0x00000c16       0x2c c:/program files (x86)/atmel/studio/7.0/toolchain/arm/arm-gnu-toolchain/bin/../lib/gcc/arm-none-eabi/6.3.1/thumb/v6-m\libgcc.a(subdf3.o)
 .ARM.attributes
                0x00000c42       0x2c c:/program files (x86)/atmel/studio/7.0/toolchain/arm/arm-gnu-toolchain/bin/../lib/gcc/arm-none-eabi/6.3.1/thumb/v6-m\libgcc.a(unorddf2.o)
 .ARM.attributes
                0x00000c6e       0x2c c:/program files (x86)/atmel/studio/7.0/toolchain/arm/arm-gnu-toolchain/bin/../lib/gcc/arm-none-eabi/6.3.1/thumb/v6-m\libgcc.a(fixdfsi.o)
 .ARM.attributes
                0x00000c9a       0x2c c:/program files (x86)/atmel/studio/7.0/toolchain/arm/arm-gnu-toolchain/bin/../lib/gcc/arm-none-eabi/6.3.1/thumb/v6-m\libgcc.a(floatunsidf.o)
 .ARM.attributes
                0x00000cc6       0x1e c:/program files (x86)/atmel/studio/7.0/toolchain/arm/arm-gnu-toolchain/bin/../lib/gcc/arm-none-eabi/6.3.1/thumb/v6-m/crtn.o

.comment        0x00000000       0x59
 .comment       0x00000000       0x59 src/ASF/common2/services/delay/sam0/cycle_counter.o
                                 0x5a (size before relaxing)
 .comment       0x00000059       0x5a src/ASF/sam0/drivers/rtc/rtc_sam_d_r_h/rtc_calendar.o
 .comment       0x00000059       0x5a src/ASF/sam0/drivers/rtc/rtc_sam_d_r_h/rtc_calendar_interrupt.o
 .comment       0x00000059       0x5a src/ASF/sam0/drivers/sercom/sercom.o
 .comment       0x00000059       0x5a src/ASF/sam0/drivers/sercom/sercom_interrupt.o
 .comment       0x00000059       0x5a src/ASF/sam0/drivers/sercom/spi/spi.o
 .comment       0x00000059       0x5a src/ASF/sam0/drivers/sercom/spi/spi_interrupt.o
 .comment       0x00000059       0x5a src/ASF/sam0/drivers/sercom/usart/usart.o
 .comment       0x00000059       0x5a src/ASF/sam0/drivers/sercom/usart/usart_interrupt.o
 .comment       0x00000059       0x5a src/drivers/p_spi.o
 .comment       0x00000059       0x5a src/drivers/p_usart.o
 .comment       0x00000059       0x5a src/ASF/common/utils/interrupt/interrupt_sam_nvic.o
 .comment       0x00000059       0x5a src/ASF/sam0/boards/samd21_xplained_pro/board_init.o
 .comment       0x00000059       0x5a src/ASF/sam0/drivers/port/port.o
 .comment       0x00000059       0x5a src/ASF/sam0/drivers/system/clock/clock_samd21_r21_da_ha1/clock.o
 .comment       0x00000059       0x5a src/ASF/sam0/drivers/system/clock/clock_samd21_r21_da_ha1/gclk.o
 .comment       0x00000059       0x5a src/ASF/sam0/drivers/system/pinmux/pinmux.o
 .comment       0x00000059       0x5a src/ASF/sam0/drivers/system/system.o
 .comment       0x00000059       0x5a src/ASF/sam0/utils/cmsis/samd21/source/gcc/startup_samd21.o
 .comment       0x00000059       0x5a src/ASF/sam0/utils/syscalls/gcc/syscalls.o
 .comment       0x00000059       0x5a src/main.o

.debug_info     0x00000000    0x36b6b
 .debug_info    0x00000000      0xa64 src/ASF/common2/services/delay/sam0/cycle_counter.o
 .debug_info    0x00000a64     0x36d1 src/ASF/sam0/drivers/rtc/rtc_sam_d_r_h/rtc_calendar.o
 .debug_info    0x00004135     0x216e src/ASF/sam0/drivers/rtc/rtc_sam_d_r_h/rtc_calendar_interrupt.o
 .debug_info    0x000062a3     0x2ddf src/ASF/sam0/drivers/sercom/sercom.o
 .debug_info    0x00009082     0x2be7 src/ASF/sam0/drivers/sercom/sercom_interrupt.o
 .debug_info    0x0000bc69     0x682c src/ASF/sam0/drivers/sercom/spi/spi.o
 .debug_info    0x00012495     0x31cd src/ASF/sam0/drivers/sercom/spi/spi_interrupt.o
 .debug_info    0x00015662     0x4ab0 src/ASF/sam0/drivers/sercom/usart/usart.o
 .debug_info    0x0001a112     0x3048 src/ASF/sam0/drivers/sercom/usart/usart_interrupt.o
 .debug_info    0x0001d15a     0x3d93 src/drivers/p_spi.o
 .debug_info    0x00020eed     0x3626 src/drivers/p_usart.o
 .debug_info    0x00024513      0xb07 src/ASF/common/utils/interrupt/interrupt_sam_nvic.o
 .debug_info    0x0002501a     0x12ad src/ASF/sam0/boards/samd21_xplained_pro/board_init.o
 .debug_info    0x000262c7     0x12b6 src/ASF/sam0/drivers/port/port.o
 .debug_info    0x0002757d     0x39d4 src/ASF/sam0/drivers/system/clock/clock_samd21_r21_da_ha1/clock.o
 .debug_info    0x0002af51     0x1ec7 src/ASF/sam0/drivers/system/clock/clock_samd21_r21_da_ha1/gclk.o
 .debug_info    0x0002ce18     0x13f3 src/ASF/sam0/drivers/system/pinmux/pinmux.o
 .debug_info    0x0002e20b      0xa73 src/ASF/sam0/drivers/system/system.o
 .debug_info    0x0002ec7e     0x3a3f src/ASF/sam0/utils/cmsis/samd21/source/gcc/startup_samd21.o
 .debug_info    0x000326bd      0xd98 src/ASF/sam0/utils/syscalls/gcc/syscalls.o
 .debug_info    0x00033455     0x3716 src/main.o

.debug_abbrev   0x00000000     0x4782
 .debug_abbrev  0x00000000      0x1e7 src/ASF/common2/services/delay/sam0/cycle_counter.o
 .debug_abbrev  0x000001e7      0x4e7 src/ASF/sam0/drivers/rtc/rtc_sam_d_r_h/rtc_calendar.o
 .debug_abbrev  0x000006ce      0x325 src/ASF/sam0/drivers/rtc/rtc_sam_d_r_h/rtc_calendar_interrupt.o
 .debug_abbrev  0x000009f3      0x378 src/ASF/sam0/drivers/sercom/sercom.o
 .debug_abbrev  0x00000d6b      0x2d8 src/ASF/sam0/drivers/sercom/sercom_interrupt.o
 .debug_abbrev  0x00001043      0x51f src/ASF/sam0/drivers/sercom/spi/spi.o
 .debug_abbrev  0x00001562      0x3ee src/ASF/sam0/drivers/sercom/spi/spi_interrupt.o
 .debug_abbrev  0x00001950      0x488 src/ASF/sam0/drivers/sercom/usart/usart.o
 .debug_abbrev  0x00001dd8      0x416 src/ASF/sam0/drivers/sercom/usart/usart_interrupt.o
 .debug_abbrev  0x000021ee      0x433 src/drivers/p_spi.o
 .debug_abbrev  0x00002621      0x3f2 src/drivers/p_usart.o
 .debug_abbrev  0x00002a13      0x22c src/ASF/common/utils/interrupt/interrupt_sam_nvic.o
 .debug_abbrev  0x00002c3f      0x2dc src/ASF/sam0/boards/samd21_xplained_pro/board_init.o
 .debug_abbrev  0x00002f1b      0x298 src/ASF/sam0/drivers/port/port.o
 .debug_abbrev  0x000031b3      0x493 src/ASF/sam0/drivers/system/clock/clock_samd21_r21_da_ha1/clock.o
 .debug_abbrev  0x00003646      0x40d src/ASF/sam0/drivers/system/clock/clock_samd21_r21_da_ha1/gclk.o
 .debug_abbrev  0x00003a53      0x361 src/ASF/sam0/drivers/system/pinmux/pinmux.o
 .debug_abbrev  0x00003db4      0x1e1 src/ASF/sam0/drivers/system/system.o
 .debug_abbrev  0x00003f95      0x234 src/ASF/sam0/utils/cmsis/samd21/source/gcc/startup_samd21.o
 .debug_abbrev  0x000041c9      0x257 src/ASF/sam0/utils/syscalls/gcc/syscalls.o
 .debug_abbrev  0x00004420      0x362 src/main.o

.debug_aranges  0x00000000      0x5d8
 .debug_aranges
                0x00000000       0x28 src/ASF/common2/services/delay/sam0/cycle_counter.o
 .debug_aranges
                0x00000028       0x78 src/ASF/sam0/drivers/rtc/rtc_sam_d_r_h/rtc_calendar.o
 .debug_aranges
                0x000000a0       0x40 src/ASF/sam0/drivers/rtc/rtc_sam_d_r_h/rtc_calendar_interrupt.o
 .debug_aranges
                0x000000e0       0x48 src/ASF/sam0/drivers/sercom/sercom.o
 .debug_aranges
                0x00000128       0x60 src/ASF/sam0/drivers/sercom/sercom_interrupt.o
 .debug_aranges
                0x00000188       0x58 src/ASF/sam0/drivers/sercom/spi/spi.o
 .debug_aranges
                0x000001e0       0x50 src/ASF/sam0/drivers/sercom/spi/spi_interrupt.o
 .debug_aranges
                0x00000230       0x40 src/ASF/sam0/drivers/sercom/usart/usart.o
 .debug_aranges
                0x00000270       0x70 src/ASF/sam0/drivers/sercom/usart/usart_interrupt.o
 .debug_aranges
                0x000002e0       0x40 src/drivers/p_spi.o
 .debug_aranges
                0x00000320       0x40 src/drivers/p_usart.o
 .debug_aranges
                0x00000360       0x28 src/ASF/common/utils/interrupt/interrupt_sam_nvic.o
 .debug_aranges
                0x00000388       0x20 src/ASF/sam0/boards/samd21_xplained_pro/board_init.o
 .debug_aranges
                0x000003a8       0x28 src/ASF/sam0/drivers/port/port.o
 .debug_aranges
                0x000003d0       0x78 src/ASF/sam0/drivers/system/clock/clock_samd21_r21_da_ha1/clock.o
 .debug_aranges
                0x00000448       0x80 src/ASF/sam0/drivers/system/clock/clock_samd21_r21_da_ha1/gclk.o
 .debug_aranges
                0x000004c8       0x40 src/ASF/sam0/drivers/system/pinmux/pinmux.o
 .debug_aranges
                0x00000508       0x28 src/ASF/sam0/drivers/system/system.o
 .debug_aranges
                0x00000530       0x28 src/ASF/sam0/utils/cmsis/samd21/source/gcc/startup_samd21.o
 .debug_aranges
                0x00000558       0x60 src/ASF/sam0/utils/syscalls/gcc/syscalls.o
 .debug_aranges
                0x000005b8       0x20 src/main.o

.debug_ranges   0x00000000      0xaa8
 .debug_ranges  0x00000000       0x18 src/ASF/common2/services/delay/sam0/cycle_counter.o
 .debug_ranges  0x00000018       0xb0 src/ASF/sam0/drivers/rtc/rtc_sam_d_r_h/rtc_calendar.o
 .debug_ranges  0x000000c8       0x48 src/ASF/sam0/drivers/rtc/rtc_sam_d_r_h/rtc_calendar_interrupt.o
 .debug_ranges  0x00000110       0x50 src/ASF/sam0/drivers/sercom/sercom.o
 .debug_ranges  0x00000160       0x50 src/ASF/sam0/drivers/sercom/sercom_interrupt.o
 .debug_ranges  0x000001b0      0x438 src/ASF/sam0/drivers/sercom/spi/spi.o
 .debug_ranges  0x000005e8       0xd0 src/ASF/sam0/drivers/sercom/spi/spi_interrupt.o
 .debug_ranges  0x000006b8      0x140 src/ASF/sam0/drivers/sercom/usart/usart.o
 .debug_ranges  0x000007f8       0x60 src/ASF/sam0/drivers/sercom/usart/usart_interrupt.o
 .debug_ranges  0x00000858       0x30 src/drivers/p_spi.o
 .debug_ranges  0x00000888       0x30 src/drivers/p_usart.o
 .debug_ranges  0x000008b8       0x18 src/ASF/common/utils/interrupt/interrupt_sam_nvic.o
 .debug_ranges  0x000008d0       0x10 src/ASF/sam0/boards/samd21_xplained_pro/board_init.o
 .debug_ranges  0x000008e0       0x18 src/ASF/sam0/drivers/port/port.o
 .debug_ranges  0x000008f8       0x68 src/ASF/sam0/drivers/system/clock/clock_samd21_r21_da_ha1/clock.o
 .debug_ranges  0x00000960       0x88 src/ASF/sam0/drivers/system/clock/clock_samd21_r21_da_ha1/gclk.o
 .debug_ranges  0x000009e8       0x30 src/ASF/sam0/drivers/system/pinmux/pinmux.o
 .debug_ranges  0x00000a18       0x18 src/ASF/sam0/drivers/system/system.o
 .debug_ranges  0x00000a30       0x18 src/ASF/sam0/utils/cmsis/samd21/source/gcc/startup_samd21.o
 .debug_ranges  0x00000a48       0x50 src/ASF/sam0/utils/syscalls/gcc/syscalls.o
 .debug_ranges  0x00000a98       0x10 src/main.o

.debug_macro    0x00000000    0x1bd62
 .debug_macro   0x00000000      0x54d src/ASF/common2/services/delay/sam0/cycle_counter.o
 .debug_macro   0x0000054d      0x8c8 src/ASF/common2/services/delay/sam0/cycle_counter.o
 .debug_macro   0x00000e15      0x16d src/ASF/common2/services/delay/sam0/cycle_counter.o
 .debug_macro   0x00000f82      0x6d7 src/ASF/common2/services/delay/sam0/cycle_counter.o
 .debug_macro   0x00001659       0x22 src/ASF/common2/services/delay/sam0/cycle_counter.o
 .debug_macro   0x0000167b       0x87 src/ASF/common2/services/delay/sam0/cycle_counter.o
 .debug_macro   0x00001702       0x51 src/ASF/common2/services/delay/sam0/cycle_counter.o
 .debug_macro   0x00001753       0xef src/ASF/common2/services/delay/sam0/cycle_counter.o
 .debug_macro   0x00001842       0x6a src/ASF/common2/services/delay/sam0/cycle_counter.o
 .debug_macro   0x000018ac      0x1df src/ASF/common2/services/delay/sam0/cycle_counter.o
 .debug_macro   0x00001a8b       0x10 src/ASF/common2/services/delay/sam0/cycle_counter.o
 .debug_macro   0x00001a9b       0x76 src/ASF/common2/services/delay/sam0/cycle_counter.o
 .debug_macro   0x00001b11       0x16 src/ASF/common2/services/delay/sam0/cycle_counter.o
 .debug_macro   0x00001b27      0x6db src/ASF/common2/services/delay/sam0/cycle_counter.o
 .debug_macro   0x00002202      0xdd8 src/ASF/common2/services/delay/sam0/cycle_counter.o
 .debug_macro   0x00002fda       0x22 src/ASF/common2/services/delay/sam0/cycle_counter.o
 .debug_macro   0x00002ffc       0x40 src/ASF/common2/services/delay/sam0/cycle_counter.o
 .debug_macro   0x0000303c       0x3a src/ASF/common2/services/delay/sam0/cycle_counter.o
 .debug_macro   0x00003076       0x1f src/ASF/common2/services/delay/sam0/cycle_counter.o
 .debug_macro   0x00003095      0x250 src/ASF/common2/services/delay/sam0/cycle_counter.o
 .debug_macro   0x000032e5      0x681 src/ASF/common2/services/delay/sam0/cycle_counter.o
 .debug_macro   0x00003966      0x8b5 src/ASF/common2/services/delay/sam0/cycle_counter.o
 .debug_macro   0x0000421b      0x230 src/ASF/common2/services/delay/sam0/cycle_counter.o
 .debug_macro   0x0000444b      0xd60 src/ASF/common2/services/delay/sam0/cycle_counter.o
 .debug_macro   0x000051ab      0x4cb src/ASF/common2/services/delay/sam0/cycle_counter.o
 .debug_macro   0x00005676      0x9f8 src/ASF/common2/services/delay/sam0/cycle_counter.o
 .debug_macro   0x0000606e      0x82b src/ASF/common2/services/delay/sam0/cycle_counter.o
 .debug_macro   0x00006899      0x455 src/ASF/common2/services/delay/sam0/cycle_counter.o
 .debug_macro   0x00006cee       0x5e src/ASF/common2/services/delay/sam0/cycle_counter.o
 .debug_macro   0x00006d4c      0x8fd src/ASF/common2/services/delay/sam0/cycle_counter.o
 .debug_macro   0x00007649      0x21c src/ASF/common2/services/delay/sam0/cycle_counter.o
 .debug_macro   0x00007865      0x95b src/ASF/common2/services/delay/sam0/cycle_counter.o
 .debug_macro   0x000081c0       0x5e src/ASF/common2/services/delay/sam0/cycle_counter.o
 .debug_macro   0x0000821e      0x667 src/ASF/common2/services/delay/sam0/cycle_counter.o
 .debug_macro   0x00008885      0x3af src/ASF/common2/services/delay/sam0/cycle_counter.o
 .debug_macro   0x00008c34      0xc7a src/ASF/common2/services/delay/sam0/cycle_counter.o
 .debug_macro   0x000098ae     0x1092 src/ASF/common2/services/delay/sam0/cycle_counter.o
 .debug_macro   0x0000a940      0xc4a src/ASF/common2/services/delay/sam0/cycle_counter.o
 .debug_macro   0x0000b58a      0x6ba src/ASF/common2/services/delay/sam0/cycle_counter.o
 .debug_macro   0x0000bc44     0x1bbf src/ASF/common2/services/delay/sam0/cycle_counter.o
 .debug_macro   0x0000d803     0x1440 src/ASF/common2/services/delay/sam0/cycle_counter.o
 .debug_macro   0x0000ec43      0x344 src/ASF/common2/services/delay/sam0/cycle_counter.o
 .debug_macro   0x0000ef87       0x7c src/ASF/common2/services/delay/sam0/cycle_counter.o
 .debug_macro   0x0000f003       0xa0 src/ASF/common2/services/delay/sam0/cycle_counter.o
 .debug_macro   0x0000f0a3       0x4c src/ASF/common2/services/delay/sam0/cycle_counter.o
 .debug_macro   0x0000f0ef       0xca src/ASF/common2/services/delay/sam0/cycle_counter.o
 .debug_macro   0x0000f1b9       0x94 src/ASF/common2/services/delay/sam0/cycle_counter.o
 .debug_macro   0x0000f24d       0x58 src/ASF/common2/services/delay/sam0/cycle_counter.o
 .debug_macro   0x0000f2a5      0x37d src/ASF/common2/services/delay/sam0/cycle_counter.o
 .debug_macro   0x0000f622       0x82 src/ASF/common2/services/delay/sam0/cycle_counter.o
 .debug_macro   0x0000f6a4      0x18d src/ASF/common2/services/delay/sam0/cycle_counter.o
 .debug_macro   0x0000f831       0xb8 src/ASF/common2/services/delay/sam0/cycle_counter.o
 .debug_macro   0x0000f8e9       0xa0 src/ASF/common2/services/delay/sam0/cycle_counter.o
 .debug_macro   0x0000f989       0xb8 src/ASF/common2/services/delay/sam0/cycle_counter.o
 .debug_macro   0x0000fa41       0x1c src/ASF/common2/services/delay/sam0/cycle_counter.o
 .debug_macro   0x0000fa5d       0x1c src/ASF/common2/services/delay/sam0/cycle_counter.o
 .debug_macro   0x0000fa79       0x1c src/ASF/common2/services/delay/sam0/cycle_counter.o
 .debug_macro   0x0000fa95       0x82 src/ASF/common2/services/delay/sam0/cycle_counter.o
 .debug_macro   0x0000fb17      0x15a src/ASF/common2/services/delay/sam0/cycle_counter.o
 .debug_macro   0x0000fc71       0xdc src/ASF/common2/services/delay/sam0/cycle_counter.o
 .debug_macro   0x0000fd4d      0x128 src/ASF/common2/services/delay/sam0/cycle_counter.o
 .debug_macro   0x0000fe75      0x128 src/ASF/common2/services/delay/sam0/cycle_counter.o
 .debug_macro   0x0000ff9d      0x128 src/ASF/common2/services/delay/sam0/cycle_counter.o
 .debug_macro   0x000100c5      0x128 src/ASF/common2/services/delay/sam0/cycle_counter.o
 .debug_macro   0x000101ed      0x128 src/ASF/common2/services/delay/sam0/cycle_counter.o
 .debug_macro   0x00010315      0x128 src/ASF/common2/services/delay/sam0/cycle_counter.o
 .debug_macro   0x0001043d      0x124 src/ASF/common2/services/delay/sam0/cycle_counter.o
 .debug_macro   0x00010561       0xe2 src/ASF/common2/services/delay/sam0/cycle_counter.o
 .debug_macro   0x00010643       0xe2 src/ASF/common2/services/delay/sam0/cycle_counter.o
 .debug_macro   0x00010725       0xe2 src/ASF/common2/services/delay/sam0/cycle_counter.o
 .debug_macro   0x00010807       0xe2 src/ASF/common2/services/delay/sam0/cycle_counter.o
 .debug_macro   0x000108e9       0xe2 src/ASF/common2/services/delay/sam0/cycle_counter.o
 .debug_macro   0x000109cb      0x130 src/ASF/common2/services/delay/sam0/cycle_counter.o
 .debug_macro   0x00010afb      0x106 src/ASF/common2/services/delay/sam0/cycle_counter.o
 .debug_macro   0x00010c01       0xfa src/ASF/common2/services/delay/sam0/cycle_counter.o
 .debug_macro   0x00010cfb      0x40f src/ASF/common2/services/delay/sam0/cycle_counter.o
 .debug_macro   0x0001110a       0x40 src/ASF/common2/services/delay/sam0/cycle_counter.o
 .debug_macro   0x0001114a      0x37d src/ASF/common2/services/delay/sam0/cycle_counter.o
 .debug_macro   0x000114c7     0x1e52 src/ASF/common2/services/delay/sam0/cycle_counter.o
 .debug_macro   0x00013319       0x6d src/ASF/common2/services/delay/sam0/cycle_counter.o
 .debug_macro   0x00013386       0x58 src/ASF/common2/services/delay/sam0/cycle_counter.o
 .debug_macro   0x000133de       0x35 src/ASF/common2/services/delay/sam0/cycle_counter.o
 .debug_macro   0x00013413       0x9c src/ASF/common2/services/delay/sam0/cycle_counter.o
 .debug_macro   0x000134af       0x16 src/ASF/common2/services/delay/sam0/cycle_counter.o
 .debug_macro   0x000134c5       0x35 src/ASF/common2/services/delay/sam0/cycle_counter.o
 .debug_macro   0x000134fa      0x353 src/ASF/common2/services/delay/sam0/cycle_counter.o
 .debug_macro   0x0001384d       0x10 src/ASF/common2/services/delay/sam0/cycle_counter.o
 .debug_macro   0x0001385d       0x58 src/ASF/common2/services/delay/sam0/cycle_counter.o
 .debug_macro   0x000138b5       0x1f src/ASF/common2/services/delay/sam0/cycle_counter.o
 .debug_macro   0x000138d4       0x43 src/ASF/common2/services/delay/sam0/cycle_counter.o
 .debug_macro   0x00013917       0x20 src/ASF/common2/services/delay/sam0/cycle_counter.o
 .debug_macro   0x00013937      0x187 src/ASF/common2/services/delay/sam0/cycle_counter.o
 .debug_macro   0x00013abe       0x10 src/ASF/common2/services/delay/sam0/cycle_counter.o
 .debug_macro   0x00013ace       0x1c src/ASF/common2/services/delay/sam0/cycle_counter.o
 .debug_macro   0x00013aea       0x52 src/ASF/common2/services/delay/sam0/cycle_counter.o
 .debug_macro   0x00013b3c       0x40 src/ASF/common2/services/delay/sam0/cycle_counter.o
 .debug_macro   0x00013b7c       0x10 src/ASF/common2/services/delay/sam0/cycle_counter.o
 .debug_macro   0x00013b8c       0x40 src/ASF/common2/services/delay/sam0/cycle_counter.o
 .debug_macro   0x00013bcc       0xd7 src/ASF/common2/services/delay/sam0/cycle_counter.o
 .debug_macro   0x00013ca3       0x16 src/ASF/common2/services/delay/sam0/cycle_counter.o
 .debug_macro   0x00013cb9      0x18b src/ASF/common2/services/delay/sam0/cycle_counter.o
 .debug_macro   0x00013e44       0x16 src/ASF/common2/services/delay/sam0/cycle_counter.o
 .debug_macro   0x00013e5a       0x16 src/ASF/common2/services/delay/sam0/cycle_counter.o
 .debug_macro   0x00013e70       0x29 src/ASF/common2/services/delay/sam0/cycle_counter.o
 .debug_macro   0x00013e99       0x51 src/ASF/common2/services/delay/sam0/cycle_counter.o
 .debug_macro   0x00013eea       0x3e src/ASF/common2/services/delay/sam0/cycle_counter.o
 .debug_macro   0x00013f28      0x3df src/ASF/common2/services/delay/sam0/cycle_counter.o
 .debug_macro   0x00014307       0x11 src/ASF/common2/services/delay/sam0/cycle_counter.o
 .debug_macro   0x00014318       0x2e src/ASF/common2/services/delay/sam0/cycle_counter.o
 .debug_macro   0x00014346       0x16 src/ASF/common2/services/delay/sam0/cycle_counter.o
 .debug_macro   0x0001435c      0x564 src/ASF/sam0/drivers/rtc/rtc_sam_d_r_h/rtc_calendar.o
 .debug_macro   0x000148c0      0x298 src/ASF/sam0/drivers/rtc/rtc_sam_d_r_h/rtc_calendar.o
 .debug_macro   0x00014b58       0x2e src/ASF/sam0/drivers/rtc/rtc_sam_d_r_h/rtc_calendar.o
 .debug_macro   0x00014b86      0x56e src/ASF/sam0/drivers/rtc/rtc_sam_d_r_h/rtc_calendar_interrupt.o
 .debug_macro   0x000150f4      0x59f src/ASF/sam0/drivers/sercom/sercom.o
 .debug_macro   0x00015693       0x18 src/ASF/sam0/drivers/sercom/sercom.o
 .debug_macro   0x000156ab       0x16 src/ASF/sam0/drivers/sercom/sercom.o
 .debug_macro   0x000156c1       0xb2 src/ASF/sam0/drivers/sercom/sercom.o
 .debug_macro   0x00015773       0x10 src/ASF/sam0/drivers/sercom/sercom.o
 .debug_macro   0x00015783      0x59c src/ASF/sam0/drivers/sercom/sercom_interrupt.o
 .debug_macro   0x00015d1f      0x5e4 src/ASF/sam0/drivers/sercom/spi/spi.o
 .debug_macro   0x00016303       0x12 src/ASF/sam0/drivers/sercom/spi/spi.o
 .debug_macro   0x00016315       0x16 src/ASF/sam0/drivers/sercom/spi/spi.o
 .debug_macro   0x0001632b       0x16 src/ASF/sam0/drivers/sercom/spi/spi.o
 .debug_macro   0x00016341       0x35 src/ASF/sam0/drivers/sercom/spi/spi.o
 .debug_macro   0x00016376      0x5ef src/ASF/sam0/drivers/sercom/spi/spi_interrupt.o
 .debug_macro   0x00016965      0x5b0 src/ASF/sam0/drivers/sercom/usart/usart.o
 .debug_macro   0x00016f15       0x51 src/ASF/sam0/drivers/sercom/usart/usart.o
 .debug_macro   0x00016f66      0x5b0 src/ASF/sam0/drivers/sercom/usart/usart_interrupt.o
 .debug_macro   0x00017516      0x702 src/drivers/p_spi.o
 .debug_macro   0x00017c18       0x10 src/drivers/p_spi.o
 .debug_macro   0x00017c28      0x721 src/drivers/p_usart.o
 .debug_macro   0x00018349       0x4c src/drivers/p_usart.o
 .debug_macro   0x00018395       0x10 src/drivers/p_usart.o
 .debug_macro   0x000183a5      0x45d src/drivers/p_usart.o
 .debug_macro   0x00018802      0x512 src/ASF/common/utils/interrupt/interrupt_sam_nvic.o
 .debug_macro   0x00018d14      0x54d src/ASF/sam0/boards/samd21_xplained_pro/board_init.o
 .debug_macro   0x00019261      0x52c src/ASF/sam0/drivers/port/port.o
 .debug_macro   0x0001978d      0x591 src/ASF/sam0/drivers/system/clock/clock_samd21_r21_da_ha1/clock.o
 .debug_macro   0x00019d1e      0x548 src/ASF/sam0/drivers/system/clock/clock_samd21_r21_da_ha1/gclk.o
 .debug_macro   0x0001a266      0x522 src/ASF/sam0/drivers/system/pinmux/pinmux.o
 .debug_macro   0x0001a788       0x12 src/ASF/sam0/drivers/system/pinmux/pinmux.o
 .debug_macro   0x0001a79a      0x555 src/ASF/sam0/drivers/system/system.o
 .debug_macro   0x0001acef      0x2f9 src/ASF/sam0/utils/cmsis/samd21/source/gcc/startup_samd21.o
 .debug_macro   0x0001afe8       0x3a src/ASF/sam0/utils/cmsis/samd21/source/gcc/startup_samd21.o
 .debug_macro   0x0001b022      0x1d6 src/ASF/sam0/utils/syscalls/gcc/syscalls.o
 .debug_macro   0x0001b1f8       0x52 src/ASF/sam0/utils/syscalls/gcc/syscalls.o
 .debug_macro   0x0001b24a       0x8d src/ASF/sam0/utils/syscalls/gcc/syscalls.o
 .debug_macro   0x0001b2d7       0x57 src/ASF/sam0/utils/syscalls/gcc/syscalls.o
 .debug_macro   0x0001b32e       0x97 src/ASF/sam0/utils/syscalls/gcc/syscalls.o
 .debug_macro   0x0001b3c5       0xf6 src/ASF/sam0/utils/syscalls/gcc/syscalls.o
 .debug_macro   0x0001b4bb       0x16 src/ASF/sam0/utils/syscalls/gcc/syscalls.o
 .debug_macro   0x0001b4d1       0x10 src/ASF/sam0/utils/syscalls/gcc/syscalls.o
 .debug_macro   0x0001b4e1       0x10 src/ASF/sam0/utils/syscalls/gcc/syscalls.o
 .debug_macro   0x0001b4f1       0x35 src/ASF/sam0/utils/syscalls/gcc/syscalls.o
 .debug_macro   0x0001b526      0x122 src/ASF/sam0/utils/syscalls/gcc/syscalls.o
 .debug_macro   0x0001b648      0x71a src/main.o

.debug_line     0x00000000     0xf0b3
 .debug_line    0x00000000      0x989 src/ASF/common2/services/delay/sam0/cycle_counter.o
 .debug_line    0x00000989      0xc55 src/ASF/sam0/drivers/rtc/rtc_sam_d_r_h/rtc_calendar.o
 .debug_line    0x000015de      0xad1 src/ASF/sam0/drivers/rtc/rtc_sam_d_r_h/rtc_calendar_interrupt.o
 .debug_line    0x000020af      0xbdd src/ASF/sam0/drivers/sercom/sercom.o
 .debug_line    0x00002c8c      0xb81 src/ASF/sam0/drivers/sercom/sercom_interrupt.o
 .debug_line    0x0000380d     0x1372 src/ASF/sam0/drivers/sercom/spi/spi.o
 .debug_line    0x00004b7f      0xd27 src/ASF/sam0/drivers/sercom/spi/spi_interrupt.o
 .debug_line    0x000058a6      0xd48 src/ASF/sam0/drivers/sercom/usart/usart.o
 .debug_line    0x000065ee      0xcd6 src/ASF/sam0/drivers/sercom/usart/usart_interrupt.o
 .debug_line    0x000072c4      0xe9a src/drivers/p_spi.o
 .debug_line    0x0000815e      0xebd src/drivers/p_usart.o
 .debug_line    0x0000901b      0x8d7 src/ASF/common/utils/interrupt/interrupt_sam_nvic.o
 .debug_line    0x000098f2      0x97f src/ASF/sam0/boards/samd21_xplained_pro/board_init.o
 .debug_line    0x0000a271      0x904 src/ASF/sam0/drivers/port/port.o
 .debug_line    0x0000ab75      0xcc7 src/ASF/sam0/drivers/system/clock/clock_samd21_r21_da_ha1/clock.o
 .debug_line    0x0000b83c      0xc80 src/ASF/sam0/drivers/system/clock/clock_samd21_r21_da_ha1/gclk.o
 .debug_line    0x0000c4bc      0x951 src/ASF/sam0/drivers/system/pinmux/pinmux.o
 .debug_line    0x0000ce0d      0x9fb src/ASF/sam0/drivers/system/system.o
 .debug_line    0x0000d808      0x656 src/ASF/sam0/utils/cmsis/samd21/source/gcc/startup_samd21.o
 .debug_line    0x0000de5e      0x409 src/ASF/sam0/utils/syscalls/gcc/syscalls.o
 .debug_line    0x0000e267      0xe4c src/main.o

.debug_str      0x00000000    0x917e8
 .debug_str     0x00000000    0x828d0 src/ASF/common2/services/delay/sam0/cycle_counter.o
                              0x831af (size before relaxing)
 .debug_str     0x000828d0     0x27a7 src/ASF/sam0/drivers/rtc/rtc_sam_d_r_h/rtc_calendar.o
                              0x8576e (size before relaxing)
 .debug_str     0x00085077      0x134 src/ASF/sam0/drivers/rtc/rtc_sam_d_r_h/rtc_calendar_interrupt.o
                              0x849e8 (size before relaxing)
 .debug_str     0x000851ab      0xf62 src/ASF/sam0/drivers/sercom/sercom.o
                              0x845d3 (size before relaxing)
 .debug_str     0x0008610d      0x1b8 src/ASF/sam0/drivers/sercom/sercom_interrupt.o
                              0x8446e (size before relaxing)
 .debug_str     0x000862c5      0xff6 src/ASF/sam0/drivers/sercom/spi/spi.o
                              0x859c4 (size before relaxing)
 .debug_str     0x000872bb      0x181 src/ASF/sam0/drivers/sercom/spi/spi_interrupt.o
                              0x84880 (size before relaxing)
 .debug_str     0x0008743c      0x819 src/ASF/sam0/drivers/sercom/usart/usart.o
                              0x8538c (size before relaxing)
 .debug_str     0x00087c55      0x1e9 src/ASF/sam0/drivers/sercom/usart/usart_interrupt.o
                              0x845d2 (size before relaxing)
 .debug_str     0x00087e3e     0x546d src/drivers/p_spi.o
                              0x8bcce (size before relaxing)
 .debug_str     0x0008d2ab     0x120e src/drivers/p_usart.o
                              0x8ccd6 (size before relaxing)
 .debug_str     0x0008e4b9       0x66 src/ASF/common/utils/interrupt/interrupt_sam_nvic.o
                              0x82ee0 (size before relaxing)
 .debug_str     0x0008e51f      0x11d src/ASF/sam0/boards/samd21_xplained_pro/board_init.o
                              0x86f4e (size before relaxing)
 .debug_str     0x0008e63c       0x5e src/ASF/sam0/drivers/port/port.o
                              0x8330c (size before relaxing)
 .debug_str     0x0008e69a     0x1782 src/ASF/sam0/drivers/system/clock/clock_samd21_r21_da_ha1/clock.o
                              0x86162 (size before relaxing)
 .debug_str     0x0008fe1c      0x1e3 src/ASF/sam0/drivers/system/clock/clock_samd21_r21_da_ha1/gclk.o
                              0x83ba3 (size before relaxing)
 .debug_str     0x0008ffff      0x179 src/ASF/sam0/drivers/system/pinmux/pinmux.o
                              0x83382 (size before relaxing)
 .debug_str     0x00090178       0x47 src/ASF/sam0/drivers/system/system.o
                              0x82fbd (size before relaxing)
 .debug_str     0x000901bf      0xf1e src/ASF/sam0/utils/cmsis/samd21/source/gcc/startup_samd21.o
                              0x6e3ca (size before relaxing)
 .debug_str     0x000910dd      0x68d src/ASF/sam0/utils/syscalls/gcc/syscalls.o
                               0x73e3 (size before relaxing)
 .debug_str     0x0009176a       0x7e src/main.o
                              0x8c3d6 (size before relaxing)

.debug_frame    0x00000000     0x19d8
 .debug_frame   0x00000000       0x30 src/ASF/common2/services/delay/sam0/cycle_counter.o
 .debug_frame   0x00000030      0x138 src/ASF/sam0/drivers/rtc/rtc_sam_d_r_h/rtc_calendar.o
 .debug_frame   0x00000168       0x78 src/ASF/sam0/drivers/rtc/rtc_sam_d_r_h/rtc_calendar_interrupt.o
 .debug_frame   0x000001e0       0xbc src/ASF/sam0/drivers/sercom/sercom.o
 .debug_frame   0x0000029c       0xe8 src/ASF/sam0/drivers/sercom/sercom_interrupt.o
 .debug_frame   0x00000384      0x120 src/ASF/sam0/drivers/sercom/spi/spi.o
 .debug_frame   0x000004a4       0xb0 src/ASF/sam0/drivers/sercom/spi/spi_interrupt.o
 .debug_frame   0x00000554       0xac src/ASF/sam0/drivers/sercom/usart/usart.o
 .debug_frame   0x00000600      0x110 src/ASF/sam0/drivers/sercom/usart/usart_interrupt.o
 .debug_frame   0x00000710       0x98 src/drivers/p_spi.o
 .debug_frame   0x000007a8       0x98 src/drivers/p_usart.o
 .debug_frame   0x00000840       0x30 src/ASF/common/utils/interrupt/interrupt_sam_nvic.o
 .debug_frame   0x00000870       0x30 src/ASF/sam0/boards/samd21_xplained_pro/board_init.o
 .debug_frame   0x000008a0       0x44 src/ASF/sam0/drivers/port/port.o
 .debug_frame   0x000008e4      0x150 src/ASF/sam0/drivers/system/clock/clock_samd21_r21_da_ha1/clock.o
 .debug_frame   0x00000a34      0x148 src/ASF/sam0/drivers/system/clock/clock_samd21_r21_da_ha1/gclk.o
 .debug_frame   0x00000b7c       0x98 src/ASF/sam0/drivers/system/pinmux/pinmux.o
 .debug_frame   0x00000c14       0x38 src/ASF/sam0/drivers/system/system.o
 .debug_frame   0x00000c4c       0x40 src/ASF/sam0/utils/cmsis/samd21/source/gcc/startup_samd21.o
 .debug_frame   0x00000c8c       0xa0 src/ASF/sam0/utils/syscalls/gcc/syscalls.o
 .debug_frame   0x00000d2c       0x38 src/main.o
 .debug_frame   0x00000d64       0x20 c:/program files (x86)/atmel/studio/7.0/toolchain/arm/arm-gnu-toolchain/bin/../lib/gcc/arm-none-eabi/6.3.1/thumb/v6-m\libgcc.a(_udivsi3.o)
 .debug_frame   0x00000d84       0x20 c:/program files (x86)/atmel/studio/7.0/toolchain/arm/arm-gnu-toolchain/bin/../lib/gcc/arm-none-eabi/6.3.1/thumb/v6-m\libgcc.a(_divsi3.o)
 .debug_frame   0x00000da4       0x34 c:/program files (x86)/atmel/studio/7.0/toolchain/arm/arm-gnu-toolchain/bin/../lib/gcc/arm-none-eabi/6.3.1/thumb/v6-m\libgcc.a(_muldi3.o)
 .debug_frame   0x00000dd8       0x3c c:/program files (x86)/atmel/studio/7.0/toolchain/arm/arm-gnu-toolchain/bin/../lib/gcc/arm-none-eabi/6.3.1/thumb/v6-m\libgcc.a(_udivmoddi4.o)
 .debug_frame   0x00000e14       0x3c c:/program files (x86)/atmel/studio/7.0/toolchain/arm/arm-gnu-toolchain/bin/../lib/gcc/arm-none-eabi/6.3.1/thumb/v6-m\libgcc.a(muldf3.o)
 .debug_frame   0x00000e50       0x2c c:/program files (x86)/atmel/studio/7.0/toolchain/arm/arm-gnu-toolchain/bin/../lib/gcc/arm-none-eabi/6.3.1/thumb/v6-m\libgcc.a(floatsidf.o)
 .debug_frame   0x00000e7c       0x2c c:/program files (x86)/atmel/studio/7.0/toolchain/arm/arm-gnu-toolchain/bin/../lib/gcc/arm-none-eabi/6.3.1/thumb/v6-m\libgcc.a(extendsfdf2.o)
 .debug_frame   0x00000ea8       0x30 c:/program files (x86)/atmel/studio/7.0/toolchain/arm/arm-gnu-toolchain/bin/../lib/gcc/arm-none-eabi/6.3.1/thumb/v6-m\libgcc.a(truncdfsf2.o)
 .debug_frame   0x00000ed8       0x2c c:/program files (x86)/atmel/studio/7.0/toolchain/arm/arm-gnu-toolchain/bin/../lib/gcc/arm-none-eabi/6.3.1/../../../../arm-none-eabi/lib/thumb/v6-m\libc.a(lib_a-init.o)