Archive member included to satisfy reference by file (symbol)

c:/program files (x86)/atmel/studio/7.0/toolchain/arm/arm-gnu-toolchain/bin/../lib/gcc/arm-none-eabi/6.3.1/thumb/v6-m\libgcc.a(_udivsi3.o)
                              src/ASF/common2/services/delay/sam0/systick_counter.o (__aeabi_uidiv)
c:/program files (x86)/atmel/studio/7.0/toolchain/arm/arm-gnu-toolchain/bin/../lib/gcc/arm-none-eabi/6.3.1/thumb/v6-m\libgcc.a(_dvmd_tls.o)
                              c:/program files (x86)/atmel/studio/7.0/toolchain/arm/arm-gnu-toolchain/bin/../lib/gcc/arm-none-eabi/6.3.1/thumb/v6-m\libgcc.a(_udivsi3.o) (__aeabi_idiv0)
c:/program files (x86)/atmel/studio/7.0/toolchain/arm/arm-gnu-toolchain/bin/../lib/gcc/arm-none-eabi/6.3.1/thumb/v6-m\libgcc.a(_muldi3.o)
                              src/ASF/sam0/drivers/sercom/sercom.o (__aeabi_lmul)
c:/program files (x86)/atmel/studio/7.0/toolchain/arm/arm-gnu-toolchain/bin/../lib/gcc/arm-none-eabi/6.3.1/../../../../arm-none-eabi/lib/thumb/v6-m\libc_nano.a(lib_a-exit.o)
                              c:/program files (x86)/atmel/studio/7.0/toolchain/arm/arm-gnu-toolchain/bin/../lib/gcc/arm-none-eabi/6.3.1/../../../../arm-none-eabi/lib/thumb/v6-m/crt0.o (exit)
c:/program files (x86)/atmel/studio/7.0/toolchain/arm/arm-gnu-toolchain/bin/../lib/gcc/arm-none-eabi/6.3.1/../../../../arm-none-eabi/lib/thumb/v6-m\libc_nano.a(lib_a-impure.o)
                              c:/program files (x86)/atmel/studio/7.0/toolchain/arm/arm-gnu-toolchain/bin/../lib/gcc/arm-none-eabi/6.3.1/../../../../arm-none-eabi/lib/thumb/v6-m\libc_nano.a(lib_a-exit.o) (_global_impure_ptr)
c:/program files (x86)/atmel/studio/7.0/toolchain/arm/arm-gnu-toolchain/bin/../lib/gcc/arm-none-eabi/6.3.1/../../../../arm-none-eabi/lib/thumb/v6-m\libc_nano.a(lib_a-init.o)
                              c:/program files (x86)/atmel/studio/7.0/toolchain/arm/arm-gnu-toolchain/bin/../lib/gcc/arm-none-eabi/6.3.1/../../../../arm-none-eabi/lib/thumb/v6-m/crt0.o (__libc_init_array)
c:/program files (x86)/atmel/studio/7.0/toolchain/arm/arm-gnu-toolchain/bin/../lib/gcc/arm-none-eabi/6.3.1/../../../../arm-none-eabi/lib/thumb/v6-m\libc_nano.a(lib_a-memset.o)
                              c:/program files (x86)/atmel/studio/7.0/toolchain/arm/arm-gnu-toolchain/bin/../lib/gcc/arm-none-eabi/6.3.1/../../../../arm-none-eabi/lib/thumb/v6-m/crt0.o (memset)
c:/program files (x86)/atmel/studio/7.0/toolchain/arm/arm-gnu-toolchain/bin/../lib/gcc/arm-none-eabi/6.3.1/../../../../arm-none-eabi/lib/thumb/v6-m\libc_nano.a(lib_a-puts.o)
                              src/drivers/p_spi.o (puts)
c:/program files (x86)/atmel/studio/7.0/toolchain/arm/arm-gnu-toolchain/bin/../lib/gcc/arm-none-eabi/6.3.1/../../../../arm-none-eabi/lib/thumb/v6-m\libc_nano.a(lib_a-wbuf.o)
                              c:/program files (x86)/atmel/studio/7.0/toolchain/arm/arm-gnu-toolchain/bin/../lib/gcc/arm-none-eabi/6.3.1/../../../../arm-none-eabi/lib/thumb/v6-m\libc_nano.a(lib_a-puts.o) (__swbuf_r)
c:/program files (x86)/atmel/studio/7.0/toolchain/arm/arm-gnu-toolchain/bin/../lib/gcc/arm-none-eabi/6.3.1/../../../../arm-none-eabi/lib/thumb/v6-m\libc_nano.a(lib_a-wsetup.o)
                              c:/program files (x86)/atmel/studio/7.0/toolchain/arm/arm-gnu-toolchain/bin/../lib/gcc/arm-none-eabi/6.3.1/../../../../arm-none-eabi/lib/thumb/v6-m\libc_nano.a(lib_a-puts.o) (__swsetup_r)
c:/program files (x86)/atmel/studio/7.0/toolchain/arm/arm-gnu-toolchain/bin/../lib/gcc/arm-none-eabi/6.3.1/../../../../arm-none-eabi/lib/thumb/v6-m\libc_nano.a(lib_a-fflush.o)
                              c:/program files (x86)/atmel/studio/7.0/toolchain/arm/arm-gnu-toolchain/bin/../lib/gcc/arm-none-eabi/6.3.1/../../../../arm-none-eabi/lib/thumb/v6-m\libc_nano.a(lib_a-wbuf.o) (_fflush_r)
c:/program files (x86)/atmel/studio/7.0/toolchain/arm/arm-gnu-toolchain/bin/../lib/gcc/arm-none-eabi/6.3.1/../../../../arm-none-eabi/lib/thumb/v6-m\libc_nano.a(lib_a-findfp.o)
                              c:/program files (x86)/atmel/studio/7.0/toolchain/arm/arm-gnu-toolchain/bin/../lib/gcc/arm-none-eabi/6.3.1/../../../../arm-none-eabi/lib/thumb/v6-m\libc_nano.a(lib_a-puts.o) (__sinit)
c:/program files (x86)/atmel/studio/7.0/toolchain/arm/arm-gnu-toolchain/bin/../lib/gcc/arm-none-eabi/6.3.1/../../../../arm-none-eabi/lib/thumb/v6-m\libc_nano.a(lib_a-fwalk.o)
                              c:/program files (x86)/atmel/studio/7.0/toolchain/arm/arm-gnu-toolchain/bin/../lib/gcc/arm-none-eabi/6.3.1/../../../../arm-none-eabi/lib/thumb/v6-m\libc_nano.a(lib_a-findfp.o) (_fwalk)
c:/program files (x86)/atmel/studio/7.0/toolchain/arm/arm-gnu-toolchain/bin/../lib/gcc/arm-none-eabi/6.3.1/../../../../arm-none-eabi/lib/thumb/v6-m\libc_nano.a(lib_a-makebuf.o)
                              c:/program files (x86)/atmel/studio/7.0/toolchain/arm/arm-gnu-toolchain/bin/../lib/gcc/arm-none-eabi/6.3.1/../../../../arm-none-eabi/lib/thumb/v6-m\libc_nano.a(lib_a-wsetup.o) (__smakebuf_r)
[...]
Memory Configuration

Name             Origin             Length             Attributes
rom              0x00000000         0x00040000         xr
ram              0x20000000         0x00008000         xrw
*default*        0x00000000         0xffffffff

Linker script and memory map

LOAD c:/program files (x86)/atmel/studio/7.0/toolchain/arm/arm-gnu-toolchain/bin/../lib/gcc/arm-none-eabi/6.3.1/thumb/v6-m/crti.o
LOAD c:/program files (x86)/atmel/studio/7.0/toolchain/arm/arm-gnu-toolchain/bin/../lib/gcc/arm-none-eabi/6.3.1/thumb/v6-m/crtbegin.o
LOAD c:/program files (x86)/atmel/studio/7.0/toolchain/arm/arm-gnu-toolchain/bin/../lib/gcc/arm-none-eabi/6.3.1/../../../../arm-none-eabi/lib/thumb/v6-m/crt0.o
LOAD src/ASF/common2/services/delay/sam0/systick_counter.o
LOAD src/ASF/sam0/drivers/sercom/sercom.o
LOAD src/ASF/sam0/drivers/sercom/sercom_interrupt.o
LOAD src/ASF/sam0/drivers/sercom/usart/usart.o
LOAD src/ASF/sam0/drivers/sercom/usart/usart_interrupt.o
LOAD src/ASF/sam0/drivers/sercom/spi/spi.o
LOAD src/devices/thermocouple.o
LOAD src/drivers/p_spi.o
LOAD src/drivers/p_usart.o
LOAD src/ASF/common/utils/interrupt/interrupt_sam_nvic.o
LOAD src/ASF/sam0/boards/samd21_xplained_pro/board_init.o
LOAD src/ASF/sam0/drivers/port/port.o
LOAD src/ASF/sam0/drivers/system/clock/clock_samd21_r21_da_ha1/clock.o
LOAD src/ASF/sam0/drivers/system/clock/clock_samd21_r21_da_ha1/gclk.o
LOAD src/ASF/sam0/drivers/system/interrupt/system_interrupt.o
LOAD src/ASF/sam0/drivers/system/pinmux/pinmux.o
LOAD src/ASF/sam0/drivers/system/system.o
LOAD src/ASF/sam0/utils/cmsis/samd21/source/gcc/startup_samd21.o
LOAD src/ASF/sam0/utils/cmsis/samd21/source/system_samd21.o
LOAD src/ASF/sam0/utils/syscalls/gcc/syscalls.o
LOAD src/main.o
START GROUP
LOAD ../src/ASF/thirdparty/CMSIS/Lib/GCC\libarm_cortexM0l_math.a
LOAD c:/program files (x86)/atmel/studio/7.0/toolchain/arm/arm-gnu-toolchain/bin/../lib/gcc/arm-none-eabi/6.3.1/../../../../arm-none-eabi/lib/thumb/v6-m\libm.a
END GROUP
START GROUP
LOAD c:/program files (x86)/atmel/studio/7.0/toolchain/arm/arm-gnu-toolchain/bin/../lib/gcc/arm-none-eabi/6.3.1/thumb/v6-m\libgcc.a
LOAD c:/program files (x86)/atmel/studio/7.0/toolchain/arm/arm-gnu-toolchain/bin/../lib/gcc/arm-none-eabi/6.3.1/../../../../arm-none-eabi/lib/thumb/v6-m\libc_nano.a
END GROUP
START GROUP
LOAD c:/program files (x86)/atmel/studio/7.0/toolchain/arm/arm-gnu-toolchain/bin/../lib/gcc/arm-none-eabi/6.3.1/thumb/v6-m\libgcc.a
LOAD c:/program files (x86)/atmel/studio/7.0/toolchain/arm/arm-gnu-toolchain/bin/../lib/gcc/arm-none-eabi/6.3.1/../../../../arm-none-eabi/lib/thumb/v6-m\libc_nano.a
END GROUP
LOAD c:/program files (x86)/atmel/studio/7.0/toolchain/arm/arm-gnu-toolchain/bin/../lib/gcc/arm-none-eabi/6.3.1/thumb/v6-m/crtend.o
LOAD c:/program files (x86)/atmel/studio/7.0/toolchain/arm/arm-gnu-toolchain/bin/../lib/gcc/arm-none-eabi/6.3.1/thumb/v6-m/crtn.o
                0x00002000                STACK_SIZE = DEFINED (STACK_SIZE)?STACK_SIZE:DEFINED (__stack_size__)?__stack_size__:0x2000

.text           0x00000000      0x7e0
                0x00000000                . = ALIGN (0x4)
                0x00000000                _sfixed = .
 *(.vectors .vectors.*)
 .vectors       0x00000000       0xb4 src/ASF/sam0/utils/cmsis/samd21/source/gcc/startup_samd21.o
                0x00000000                exception_table
 *(.text .text.* .gnu.linkonce.t.*)
 .text          0x000000b4       0x60 c:/program files (x86)/atmel/studio/7.0/toolchain/arm/arm-gnu-toolchain/bin/../lib/gcc/arm-none-eabi/6.3.1/thumb/v6-m/crtbegin.o
 .text.SERCOM0_Handler
                0x00000114       0x10 src/ASF/sam0/drivers/sercom/sercom_interrupt.o
                0x00000114                SERCOM0_Handler
 .text.SERCOM1_Handler
                0x00000124       0x10 src/ASF/sam0/drivers/sercom/sercom_interrupt.o
                0x00000124                SERCOM1_Handler
 .text.SERCOM2_Handler
                0x00000134       0x10 src/ASF/sam0/drivers/sercom/sercom_interrupt.o
                0x00000134                SERCOM2_Handler
 .text.SERCOM3_Handler
                0x00000144       0x10 src/ASF/sam0/drivers/sercom/sercom_interrupt.o
                0x00000144                SERCOM3_Handler
 .text.SERCOM4_Handler
                0x00000154       0x10 src/ASF/sam0/drivers/sercom/sercom_interrupt.o
                0x00000154                SERCOM4_Handler
 .text.SERCOM5_Handler
                0x00000164       0x10 src/ASF/sam0/drivers/sercom/sercom_interrupt.o
                0x00000164                SERCOM5_Handler
 .text.cpu_irq_enter_critical
                0x00000174       0x40 src/ASF/common/utils/interrupt/interrupt_sam_nvic.o
                0x00000174                cpu_irq_enter_critical
 .text.cpu_irq_leave_critical
                0x000001b4       0x30 src/ASF/common/utils/interrupt/interrupt_sam_nvic.o
                0x000001b4                cpu_irq_leave_critical
 .text.system_board_init
                0x000001e4       0x38 src/ASF/sam0/boards/samd21_xplained_pro/board_init.o
                0x000001e4                board_init
                0x000001e4                system_board_init
 .text.port_pin_set_config
                0x0000021c       0x24 src/ASF/sam0/drivers/port/port.o
                0x0000021c                port_pin_set_config
 .text.system_clock_source_osc8m_set_config
                0x00000240       0x3c src/ASF/sam0/drivers/system/clock/clock_samd21_r21_da_ha1/clock.o
                0x00000240                system_clock_source_osc8m_set_config
 .text.system_clock_source_enable
                0x0000027c       0xa8 src/ASF/sam0/drivers/system/clock/clock_samd21_r21_da_ha1/clock.o
                0x0000027c                system_clock_source_enable
 .text.system_clock_init
                0x00000324       0x98 src/ASF/sam0/drivers/system/clock/clock_samd21_r21_da_ha1/clock.o
                0x00000324                system_clock_init
 .text.system_gclk_init
                0x000003bc       0x24 src/ASF/sam0/drivers/system/clock/clock_samd21_r21_da_ha1/gclk.o
                0x000003bc                system_gclk_init
 .text.system_gclk_gen_set_config
                0x000003e0       0xb8 src/ASF/sam0/drivers/system/clock/clock_samd21_r21_da_ha1/gclk.o
                0x000003e0                system_gclk_gen_set_config
 .text.system_gclk_gen_enable
                0x00000498       0x44 src/ASF/sam0/drivers/system/clock/clock_samd21_r21_da_ha1/gclk.o
                0x00000498                system_gclk_gen_enable
 .text.system_gclk_chan_disable
                0x000004dc       0x5c src/ASF/sam0/drivers/system/clock/clock_samd21_r21_da_ha1/gclk.o
                0x000004dc                system_gclk_chan_disable
 .text.system_gclk_chan_set_config
                0x00000538       0x1c src/ASF/sam0/drivers/system/clock/clock_samd21_r21_da_ha1/gclk.o
                0x00000538                system_gclk_chan_set_config
 .text._system_pinmux_config
                0x00000554       0xa8 src/ASF/sam0/drivers/system/pinmux/pinmux.o
 .text.system_pinmux_pin_set_config
                0x000005fc       0x30 src/ASF/sam0/drivers/system/pinmux/pinmux.o
                0x000005fc                system_pinmux_pin_set_config
 .text._system_dummy_init
                0x0000062c        0x2 src/ASF/sam0/drivers/system/system.o
                0x0000062c                _system_extint_init
                0x0000062c                _system_events_init
                0x0000062c                _system_dummy_init
                0x0000062c                _system_divas_init
 *fill*         0x0000062e        0x2 
 .text.system_init
                0x00000630       0x2c src/ASF/sam0/drivers/system/system.o
                0x00000630                system_init
 .text.Dummy_Handler
                0x0000065c        0x2 src/ASF/sam0/utils/cmsis/samd21/source/gcc/startup_samd21.o
                0x0000065c                DMAC_Handler
                0x0000065c                HardFault_Handler
                0x0000065c                AC_Handler
                0x0000065c                SysTick_Handler
                0x0000065c                PendSV_Handler
                0x0000065c                NMI_Handler
                0x0000065c                TC7_Handler
                0x0000065c                ADC_Handler
                0x0000065c                TCC1_Handler
                0x0000065c                TCC0_Handler
                0x0000065c                RTC_Handler
                0x0000065c                EIC_Handler
                0x0000065c                TC6_Handler
                0x0000065c                WDT_Handler
                0x0000065c                TC4_Handler
                0x0000065c                USB_Handler
                0x0000065c                TC3_Handler
                0x0000065c                Dummy_Handler
                0x0000065c                PM_Handler
                0x0000065c                SVC_Handler
                0x0000065c                TCC2_Handler
                0x0000065c                EVSYS_Handler
                0x0000065c                I2S_Handler
                0x0000065c                NVMCTRL_Handler
                0x0000065c                DAC_Handler
                0x0000065c                PTC_Handler
                0x0000065c                TC5_Handler
                0x0000065c                SYSCTRL_Handler
 *fill*         0x0000065e        0x2 
 .text.Reset_Handler
                0x00000660       0xe4 src/ASF/sam0/utils/cmsis/samd21/source/gcc/startup_samd21.o
                0x00000660                Reset_Handler
 .text.main     0x00000744       0x10 src/main.o
                0x00000744                main
 .text.__libc_init_array
                0x00000754       0x48 c:/program files (x86)/atmel/studio/7.0/toolchain/arm/arm-gnu-toolchain/bin/../lib/gcc/arm-none-eabi/6.3.1/../../../../arm-none-eabi/lib/thumb/v6-m\libc_nano.a(lib_a-init.o)
                0x00000754                __libc_init_array
 *(.glue_7t)
 .glue_7t       0x0000079c        0x0 linker stubs
 *(.glue_7)
 .glue_7        0x0000079c        0x0 linker stubs
 *(.rodata .rodata* .gnu.linkonce.r.*)
 .rodata.system_clock_source_enable
                0x0000079c       0x24 src/ASF/sam0/drivers/system/clock/clock_samd21_r21_da_ha1/clock.o
 *(.ARM.extab* .gnu.linkonce.armextab.*)
                0x000007c0                . = ALIGN (0x4)
 *(.init)
 .init          0x000007c0        0x4 c:/program files (x86)/atmel/studio/7.0/toolchain/arm/arm-gnu-toolchain/bin/../lib/gcc/arm-none-eabi/6.3.1/thumb/v6-m/crti.o
                0x000007c0                _init
 .init          0x000007c4        0x8 c:/program files (x86)/atmel/studio/7.0/toolchain/arm/arm-gnu-toolchain/bin/../lib/gcc/arm-none-eabi/6.3.1/thumb/v6-m/crtn.o
                0x000007cc                . = ALIGN (0x4)
                0x000007cc                __preinit_array_start = .
 *(.preinit_array)
                0x000007cc                __preinit_array_end = .
                0x000007cc                . = ALIGN (0x4)
                0x000007cc                __init_array_start = .
 *(SORT(.init_array.*))
 *(.init_array)
 .init_array    0x000007cc        0x4 c:/program files (x86)/atmel/studio/7.0/toolchain/arm/arm-gnu-toolchain/bin/../lib/gcc/arm-none-eabi/6.3.1/thumb/v6-m/crtbegin.o
                0x000007d0                __init_array_end = .
                0x000007d0                . = ALIGN (0x4)
 *crtbegin.o(.ctors)
 *(EXCLUDE_FILE(*crtend.o) .ctors)
 *(SORT(.ctors.*))
 *crtend.o(.ctors)
                0x000007d0                . = ALIGN (0x4)
 *(.fini)
 .fini          0x000007d0        0x4 c:/program files (x86)/atmel/studio/7.0/toolchain/arm/arm-gnu-toolchain/bin/../lib/gcc/arm-none-eabi/6.3.1/thumb/v6-m/crti.o
                0x000007d0                _fini
 .fini          0x000007d4        0x8 c:/program files (x86)/atmel/studio/7.0/toolchain/arm/arm-gnu-toolchain/bin/../lib/gcc/arm-none-eabi/6.3.1/thumb/v6-m/crtn.o
                0x000007dc                . = ALIGN (0x4)
                0x000007dc                __fini_array_start = .
 *(.fini_array)
 .fini_array    0x000007dc        0x4 c:/program files (x86)/atmel/studio/7.0/toolchain/arm/arm-gnu-toolchain/bin/../lib/gcc/arm-none-eabi/6.3.1/thumb/v6-m/crtbegin.o
 *(SORT(.fini_array.*))
                0x000007e0                __fini_array_end = .
 *crtbegin.o(.dtors)
 *(EXCLUDE_FILE(*crtend.o) .dtors)
 *(SORT(.dtors.*))
 *crtend.o(.dtors)
                0x000007e0                . = ALIGN (0x4)
                0x000007e0                _efixed = .
                [!provide]                PROVIDE (__exidx_start, .)

.vfp11_veneer   0x000007e0        0x0
 .vfp11_veneer  0x000007e0        0x0 linker stubs

.v4_bx          0x000007e0        0x0
 .v4_bx         0x000007e0        0x0 linker stubs

.iplt           0x000007e0        0x0
 .iplt          0x000007e0        0x0 c:/program files (x86)/atmel/studio/7.0/toolchain/arm/arm-gnu-toolchain/bin/../lib/gcc/arm-none-eabi/6.3.1/thumb/v6-m/crtbegin.o

.eh_frame       0x000007e0        0x0
 .eh_frame      0x000007e0        0x0 c:/program files (x86)/atmel/studio/7.0/toolchain/arm/arm-gnu-toolchain/bin/../lib/gcc/arm-none-eabi/6.3.1/thumb/v6-m/crtbegin.o

.rel.dyn        0x000007e0        0x0
 .rel.iplt      0x000007e0        0x0 c:/program files (x86)/atmel/studio/7.0/toolchain/arm/arm-gnu-toolchain/bin/../lib/gcc/arm-none-eabi/6.3.1/thumb/v6-m/crtbegin.o

.jcr            0x000007e0        0x0
 .jcr           0x000007e0        0x0 c:/program files (x86)/atmel/studio/7.0/toolchain/arm/arm-gnu-toolchain/bin/../lib/gcc/arm-none-eabi/6.3.1/thumb/v6-m/crtbegin.o

.igot.plt       0x000007e0        0x0
 .igot.plt      0x000007e0        0x0 c:/program files (x86)/atmel/studio/7.0/toolchain/arm/arm-gnu-toolchain/bin/../lib/gcc/arm-none-eabi/6.3.1/thumb/v6-m/crtbegin.o

.ARM.exidx
 *(.ARM.exidx* .gnu.linkonce.armexidx.*)
                [!provide]                PROVIDE (__exidx_end, .)
                0x000007e0                . = ALIGN (0x4)
                0x000007e0                _etext = .

.relocate       0x20000000        0x4 load address 0x000007e0
                0x20000000                . = ALIGN (0x4)
                0x20000000                _srelocate = .
 *(.ramfunc .ramfunc.*)
 *(.data .data.*)
 .data.g_interrupt_enabled
                0x20000000        0x1 src/ASF/common/utils/interrupt/interrupt_sam_nvic.o
                0x20000000                g_interrupt_enabled
                0x20000004                . = ALIGN (0x4)
 *fill*         0x20000001        0x3 
                0x20000004                _erelocate = .

.bss            0x20000004       0x54 load address 0x000007e4
                0x20000004                . = ALIGN (0x4)
                0x20000004                _sbss = .
                0x20000004                _szero = .
 *(.bss .bss.*)
 .bss           0x20000004       0x1c c:/program files (x86)/atmel/studio/7.0/toolchain/arm/arm-gnu-toolchain/bin/../lib/gcc/arm-none-eabi/6.3.1/thumb/v6-m/crtbegin.o
 .bss._sercom_interrupt_handlers
                0x20000020       0x18 src/ASF/sam0/drivers/sercom/sercom_interrupt.o
 .bss.cpu_irq_critical_section_counter
                0x20000038        0x4 src/ASF/common/utils/interrupt/interrupt_sam_nvic.o
 .bss.cpu_irq_prev_interrupt_state
                0x2000003c        0x1 src/ASF/common/utils/interrupt/interrupt_sam_nvic.o
 *fill*         0x2000003d        0x3 
 .bss._system_clock_inst
                0x20000040       0x18 src/ASF/sam0/drivers/system/clock/clock_samd21_r21_da_ha1/clock.o
 *(COMMON)
                0x20000058                . = ALIGN (0x4)
                0x20000058                _ebss = .
                0x20000058                _ezero = .

.stack          0x20000058     0x2000 load address 0x00000838
                0x20000058                . = ALIGN (0x8)
                0x20000058                _sstack = .
                0x20002058                . = (. + STACK_SIZE)
 *fill*         0x20000058     0x2000 
                0x20002058                . = ALIGN (0x8)
                0x20002058                _estack = .
                0x20002058                . = ALIGN (0x4)
                0x20002058                _end = .
OUTPUT(MARP_THERMOCOUPLE_TESTING_12_15_18.elf elf32-littlearm)

.ARM.attributes
                0x00000000       0x28
 .ARM.attributes
                0x00000000       0x1e c:/program files (x86)/atmel/studio/7.0/toolchain/arm/arm-gnu-toolchain/bin/../lib/gcc/arm-none-eabi/6.3.1/thumb/v6-m/crti.o
 .ARM.attributes
                0x0000001e       0x2c c:/program files (x86)/atmel/studio/7.0/toolchain/arm/arm-gnu-toolchain/bin/../lib/gcc/arm-none-eabi/6.3.1/thumb/v6-m/crtbegin.o
 .ARM.attributes
                0x0000004a       0x32 src/ASF/sam0/drivers/sercom/sercom_interrupt.o
 .ARM.attributes
                0x0000007c       0x32 src/ASF/common/utils/interrupt/interrupt_sam_nvic.o
 .ARM.attributes
                0x000000ae       0x32 src/ASF/sam0/boards/samd21_xplained_pro/board_init.o
 .ARM.attributes
                0x000000e0       0x32 src/ASF/sam0/drivers/port/port.o
 .ARM.attributes
                0x00000112       0x32 src/ASF/sam0/drivers/system/clock/clock_samd21_r21_da_ha1/clock.o
 .ARM.attributes
                0x00000144       0x32 src/ASF/sam0/drivers/system/clock/clock_samd21_r21_da_ha1/gclk.o
 .ARM.attributes
                0x00000176       0x32 src/ASF/sam0/drivers/system/pinmux/pinmux.o
 .ARM.attributes
                0x000001a8       0x32 src/ASF/sam0/drivers/system/system.o
 .ARM.attributes
                0x000001da       0x32 src/ASF/sam0/utils/cmsis/samd21/source/gcc/startup_samd21.o
 .ARM.attributes
                0x0000020c       0x32 src/main.o
 .ARM.attributes
                0x0000023e       0x2c c:/program files (x86)/atmel/studio/7.0/toolchain/arm/arm-gnu-toolchain/bin/../lib/gcc/arm-none-eabi/6.3.1/../../../../arm-none-eabi/lib/thumb/v6-m\libc_nano.a(lib_a-init.o)
 .ARM.attributes
                0x0000026a       0x1e c:/program files (x86)/atmel/studio/7.0/toolchain/arm/arm-gnu-toolchain/bin/../lib/gcc/arm-none-eabi/6.3.1/thumb/v6-m/crtn.o

.comment        0x00000000       0x59
 .comment       0x00000000       0x59 src/ASF/sam0/drivers/sercom/sercom_interrupt.o
                                 0x5a (size before relaxing)
 .comment       0x00000059       0x5a src/ASF/common/utils/interrupt/interrupt_sam_nvic.o
 .comment       0x00000059       0x5a src/ASF/sam0/boards/samd21_xplained_pro/board_init.o
 .comment       0x00000059       0x5a src/ASF/sam0/drivers/port/port.o
 .comment       0x00000059       0x5a src/ASF/sam0/drivers/system/clock/clock_samd21_r21_da_ha1/clock.o
 .comment       0x00000059       0x5a src/ASF/sam0/drivers/system/clock/clock_samd21_r21_da_ha1/gclk.o
 .comment       0x00000059       0x5a src/ASF/sam0/drivers/system/pinmux/pinmux.o
 .comment       0x00000059       0x5a src/ASF/sam0/drivers/system/system.o
 .comment       0x00000059       0x5a src/ASF/sam0/utils/cmsis/samd21/source/gcc/startup_samd21.o
 .comment       0x00000059       0x5a src/main.o

.debug_info     0x00000000    0x115e4
 .debug_info    0x00000000     0x2be7 src/ASF/sam0/drivers/sercom/sercom_interrupt.o
 .debug_info    0x00002be7      0xb07 src/ASF/common/utils/interrupt/interrupt_sam_nvic.o
 .debug_info    0x000036ee     0x12ad src/ASF/sam0/boards/samd21_xplained_pro/board_init.o
 .debug_info    0x0000499b     0x12b6 src/ASF/sam0/drivers/port/port.o
 .debug_info    0x00005c51     0x37aa src/ASF/sam0/drivers/system/clock/clock_samd21_r21_da_ha1/clock.o
 .debug_info    0x000093fb     0x1ec7 src/ASF/sam0/drivers/system/clock/clock_samd21_r21_da_ha1/gclk.o
 .debug_info    0x0000b2c2     0x13f3 src/ASF/sam0/drivers/system/pinmux/pinmux.o
 .debug_info    0x0000c6b5      0xa73 src/ASF/sam0/drivers/system/system.o
 .debug_info    0x0000d128     0x3a3f src/ASF/sam0/utils/cmsis/samd21/source/gcc/startup_samd21.o
 .debug_info    0x00010b67      0xa7d src/main.o

.debug_abbrev   0x00000000     0x1c3f
 .debug_abbrev  0x00000000      0x2d8 src/ASF/sam0/drivers/sercom/sercom_interrupt.o
 .debug_abbrev  0x000002d8      0x22c src/ASF/common/utils/interrupt/interrupt_sam_nvic.o
 .debug_abbrev  0x00000504      0x2dc src/ASF/sam0/boards/samd21_xplained_pro/board_init.o
 .debug_abbrev  0x000007e0      0x298 src/ASF/sam0/drivers/port/port.o
 .debug_abbrev  0x00000a78      0x465 src/ASF/sam0/drivers/system/clock/clock_samd21_r21_da_ha1/clock.o
 .debug_abbrev  0x00000edd      0x40d src/ASF/sam0/drivers/system/clock/clock_samd21_r21_da_ha1/gclk.o
 .debug_abbrev  0x000012ea      0x361 src/ASF/sam0/drivers/system/pinmux/pinmux.o
 .debug_abbrev  0x0000164b      0x1e1 src/ASF/sam0/drivers/system/system.o
 .debug_abbrev  0x0000182c      0x234 src/ASF/sam0/utils/cmsis/samd21/source/gcc/startup_samd21.o
 .debug_abbrev  0x00001a60      0x1df src/main.o

.debug_loc      0x00000000     0x1adc
 .debug_loc     0x00000000      0x161 src/ASF/sam0/drivers/sercom/sercom_interrupt.o
 .debug_loc     0x00000161       0x8b src/ASF/sam0/boards/samd21_xplained_pro/board_init.o
 .debug_loc     0x000001ec      0x13d src/ASF/sam0/drivers/port/port.o
 .debug_loc     0x00000329      0xec2 src/ASF/sam0/drivers/system/clock/clock_samd21_r21_da_ha1/clock.o
 .debug_loc     0x000011eb      0x504 src/ASF/sam0/drivers/system/clock/clock_samd21_r21_da_ha1/gclk.o
 .debug_loc     0x000016ef      0x36d src/ASF/sam0/drivers/system/pinmux/pinmux.o
 .debug_loc     0x00001a5c       0x20 src/ASF/sam0/drivers/system/system.o
 .debug_loc     0x00001a7c       0x40 src/ASF/sam0/utils/cmsis/samd21/source/gcc/startup_samd21.o
 .debug_loc     0x00001abc       0x20 src/main.o

.debug_aranges  0x00000000      0x278
 .debug_aranges
                0x00000000       0x60 src/ASF/sam0/drivers/sercom/sercom_interrupt.o
 .debug_aranges
                0x00000060       0x28 src/ASF/common/utils/interrupt/interrupt_sam_nvic.o
 .debug_aranges
                0x00000088       0x20 src/ASF/sam0/boards/samd21_xplained_pro/board_init.o
 .debug_aranges
                0x000000a8       0x28 src/ASF/sam0/drivers/port/port.o
 .debug_aranges
                0x000000d0       0x78 src/ASF/sam0/drivers/system/clock/clock_samd21_r21_da_ha1/clock.o
 .debug_aranges
                0x00000148       0x80 src/ASF/sam0/drivers/system/clock/clock_samd21_r21_da_ha1/gclk.o
 .debug_aranges
                0x000001c8       0x40 src/ASF/sam0/drivers/system/pinmux/pinmux.o
 .debug_aranges
                0x00000208       0x28 src/ASF/sam0/drivers/system/system.o
 .debug_aranges
                0x00000230       0x28 src/ASF/sam0/utils/cmsis/samd21/source/gcc/startup_samd21.o
 .debug_aranges
                0x00000258       0x20 src/main.o

.debug_ranges   0x00000000      0x1f0
 .debug_ranges  0x00000000       0x50 src/ASF/sam0/drivers/sercom/sercom_interrupt.o
 .debug_ranges  0x00000050       0x18 src/ASF/common/utils/interrupt/interrupt_sam_nvic.o
 .debug_ranges  0x00000068       0x10 src/ASF/sam0/boards/samd21_xplained_pro/board_init.o
 .debug_ranges  0x00000078       0x18 src/ASF/sam0/drivers/port/port.o
 .debug_ranges  0x00000090       0x68 src/ASF/sam0/drivers/system/clock/clock_samd21_r21_da_ha1/clock.o
 .debug_ranges  0x000000f8       0x88 src/ASF/sam0/drivers/system/clock/clock_samd21_r21_da_ha1/gclk.o
 .debug_ranges  0x00000180       0x30 src/ASF/sam0/drivers/system/pinmux/pinmux.o
 .debug_ranges  0x000001b0       0x18 src/ASF/sam0/drivers/system/system.o
 .debug_ranges  0x000001c8       0x18 src/ASF/sam0/utils/cmsis/samd21/source/gcc/startup_samd21.o
 .debug_ranges  0x000001e0       0x10 src/main.o

.debug_macro    0x00000000     0x3690
 .debug_macro   0x00000000      0x59c src/ASF/sam0/drivers/sercom/sercom_interrupt.o
 .debug_macro   0x0000059c      0x512 src/ASF/common/utils/interrupt/interrupt_sam_nvic.o
 .debug_macro   0x00000aae      0x54d src/ASF/sam0/boards/samd21_xplained_pro/board_init.o
 .debug_macro   0x00000ffb      0x52c src/ASF/sam0/drivers/port/port.o
 .debug_macro   0x00001527      0x583 src/ASF/sam0/drivers/system/clock/clock_samd21_r21_da_ha1/clock.o
 .debug_macro   0x00001aaa      0x298 src/ASF/sam0/drivers/system/clock/clock_samd21_r21_da_ha1/clock.o
 .debug_macro   0x00001d42      0x548 src/ASF/sam0/drivers/system/clock/clock_samd21_r21_da_ha1/gclk.o
 .debug_macro   0x0000228a      0x522 src/ASF/sam0/drivers/system/pinmux/pinmux.o
 .debug_macro   0x000027ac       0x12 src/ASF/sam0/drivers/system/pinmux/pinmux.o
 .debug_macro   0x000027be      0x555 src/ASF/sam0/drivers/system/system.o
 .debug_macro   0x00002d13      0x2f9 src/ASF/sam0/utils/cmsis/samd21/source/gcc/startup_samd21.o
 .debug_macro   0x0000300c       0x3a src/ASF/sam0/utils/cmsis/samd21/source/gcc/startup_samd21.o
 .debug_macro   0x00003046      0x64a src/main.o

.debug_line     0x00000000     0x65f8
 .debug_line    0x00000000      0xb81 src/ASF/sam0/drivers/sercom/sercom_interrupt.o
 .debug_line    0x00000b81      0x8d7 src/ASF/common/utils/interrupt/interrupt_sam_nvic.o
 .debug_line    0x00001458      0x97f src/ASF/sam0/boards/samd21_xplained_pro/board_init.o
 .debug_line    0x00001dd7      0x904 src/ASF/sam0/drivers/port/port.o
 .debug_line    0x000026db      0xc5a src/ASF/sam0/drivers/system/clock/clock_samd21_r21_da_ha1/clock.o
 .debug_line    0x00003335      0xc80 src/ASF/sam0/drivers/system/clock/clock_samd21_r21_da_ha1/gclk.o
 .debug_line    0x00003fb5      0x951 src/ASF/sam0/drivers/system/pinmux/pinmux.o
 .debug_line    0x00004906      0x9fb src/ASF/sam0/drivers/system/system.o
 .debug_line    0x00005301      0x656 src/ASF/sam0/utils/cmsis/samd21/source/gcc/startup_samd21.o
 .debug_line    0x00005957      0xca1 src/main.o

.debug_str      0x00000000    0x8bf70
 .debug_str     0x00000000    0x83ae3 src/ASF/sam0/drivers/sercom/sercom_interrupt.o
                              0x84459 (size before relaxing)
 .debug_str     0x00083ae3       0x94 src/ASF/common/utils/interrupt/interrupt_sam_nvic.o
                              0x82ecb (size before relaxing)
 .debug_str     0x00083b77     0x3d41 src/ASF/sam0/boards/samd21_xplained_pro/board_init.o
                              0x86c29 (size before relaxing)
 .debug_str     0x000878b8      0x18d src/ASF/sam0/drivers/port/port.o
                              0x832f7 (size before relaxing)
 .debug_str     0x00087a45     0x2dce src/ASF/sam0/drivers/system/clock/clock_samd21_r21_da_ha1/clock.o
                              0x86064 (size before relaxing)
 .debug_str     0x0008a813      0x27c src/ASF/sam0/drivers/system/clock/clock_samd21_r21_da_ha1/gclk.o
                              0x83b8e (size before relaxing)
 .debug_str     0x0008aa8f      0x179 src/ASF/sam0/drivers/system/pinmux/pinmux.o
                              0x8336d (size before relaxing)
 .debug_str     0x0008ac08       0x47 src/ASF/sam0/drivers/system/system.o
                              0x82fa8 (size before relaxing)
 .debug_str     0x0008ac4f      0xf25 src/ASF/sam0/utils/cmsis/samd21/source/gcc/startup_samd21.o
                              0x6e3b5 (size before relaxing)
 .debug_str     0x0008bb74      0x3fc src/main.o
                              0x8742d (size before relaxing)

.debug_frame    0x00000000      0x584
 .debug_frame   0x00000000       0xe8 src/ASF/sam0/drivers/sercom/sercom_interrupt.o
 .debug_frame   0x000000e8       0x30 src/ASF/common/utils/interrupt/interrupt_sam_nvic.o
 .debug_frame   0x00000118       0x30 src/ASF/sam0/boards/samd21_xplained_pro/board_init.o
 .debug_frame   0x00000148       0x44 src/ASF/sam0/drivers/port/port.o
 .debug_frame   0x0000018c      0x14c src/ASF/sam0/drivers/system/clock/clock_samd21_r21_da_ha1/clock.o
 .debug_frame   0x000002d8      0x148 src/ASF/sam0/drivers/system/clock/clock_samd21_r21_da_ha1/gclk.o
 .debug_frame   0x00000420       0x98 src/ASF/sam0/drivers/system/pinmux/pinmux.o
 .debug_frame   0x000004b8       0x38 src/ASF/sam0/drivers/system/system.o
 .debug_frame   0x000004f0       0x40 src/ASF/sam0/utils/cmsis/samd21/source/gcc/startup_samd21.o
 .debug_frame   0x00000530       0x28 src/main.o
 .debug_frame   0x00000558       0x2c c:/program files (x86)/atmel/studio/7.0/toolchain/arm/arm-gnu-toolchain/bin/../lib/gcc/arm-none-eabi/6.3.1/../../../../arm-none-eabi/lib/thumb/v6-m\libc_nano.a(lib_a-init.o)

Cross Reference Table

Symbol                                            File
AC_Handler                                        src/ASF/sam0/utils/cmsis/samd21/source/gcc/startup_samd21.o
ADC_Handler                                       src/ASF/sam0/utils/cmsis/samd21/source/gcc/startup_samd21.o
DAC_Handler                                       src/ASF/sam0/utils/cmsis/samd21/source/gcc/startup_samd21.o
DMAC_Handler                                      src/ASF/sam0/utils/cmsis/samd21/source/gcc/startup_samd21.o
Dummy_Handler                                     src/ASF/sam0/utils/cmsis/samd21/source/gcc/startup_samd21.o
EIC_Handler                                       src/ASF/sam0/utils/cmsis/samd21/source/gcc/startup_samd21.o
EVSYS_Handler                                     src/ASF/sam0/utils/cmsis/samd21/source/gcc/startup_samd21.o
HardFault_Handler                                 src/ASF/sam0/utils/cmsis/samd21/source/gcc/startup_samd21.o
I2S_Handler                                       src/ASF/sam0/utils/cmsis/samd21/source/gcc/startup_samd21.o
NMI_Handler                                       src/ASF/sam0/utils/cmsis/samd21/source/gcc/startup_samd21.o
NVMCTRL_Handler                                   src/ASF/sam0/utils/cmsis/samd21/source/gcc/startup_samd21.o
PM_Handler                                        src/ASF/sam0/utils/cmsis/samd21/source/gcc/startup_samd21.o
PTC_Handler                                       src/ASF/sam0/utils/cmsis/samd21/source/gcc/startup_samd21.o
PendSV_Handler                                    src/ASF/sam0/utils/cmsis/samd21/source/gcc/startup_samd21.o
RTC_Handler                                       src/ASF/sam0/utils/cmsis/samd21/source/gcc/startup_samd21.o
Reset_Handler                                     src/ASF/sam0/utils/cmsis/samd21/source/gcc/startup_samd21.o
SERCOM0_Handler                                   src/ASF/sam0/drivers/sercom/sercom_interrupt.o
SERCOM1_Handler                                   src/ASF/sam0/drivers/sercom/sercom_interrupt.o
SERCOM2_Handler                                   src/ASF/sam0/drivers/sercom/sercom_interrupt.o
SERCOM3_Handler                                   src/ASF/sam0/drivers/sercom/sercom_interrupt.o
SERCOM4_Handler                                   src/ASF/sam0/drivers/sercom/sercom_interrupt.o
SERCOM5_Handler                                   src/ASF/sam0/drivers/sercom/sercom_interrupt.o
SVC_Handler                                       src/ASF/sam0/utils/cmsis/samd21/source/gcc/startup_samd21.o
SYSCTRL_Handler                                   src/ASF/sam0/utils/cmsis/samd21/source/gcc/startup_samd21.o
SysTick_Handler                                   src/ASF/sam0/utils/cmsis/samd21/source/gcc/startup_samd21.o
SystemCoreClock                                   src/ASF/sam0/utils/cmsis/samd21/source/system_samd21.o
SystemCoreClockUpdate                             src/ASF/sam0/utils/cmsis/samd21/source/system_samd21.o
SystemInit                                        src/ASF/sam0/utils/cmsis/samd21/source/system_samd21.o
TC3_Handler                                       src/ASF/sam0/utils/cmsis/samd21/source/gcc/startup_samd21.o
TC4_Handler                                       src/ASF/sam0/utils/cmsis/samd21/source/gcc/startup_samd21.o
TC5_Handler                                       src/ASF/sam0/utils/cmsis/samd21/source/gcc/startup_samd21.o
TC6_Handler                                       src/ASF/sam0/utils/cmsis/samd21/source/gcc/startup_samd21.o
TC7_Handler                                       src/ASF/sam0/utils/cmsis/samd21/source/gcc/startup_samd21.o
TCC0_Handler                                      src/ASF/sam0/utils/cmsis/samd21/source/gcc/startup_samd21.o
TCC1_Handler                                      src/ASF/sam0/utils/cmsis/samd21/source/gcc/startup_samd21.o
TCC2_Handler                                      src/ASF/sam0/utils/cmsis/samd21/source/gcc/startup_samd21.o
USB_Handler                                       src/ASF/sam0/utils/cmsis/samd21/source/gcc/startup_samd21.o
WDT_Handler                                       src/ASF/sam0/utils/cmsis/samd21/source/gcc/startup_samd21.o
_Jv_RegisterClasses                               c:/program files (x86)/atmel/studio/7.0/toolchain/arm/arm-gnu-toolchain/bin/../lib/gcc/arm-none-eabi/6.3.1/thumb/v6-m/crtbegin.o
__aeabi_idiv0                                     c:/program files (x86)/atmel/studio/7.0/toolchain/arm/arm-gnu-toolchain/bin/../lib/gcc/arm-none-eabi/6.3.1/thumb/v6-m\libgcc.a(_dvmd_tls.o)
                                                  c:/program files (x86)/atmel/studio/7.0/toolchain/arm/arm-gnu-toolchain/bin/../lib/gcc/arm-none-eabi/6.3.1/thumb/v6-m\libgcc.a(_udivsi3.o)
__aeabi_ldiv0                                     c:/program files (x86)/atmel/studio/7.0/toolchain/arm/arm-gnu-toolchain/bin/../lib/gcc/arm-none-eabi/6.3.1/thumb/v6-m\libgcc.a(_dvmd_tls.o)
__aeabi_lmul                                      c:/program files (x86)/atmel/studio/7.0/toolchain/arm/arm-gnu-toolchain/bin/../lib/gcc/arm-none-eabi/6.3.1/thumb/v6-m\libgcc.a(_muldi3.o)
                                                  src/ASF/sam0/drivers/sercom/sercom.o
__aeabi_uidiv                                     c:/program files (x86)/atmel/studio/7.0/toolchain/arm/arm-gnu-toolchain/bin/../lib/gcc/arm-none-eabi/6.3.1/thumb/v6-m\libgcc.a(_udivsi3.o)
                                                  src/ASF/sam0/drivers/system/clock/clock_samd21_r21_da_ha1/gclk.o
                                                  src/ASF/sam0/drivers/system/clock/clock_samd21_r21_da_ha1/clock.o
                                                  src/ASF/common2/services/delay/sam0/systick_counter.o
__aeabi_uidivmod                                  c:/program files (x86)/atmel/studio/7.0/toolchain/arm/arm-gnu-toolchain/bin/../lib/gcc/arm-none-eabi/6.3.1/thumb/v6-m\libgcc.a(_udivsi3.o)
__bss_end__                                       c:/program files (x86)/atmel/studio/7.0/toolchain/arm/arm-gnu-toolchain/bin/../lib/gcc/arm-none-eabi/6.3.1/../../../../arm-none-eabi/lib/thumb/v6-m/crt0.o
__bss_start__                                     c:/program files (x86)/atmel/studio/7.0/toolchain/arm/arm-gnu-toolchain/bin/../lib/gcc/arm-none-eabi/6.3.1/../../../../arm-none-eabi/lib/thumb/v6-m/crt0.o
__call_exitprocs                                  c:/program files (x86)/atmel/studio/7.0/toolchain/arm/arm-gnu-toolchain/bin/../lib/gcc/arm-none-eabi/6.3.1/../../../../arm-none-eabi/lib/thumb/v6-m\libc_nano.a(lib_a-exit.o)
__deregister_frame_info                           c:/program files (x86)/atmel/studio/7.0/toolchain/arm/arm-gnu-toolchain/bin/../lib/gcc/arm-none-eabi/6.3.1/thumb/v6-m/crtbegin.o
__dso_handle                                      c:/program files (x86)/atmel/studio/7.0/toolchain/arm/arm-gnu-toolchain/bin/../lib/gcc/arm-none-eabi/6.3.1/thumb/v6-m/crtbegin.o
__fp_lock_all                                     c:/program files (x86)/atmel/studio/7.0/toolchain/arm/arm-gnu-toolchain/bin/../lib/gcc/arm-none-eabi/6.3.1/../../../../arm-none-eabi/lib/thumb/v6-m\libc_nano.a(lib_a-findfp.o)
__fp_unlock_all                                   c:/program files (x86)/atmel/studio/7.0/toolchain/arm/arm-gnu-toolchain/bin/../lib/gcc/arm-none-eabi/6.3.1/../../../../arm-none-eabi/lib/thumb/v6-m\libc_nano.a(lib_a-findfp.o)
__init_array_end                                  c:/program files (x86)/atmel/studio/7.0/toolchain/arm/arm-gnu-toolchain/bin/../lib/gcc/arm-none-eabi/6.3.1/../../../../arm-none-eabi/lib/thumb/v6-m\libc_nano.a(lib_a-init.o)
__init_array_start                                c:/program files (x86)/atmel/studio/7.0/toolchain/arm/arm-gnu-toolchain/bin/../lib/gcc/arm-none-eabi/6.3.1/../../../../arm-none-eabi/lib/thumb/v6-m\libc_nano.a(lib_a-init.o)
__libc_fini_array                                 c:/program files (x86)/atmel/studio/7.0/toolchain/arm/arm-gnu-toolchain/bin/../lib/gcc/arm-none-eabi/6.3.1/../../../../arm-none-eabi/lib/thumb/v6-m/crt0.o
__libc_init_array                                 c:/program files (x86)/atmel/studio/7.0/toolchain/arm/arm-gnu-toolchain/bin/../lib/gcc/arm-none-eabi/6.3.1/../../../../arm-none-eabi/lib/thumb/v6-m\libc_nano.a(lib_a-init.o)
                                                  src/ASF/sam0/utils/cmsis/samd21/source/gcc/startup_samd21.o
                                                  c:/program files (x86)/atmel/studio/7.0/toolchain/arm/arm-gnu-toolchain/bin/../lib/gcc/arm-none-eabi/6.3.1/../../../../arm-none-eabi/lib/thumb/v6-m/crt0.o
__malloc_free_list                                c:/program files (x86)/atmel/studio/7.0/toolchain/arm/arm-gnu-toolchain/bin/../lib/gcc/arm-none-eabi/6.3.1/../../../../arm-none-eabi/lib/thumb/v6-m\libc_nano.a(lib_a-nano-mallocr.o)
                                                  c:/program files (x86)/atmel/studio/7.0/toolchain/arm/arm-gnu-toolchain/bin/../lib/gcc/arm-none-eabi/6.3.1/../../../../arm-none-eabi/lib/thumb/v6-m\libc_nano.a(lib_a-nano-freer.o)
__malloc_lock                                     c:/program files (x86)/atmel/studio/7.0/toolchain/arm/arm-gnu-toolchain/bin/../lib/gcc/arm-none-eabi/6.3.1/../../../../arm-none-eabi/lib/thumb/v6-m\libc_nano.a(lib_a-mlock.o)
                                                  c:/program files (x86)/atmel/studio/7.0/toolchain/arm/arm-gnu-toolchain/bin/../lib/gcc/arm-none-eabi/6.3.1/../../../../arm-none-eabi/lib/thumb/v6-m\libc_nano.a(lib_a-nano-mallocr.o)
                                                  c:/program files (x86)/atmel/studio/7.0/toolchain/arm/arm-gnu-toolchain/bin/../lib/gcc/arm-none-eabi/6.3.1/../../../../arm-none-eabi/lib/thumb/v6-m\libc_nano.a(lib_a-nano-freer.o)
__malloc_sbrk_start                               c:/program files (x86)/atmel/studio/7.0/toolchain/arm/arm-gnu-toolchain/bin/../lib/gcc/arm-none-eabi/6.3.1/../../../../arm-none-eabi/lib/thumb/v6-m\libc_nano.a(lib_a-nano-mallocr.o)
__malloc_unlock                                   c:/program files (x86)/atmel/studio/7.0/toolchain/arm/arm-gnu-toolchain/bin/../lib/gcc/arm-none-eabi/6.3.1/../../../../arm-none-eabi/lib/thumb/v6-m\libc_nano.a(lib_a-mlock.o)
                                                  c:/program files (x86)/atmel/studio/7.0/toolchain/arm/arm-gnu-toolchain/bin/../lib/gcc/arm-none-eabi/6.3.1/../../../../arm-none-eabi/lib/thumb/v6-m\libc_nano.a(lib_a-nano-mallocr.o)
                                                  c:/program files (x86)/atmel/studio/7.0/toolchain/arm/arm-gnu-toolchain/bin/../lib/gcc/arm-none-eabi/6.3.1/../../../../arm-none-eabi/lib/thumb/v6-m\libc_nano.a(lib_a-nano-freer.o)
__muldi3                                          c:/program files (x86)/atmel/studio/7.0/toolchain/arm/arm-gnu-toolchain/bin/../lib/gcc/arm-none-eabi/6.3.1/thumb/v6-m\libgcc.a(_muldi3.o)
__preinit_array_end                               c:/program files (x86)/atmel/studio/7.0/toolchain/arm/arm-gnu-toolchain/bin/../lib/gcc/arm-none-eabi/6.3.1/../../../../arm-none-eabi/lib/thumb/v6-m\libc_nano.a(lib_a-init.o)
__preinit_array_start                             c:/program files (x86)/atmel/studio/7.0/toolchain/arm/arm-gnu-toolchain/bin/../lib/gcc/arm-none-eabi/6.3.1/../../../../arm-none-eabi/lib/thumb/v6-m\libc_nano.a(lib_a-init.o)
__register_frame_info                             c:/program files (x86)/atmel/studio/7.0/toolchain/arm/arm-gnu-toolchain/bin/../lib/gcc/arm-none-eabi/6.3.1/thumb/v6-m/crtbegin.o
__sclose                                          c:/program files (x86)/atmel/studio/7.0/toolchain/arm/arm-gnu-toolchain/bin/../lib/gcc/arm-none-eabi/6.3.1/../../../../arm-none-eabi/lib/thumb/v6-m\libc_nano.a(lib_a-stdio.o)
                                                  c:/program files (x86)/atmel/studio/7.0/toolchain/arm/arm-gnu-toolchain/bin/../lib/gcc/arm-none-eabi/6.3.1/../../../../arm-none-eabi/lib/thumb/v6-m\libc_nano.a(lib_a-findfp.o)
__seofread                                        c:/program files (x86)/atmel/studio/7.0/toolchain/arm/arm-gnu-toolchain/bin/../lib/gcc/arm-none-eabi/6.3.1/../../../../arm-none-eabi/lib/thumb/v6-m\libc_nano.a(lib_a-stdio.o)
__sf_fake_stderr                                  c:/program files (x86)/atmel/studio/7.0/toolchain/arm/arm-gnu-toolchain/bin/../lib/gcc/arm-none-eabi/6.3.1/../../../../arm-none-eabi/lib/thumb/v6-m\libc_nano.a(lib_a-findfp.o)
                                                  c:/program files (x86)/atmel/studio/7.0/toolchain/arm/arm-gnu-toolchain/bin/../lib/gcc/arm-none-eabi/6.3.1/../../../../arm-none-eabi/lib/thumb/v6-m\libc_nano.a(lib_a-fflush.o)
                                                  c:/program files (x86)/atmel/studio/7.0/toolchain/arm/arm-gnu-toolchain/bin/../lib/gcc/arm-none-eabi/6.3.1/../../../../arm-none-eabi/lib/thumb/v6-m\libc_nano.a(lib_a-wsetup.o)
                                                  c:/program files (x86)/atmel/studio/7.0/toolchain/arm/arm-gnu-toolchain/bin/../lib/gcc/arm-none-eabi/6.3.1/../../../../arm-none-eabi/lib/thumb/v6-m\libc_nano.a(lib_a-wbuf.o)
                                                  c:/program files (x86)/atmel/studio/7.0/toolchain/arm/arm-gnu-toolchain/bin/../lib/gcc/arm-none-eabi/6.3.1/../../../../arm-none-eabi/lib/thumb/v6-m\libc_nano.a(lib_a-puts.o)
                                                  c:/program files (x86)/atmel/studio/7.0/toolchain/arm/arm-gnu-toolchain/bin/../lib/gcc/arm-none-eabi/6.3.1/../../../../arm-none-eabi/lib/thumb/v6-m\libc_nano.a(lib_a-impure.o)
__sf_fake_stdin                                   c:/program files (x86)/atmel/studio/7.0/toolchain/arm/arm-gnu-toolchain/bin/../lib/gcc/arm-none-eabi/6.3.1/../../../../arm-none-eabi/lib/thumb/v6-m\libc_nano.a(lib_a-findfp.o)
                                                  c:/program files (x86)/atmel/studio/7.0/toolchain/arm/arm-gnu-toolchain/bin/../lib/gcc/arm-none-eabi/6.3.1/../../../../arm-none-eabi/lib/thumb/v6-m\libc_nano.a(lib_a-fflush.o)
                                                  c:/program files (x86)/atmel/studio/7.0/toolchain/arm/arm-gnu-toolchain/bin/../lib/gcc/arm-none-eabi/6.3.1/../../../../arm-none-eabi/lib/thumb/v6-m\libc_nano.a(lib_a-wsetup.o)
                                                  c:/program files (x86)/atmel/studio/7.0/toolchain/arm/arm-gnu-toolchain/bin/../lib/gcc/arm-none-eabi/6.3.1/../../../../arm-none-eabi/lib/thumb/v6-m\libc_nano.a(lib_a-wbuf.o)
                                                  c:/program files (x86)/atmel/studio/7.0/toolchain/arm/arm-gnu-toolchain/bin/../lib/gcc/arm-none-eabi/6.3.1/../../../../arm-none-eabi/lib/thumb/v6-m\libc_nano.a(lib_a-puts.o)
                                                  c:/program files (x86)/atmel/studio/7.0/toolchain/arm/arm-gnu-toolchain/bin/../lib/gcc/arm-none-eabi/6.3.1/../../../../arm-none-eabi/lib/thumb/v6-m\libc_nano.a(lib_a-impure.o)
__sf_fake_stdout                                  c:/program files (x86)/atmel/studio/7.0/toolchain/arm/arm-gnu-toolchain/bin/../lib/gcc/arm-none-eabi/6.3.1/../../../../arm-none-eabi/lib/thumb/v6-m\libc_nano.a(lib_a-findfp.o)
                                                  c:/program files (x86)/atmel/studio/7.0/toolchain/arm/arm-gnu-toolchain/bin/../lib/gcc/arm-none-eabi/6.3.1/../../../../arm-none-eabi/lib/thumb/v6-m\libc_nano.a(lib_a-fflush.o)
                                                  c:/program files (x86)/atmel/studio/7.0/toolchain/arm/arm-gnu-toolchain/bin/../lib/gcc/arm-none-eabi/6.3.1/../../../../arm-none-eabi/lib/thumb/v6-m\libc_nano.a(lib_a-wsetup.o)
                                                  c:/program files (x86)/atmel/studio/7.0/toolchain/arm/arm-gnu-toolchain/bin/../lib/gcc/arm-none-eabi/6.3.1/../../../../arm-none-eabi/lib/thumb/v6-m\libc_nano.a(lib_a-wbuf.o)
                                                  c:/program files (x86)/atmel/studio/7.0/toolchain/arm/arm-gnu-toolchain/bin/../lib/gcc/arm-none-eabi/6.3.1/../../../../arm-none-eabi/lib/thumb/v6-m\libc_nano.a(lib_a-puts.o)
                                                  c:/program files (x86)/atmel/studio/7.0/toolchain/arm/arm-gnu-toolchain/bin/../lib/gcc/arm-none-eabi/6.3.1/../../../../arm-none-eabi/lib/thumb/v6-m\libc_nano.a(lib_a-impure.o)
__sflush_r                                        c:/program files (x86)/atmel/studio/7.0/toolchain/arm/arm-gnu-toolchain/bin/../lib/gcc/arm-none-eabi/6.3.1/../../../../arm-none-eabi/lib/thumb/v6-m\libc_nano.a(lib_a-fflush.o)
__sfmoreglue                                      c:/program files (x86)/atmel/studio/7.0/toolchain/arm/arm-gnu-toolchain/bin/../lib/gcc/arm-none-eabi/6.3.1/../../../../arm-none-eabi/lib/thumb/v6-m\libc_nano.a(lib_a-findfp.o)
__sfp                                             c:/program files (x86)/atmel/studio/7.0/toolchain/arm/arm-gnu-toolchain/bin/../lib/gcc/arm-none-eabi/6.3.1/../../../../arm-none-eabi/lib/thumb/v6-m\libc_nano.a(lib_a-findfp.o)
__sfp_lock_acquire                                c:/program files (x86)/atmel/studio/7.0/toolchain/arm/arm-gnu-toolchain/bin/../lib/gcc/arm-none-eabi/6.3.1/../../../../arm-none-eabi/lib/thumb/v6-m\libc_nano.a(lib_a-findfp.o)
__sfp_lock_release                                c:/program files (x86)/atmel/studio/7.0/toolchain/arm/arm-gnu-toolchain/bin/../lib/gcc/arm-none-eabi/6.3.1/../../../../arm-none-eabi/lib/thumb/v6-m\libc_nano.a(lib_a-findfp.o)
__sinit                                           c:/program files (x86)/atmel/studio/7.0/toolchain/arm/arm-gnu-toolchain/bin/../lib/gcc/arm-none-eabi/6.3.1/../../../../arm-none-eabi/lib/thumb/v6-m\libc_nano.a(lib_a-findfp.o)
                                                  c:/program files (x86)/atmel/studio/7.0/toolchain/arm/arm-gnu-toolchain/bin/../lib/gcc/arm-none-eabi/6.3.1/../../../../arm-none-eabi/lib/thumb/v6-m\libc_nano.a(lib_a-fflush.o)
                                                  c:/program files (x86)/atmel/studio/7.0/toolchain/arm/arm-gnu-toolchain/bin/../lib/gcc/arm-none-eabi/6.3.1/../../../../arm-none-eabi/lib/thumb/v6-m\libc_nano.a(lib_a-wsetup.o)
                                                  c:/program files (x86)/atmel/studio/7.0/toolchain/arm/arm-gnu-toolchain/bin/../lib/gcc/arm-none-eabi/6.3.1/../../../../arm-none-eabi/lib/thumb/v6-m\libc_nano.a(lib_a-wbuf.o)
                                                  c:/program files (x86)/atmel/studio/7.0/toolchain/arm/arm-gnu-toolchain/bin/../lib/gcc/arm-none-eabi/6.3.1/../../../../arm-none-eabi/lib/thumb/v6-m\libc_nano.a(lib_a-puts.o)
__sinit_lock_acquire                              c:/program files (x86)/atmel/studio/7.0/toolchain/arm/arm-gnu-toolchain/bin/../lib/gcc/arm-none-eabi/6.3.1/../../../../arm-none-eabi/lib/thumb/v6-m\libc_nano.a(lib_a-findfp.o)
__sinit_lock_release                              c:/program files (x86)/atmel/studio/7.0/toolchain/arm/arm-gnu-toolchain/bin/../lib/gcc/arm-none-eabi/6.3.1/../../../../arm-none-eabi/lib/thumb/v6-m\libc_nano.a(lib_a-findfp.o)
__smakebuf_r                                      c:/program files (x86)/atmel/studio/7.0/toolchain/arm/arm-gnu-toolchain/bin/../lib/gcc/arm-none-eabi/6.3.1/../../../../arm-none-eabi/lib/thumb/v6-m\libc_nano.a(lib_a-makebuf.o)
                                                  c:/program files (x86)/atmel/studio/7.0/toolchain/arm/arm-gnu-toolchain/bin/../lib/gcc/arm-none-eabi/6.3.1/../../../../arm-none-eabi/lib/thumb/v6-m\libc_nano.a(lib_a-wsetup.o)
__sread                                           c:/program files (x86)/atmel/studio/7.0/toolchain/arm/arm-gnu-toolchain/bin/../lib/gcc/arm-none-eabi/6.3.1/../../../../arm-none-eabi/lib/thumb/v6-m\libc_nano.a(lib_a-stdio.o)
                                                  c:/program files (x86)/atmel/studio/7.0/toolchain/arm/arm-gnu-toolchain/bin/../lib/gcc/arm-none-eabi/6.3.1/../../../../arm-none-eabi/lib/thumb/v6-m\libc_nano.a(lib_a-findfp.o)
__sseek                                           c:/program files (x86)/atmel/studio/7.0/toolchain/arm/arm-gnu-toolchain/bin/../lib/gcc/arm-none-eabi/6.3.1/../../../../arm-none-eabi/lib/thumb/v6-m\libc_nano.a(lib_a-stdio.o)
                                                  c:/program files (x86)/atmel/studio/7.0/toolchain/arm/arm-gnu-toolchain/bin/../lib/gcc/arm-none-eabi/6.3.1/../../../../arm-none-eabi/lib/thumb/v6-m\libc_nano.a(lib_a-findfp.o)
__stack                                           c:/program files (x86)/atmel/studio/7.0/toolchain/arm/arm-gnu-toolchain/bin/../lib/gcc/arm-none-eabi/6.3.1/../../../../arm-none-eabi/lib/thumb/v6-m/crt0.o
__swbuf                                           c:/program files (x86)/atmel/studio/7.0/toolchain/arm/arm-gnu-toolchain/bin/../lib/gcc/arm-none-eabi/6.3.1/../../../../arm-none-eabi/lib/thumb/v6-m\libc_nano.a(lib_a-wbuf.o)
__swbuf_r                                         c:/program files (x86)/atmel/studio/7.0/toolchain/arm/arm-gnu-toolchain/bin/../lib/gcc/arm-none-eabi/6.3.1/../../../../arm-none-eabi/lib/thumb/v6-m\libc_nano.a(lib_a-wbuf.o)
                                                  c:/program files (x86)/atmel/studio/7.0/toolchain/arm/arm-gnu-toolchain/bin/../lib/gcc/arm-none-eabi/6.3.1/../../../../arm-none-eabi/lib/thumb/v6-m\libc_nano.a(lib_a-puts.o)
__swhatbuf_r                                      c:/program files (x86)/atmel/studio/7.0/toolchain/arm/arm-gnu-toolchain/bin/../lib/gcc/arm-none-eabi/6.3.1/../../../../arm-none-eabi/lib/thumb/v6-m\libc_nano.a(lib_a-makebuf.o)
__swrite                                          c:/program files (x86)/atmel/studio/7.0/toolchain/arm/arm-gnu-toolchain/bin/../lib/gcc/arm-none-eabi/6.3.1/../../../../arm-none-eabi/lib/thumb/v6-m\libc_nano.a(lib_a-stdio.o)
                                                  c:/program files (x86)/atmel/studio/7.0/toolchain/arm/arm-gnu-toolchain/bin/../lib/gcc/arm-none-eabi/6.3.1/../../../../arm-none-eabi/lib/thumb/v6-m\libc_nano.a(lib_a-findfp.o)
__swsetup_r                                       c:/program files (x86)/atmel/studio/7.0/toolchain/arm/arm-gnu-toolchain/bin/../lib/gcc/arm-none-eabi/6.3.1/../../../../arm-none-eabi/lib/thumb/v6-m\libc_nano.a(lib_a-wsetup.o)
                                                  c:/program files (x86)/atmel/studio/7.0/toolchain/arm/arm-gnu-toolchain/bin/../lib/gcc/arm-none-eabi/6.3.1/../../../../arm-none-eabi/lib/thumb/v6-m\libc_nano.a(lib_a-wbuf.o)
                                                  c:/program files (x86)/atmel/studio/7.0/toolchain/arm/arm-gnu-toolchain/bin/../lib/gcc/arm-none-eabi/6.3.1/../../../../arm-none-eabi/lib/thumb/v6-m\libc_nano.a(lib_a-puts.o)
__udivsi3                                         c:/program files (x86)/atmel/studio/7.0/toolchain/arm/arm-gnu-toolchain/bin/../lib/gcc/arm-none-eabi/6.3.1/thumb/v6-m\libgcc.a(_udivsi3.o)
_cleanup                                          c:/program files (x86)/atmel/studio/7.0/toolchain/arm/arm-gnu-toolchain/bin/../lib/gcc/arm-none-eabi/6.3.1/../../../../arm-none-eabi/lib/thumb/v6-m\libc_nano.a(lib_a-findfp.o)
_cleanup_r                                        c:/program files (x86)/atmel/studio/7.0/toolchain/arm/arm-gnu-toolchain/bin/../lib/gcc/arm-none-eabi/6.3.1/../../../../arm-none-eabi/lib/thumb/v6-m\libc_nano.a(lib_a-findfp.o)
                                                  c:/program files (x86)/atmel/studio/7.0/toolchain/arm/arm-gnu-toolchain/bin/../lib/gcc/arm-none-eabi/6.3.1/../../../../arm-none-eabi/lib/thumb/v6-m\libc_nano.a(lib_a-makebuf.o)
_close                                            src/ASF/sam0/utils/syscalls/gcc/syscalls.o
                                                  c:/program files (x86)/atmel/studio/7.0/toolchain/arm/arm-gnu-toolchain/bin/../lib/gcc/arm-none-eabi/6.3.1/../../../../arm-none-eabi/lib/thumb/v6-m\libc_nano.a(lib_a-closer.o)
_close_r                                          c:/program files (x86)/atmel/studio/7.0/toolchain/arm/arm-gnu-toolchain/bin/../lib/gcc/arm-none-eabi/6.3.1/../../../../arm-none-eabi/lib/thumb/v6-m\libc_nano.a(lib_a-closer.o)
                                                  c:/program files (x86)/atmel/studio/7.0/toolchain/arm/arm-gnu-toolchain/bin/../lib/gcc/arm-none-eabi/6.3.1/../../../../arm-none-eabi/lib/thumb/v6-m\libc_nano.a(lib_a-stdio.o)
_end                                              src/ASF/sam0/utils/syscalls/gcc/syscalls.o
_erelocate                                        src/ASF/sam0/utils/cmsis/samd21/source/gcc/startup_samd21.o
_estack                                           src/ASF/sam0/utils/cmsis/samd21/source/gcc/startup_samd21.o
_etext                                            src/ASF/sam0/utils/cmsis/samd21/source/gcc/startup_samd21.o
_exit                                             src/ASF/sam0/utils/syscalls/gcc/syscalls.o
                                                  c:/program files (x86)/atmel/studio/7.0/toolchain/arm/arm-gnu-toolchain/bin/../lib/gcc/arm-none-eabi/6.3.1/../../../../arm-none-eabi/lib/thumb/v6-m\libc_nano.a(lib_a-exit.o)
_ezero                                            src/ASF/sam0/utils/cmsis/samd21/source/gcc/startup_samd21.o
_fflush_r                                         c:/program files (x86)/atmel/studio/7.0/toolchain/arm/arm-gnu-toolchain/bin/../lib/gcc/arm-none-eabi/6.3.1/../../../../arm-none-eabi/lib/thumb/v6-m\libc_nano.a(lib_a-fflush.o)
                                                  c:/program files (x86)/atmel/studio/7.0/toolchain/arm/arm-gnu-toolchain/bin/../lib/gcc/arm-none-eabi/6.3.1/../../../../arm-none-eabi/lib/thumb/v6-m\libc_nano.a(lib_a-findfp.o)
                                                  c:/program files (x86)/atmel/studio/7.0/toolchain/arm/arm-gnu-toolchain/bin/../lib/gcc/arm-none-eabi/6.3.1/../../../../arm-none-eabi/lib/thumb/v6-m\libc_nano.a(lib_a-wbuf.o)
_fini                                             c:/program files (x86)/atmel/studio/7.0/toolchain/arm/arm-gnu-toolchain/bin/../lib/gcc/arm-none-eabi/6.3.1/thumb/v6-m/crti.o
_free_r                                           c:/program files (x86)/atmel/studio/7.0/toolchain/arm/arm-gnu-toolchain/bin/../lib/gcc/arm-none-eabi/6.3.1/../../../../arm-none-eabi/lib/thumb/v6-m\libc_nano.a(lib_a-nano-freer.o)
                                                  c:/program files (x86)/atmel/studio/7.0/toolchain/arm/arm-gnu-toolchain/bin/../lib/gcc/arm-none-eabi/6.3.1/../../../../arm-none-eabi/lib/thumb/v6-m\libc_nano.a(lib_a-reent.o)
                                                  c:/program files (x86)/atmel/studio/7.0/toolchain/arm/arm-gnu-toolchain/bin/../lib/gcc/arm-none-eabi/6.3.1/../../../../arm-none-eabi/lib/thumb/v6-m\libc_nano.a(lib_a-fflush.o)
                                                  c:/program files (x86)/atmel/studio/7.0/toolchain/arm/arm-gnu-toolchain/bin/../lib/gcc/arm-none-eabi/6.3.1/../../../../arm-none-eabi/lib/thumb/v6-m\libc_nano.a(lib_a-wsetup.o)
_fstat                                            src/ASF/sam0/utils/syscalls/gcc/syscalls.o
                                                  c:/program files (x86)/atmel/studio/7.0/toolchain/arm/arm-gnu-toolchain/bin/../lib/gcc/arm-none-eabi/6.3.1/../../../../arm-none-eabi/lib/thumb/v6-m\libc_nano.a(lib_a-fstatr.o)
_fstat_r                                          c:/program files (x86)/atmel/studio/7.0/toolchain/arm/arm-gnu-toolchain/bin/../lib/gcc/arm-none-eabi/6.3.1/../../../../arm-none-eabi/lib/thumb/v6-m\libc_nano.a(lib_a-fstatr.o)
                                                  c:/program files (x86)/atmel/studio/7.0/toolchain/arm/arm-gnu-toolchain/bin/../lib/gcc/arm-none-eabi/6.3.1/../../../../arm-none-eabi/lib/thumb/v6-m\libc_nano.a(lib_a-makebuf.o)
_fwalk                                            c:/program files (x86)/atmel/studio/7.0/toolchain/arm/arm-gnu-toolchain/bin/../lib/gcc/arm-none-eabi/6.3.1/../../../../arm-none-eabi/lib/thumb/v6-m\libc_nano.a(lib_a-fwalk.o)
                                                  c:/program files (x86)/atmel/studio/7.0/toolchain/arm/arm-gnu-toolchain/bin/../lib/gcc/arm-none-eabi/6.3.1/../../../../arm-none-eabi/lib/thumb/v6-m\libc_nano.a(lib_a-findfp.o)
_fwalk_reent                                      c:/program files (x86)/atmel/studio/7.0/toolchain/arm/arm-gnu-toolchain/bin/../lib/gcc/arm-none-eabi/6.3.1/../../../../arm-none-eabi/lib/thumb/v6-m\libc_nano.a(lib_a-fwalk.o)
                                                  c:/program files (x86)/atmel/studio/7.0/toolchain/arm/arm-gnu-toolchain/bin/../lib/gcc/arm-none-eabi/6.3.1/../../../../arm-none-eabi/lib/thumb/v6-m\libc_nano.a(lib_a-findfp.o)
                                                  c:/program files (x86)/atmel/studio/7.0/toolchain/arm/arm-gnu-toolchain/bin/../lib/gcc/arm-none-eabi/6.3.1/../../../../arm-none-eabi/lib/thumb/v6-m\libc_nano.a(lib_a-fflush.o)
_getpid                                           src/ASF/sam0/utils/syscalls/gcc/syscalls.o
_global_impure_ptr                                c:/program files (x86)/atmel/studio/7.0/toolchain/arm/arm-gnu-toolchain/bin/../lib/gcc/arm-none-eabi/6.3.1/../../../../arm-none-eabi/lib/thumb/v6-m\libc_nano.a(lib_a-impure.o)
                                                  c:/program files (x86)/atmel/studio/7.0/toolchain/arm/arm-gnu-toolchain/bin/../lib/gcc/arm-none-eabi/6.3.1/../../../../arm-none-eabi/lib/thumb/v6-m\libc_nano.a(lib_a-findfp.o)
                                                  c:/program files (x86)/atmel/studio/7.0/toolchain/arm/arm-gnu-toolchain/bin/../lib/gcc/arm-none-eabi/6.3.1/../../../../arm-none-eabi/lib/thumb/v6-m\libc_nano.a(lib_a-fflush.o)
                                                  c:/program files (x86)/atmel/studio/7.0/toolchain/arm/arm-gnu-toolchain/bin/../lib/gcc/arm-none-eabi/6.3.1/../../../../arm-none-eabi/lib/thumb/v6-m\libc_nano.a(lib_a-exit.o)
_impure_ptr                                       c:/program files (x86)/atmel/studio/7.0/toolchain/arm/arm-gnu-toolchain/bin/../lib/gcc/arm-none-eabi/6.3.1/../../../../arm-none-eabi/lib/thumb/v6-m\libc_nano.a(lib_a-impure.o)
                                                  c:/program files (x86)/atmel/studio/7.0/toolchain/arm/arm-gnu-toolchain/bin/../lib/gcc/arm-none-eabi/6.3.1/../../../../arm-none-eabi/lib/thumb/v6-m\libc_nano.a(lib_a-reent.o)
                                                  c:/program files (x86)/atmel/studio/7.0/toolchain/arm/arm-gnu-toolchain/bin/../lib/gcc/arm-none-eabi/6.3.1/../../../../arm-none-eabi/lib/thumb/v6-m\libc_nano.a(lib_a-findfp.o)
                                                  c:/program files (x86)/atmel/studio/7.0/toolchain/arm/arm-gnu-toolchain/bin/../lib/gcc/arm-none-eabi/6.3.1/../../../../arm-none-eabi/lib/thumb/v6-m\libc_nano.a(lib_a-fflush.o)
                                                  c:/program files (x86)/atmel/studio/7.0/toolchain/arm/arm-gnu-toolchain/bin/../lib/gcc/arm-none-eabi/6.3.1/../../../../arm-none-eabi/lib/thumb/v6-m\libc_nano.a(lib_a-wsetup.o)
                                                  c:/program files (x86)/atmel/studio/7.0/toolchain/arm/arm-gnu-toolchain/bin/../lib/gcc/arm-none-eabi/6.3.1/../../../../arm-none-eabi/lib/thumb/v6-m\libc_nano.a(lib_a-wbuf.o)
                                                  c:/program files (x86)/atmel/studio/7.0/toolchain/arm/arm-gnu-toolchain/bin/../lib/gcc/arm-none-eabi/6.3.1/../../../../arm-none-eabi/lib/thumb/v6-m\libc_nano.a(lib_a-puts.o)
_init                                             c:/program files (x86)/atmel/studio/7.0/toolchain/arm/arm-gnu-toolchain/bin/../lib/gcc/arm-none-eabi/6.3.1/thumb/v6-m/crti.o
                                                  c:/program files (x86)/atmel/studio/7.0/toolchain/arm/arm-gnu-toolchain/bin/../lib/gcc/arm-none-eabi/6.3.1/../../../../arm-none-eabi/lib/thumb/v6-m\libc_nano.a(lib_a-init.o)
_isatty                                           src/ASF/sam0/utils/syscalls/gcc/syscalls.o
                                                  c:/program files (x86)/atmel/studio/7.0/toolchain/arm/arm-gnu-toolchain/bin/../lib/gcc/arm-none-eabi/6.3.1/../../../../arm-none-eabi/lib/thumb/v6-m\libc_nano.a(lib_a-isattyr.o)
_isatty_r                                         c:/program files (x86)/atmel/studio/7.0/toolchain/arm/arm-gnu-toolchain/bin/../lib/gcc/arm-none-eabi/6.3.1/../../../../arm-none-eabi/lib/thumb/v6-m\libc_nano.a(lib_a-isattyr.o)
                                                  c:/program files (x86)/atmel/studio/7.0/toolchain/arm/arm-gnu-toolchain/bin/../lib/gcc/arm-none-eabi/6.3.1/../../../../arm-none-eabi/lib/thumb/v6-m\libc_nano.a(lib_a-makebuf.o)
_kill                                             src/ASF/sam0/utils/syscalls/gcc/syscalls.o
_lseek                                            src/ASF/sam0/utils/syscalls/gcc/syscalls.o
                                                  c:/program files (x86)/atmel/studio/7.0/toolchain/arm/arm-gnu-toolchain/bin/../lib/gcc/arm-none-eabi/6.3.1/../../../../arm-none-eabi/lib/thumb/v6-m\libc_nano.a(lib_a-lseekr.o)
_lseek_r                                          c:/program files (x86)/atmel/studio/7.0/toolchain/arm/arm-gnu-toolchain/bin/../lib/gcc/arm-none-eabi/6.3.1/../../../../arm-none-eabi/lib/thumb/v6-m\libc_nano.a(lib_a-lseekr.o)
                                                  c:/program files (x86)/atmel/studio/7.0/toolchain/arm/arm-gnu-toolchain/bin/../lib/gcc/arm-none-eabi/6.3.1/../../../../arm-none-eabi/lib/thumb/v6-m\libc_nano.a(lib_a-stdio.o)
_mainCRTStartup                                   c:/program files (x86)/atmel/studio/7.0/toolchain/arm/arm-gnu-toolchain/bin/../lib/gcc/arm-none-eabi/6.3.1/../../../../arm-none-eabi/lib/thumb/v6-m/crt0.o
_malloc_r                                         c:/program files (x86)/atmel/studio/7.0/toolchain/arm/arm-gnu-toolchain/bin/../lib/gcc/arm-none-eabi/6.3.1/../../../../arm-none-eabi/lib/thumb/v6-m\libc_nano.a(lib_a-nano-mallocr.o)
                                                  c:/program files (x86)/atmel/studio/7.0/toolchain/arm/arm-gnu-toolchain/bin/../lib/gcc/arm-none-eabi/6.3.1/../../../../arm-none-eabi/lib/thumb/v6-m\libc_nano.a(lib_a-makebuf.o)
                                                  c:/program files (x86)/atmel/studio/7.0/toolchain/arm/arm-gnu-toolchain/bin/../lib/gcc/arm-none-eabi/6.3.1/../../../../arm-none-eabi/lib/thumb/v6-m\libc_nano.a(lib_a-findfp.o)
_puts_r                                           c:/program files (x86)/atmel/studio/7.0/toolchain/arm/arm-gnu-toolchain/bin/../lib/gcc/arm-none-eabi/6.3.1/../../../../arm-none-eabi/lib/thumb/v6-m\libc_nano.a(lib_a-puts.o)
_read                                             c:/program files (x86)/atmel/studio/7.0/toolchain/arm/arm-gnu-toolchain/bin/../lib/gcc/arm-none-eabi/6.3.1/../../../../arm-none-eabi/lib/thumb/v6-m\libc_nano.a(lib_a-readr.o)
_read_r                                           c:/program files (x86)/atmel/studio/7.0/toolchain/arm/arm-gnu-toolchain/bin/../lib/gcc/arm-none-eabi/6.3.1/../../../../arm-none-eabi/lib/thumb/v6-m\libc_nano.a(lib_a-readr.o)
                                                  c:/program files (x86)/atmel/studio/7.0/toolchain/arm/arm-gnu-toolchain/bin/../lib/gcc/arm-none-eabi/6.3.1/../../../../arm-none-eabi/lib/thumb/v6-m\libc_nano.a(lib_a-stdio.o)
_reclaim_reent                                    c:/program files (x86)/atmel/studio/7.0/toolchain/arm/arm-gnu-toolchain/bin/../lib/gcc/arm-none-eabi/6.3.1/../../../../arm-none-eabi/lib/thumb/v6-m\libc_nano.a(lib_a-reent.o)
_sbrk                                             src/ASF/sam0/utils/syscalls/gcc/syscalls.o
                                                  c:/program files (x86)/atmel/studio/7.0/toolchain/arm/arm-gnu-toolchain/bin/../lib/gcc/arm-none-eabi/6.3.1/../../../../arm-none-eabi/lib/thumb/v6-m\libc_nano.a(lib_a-sbrkr.o)
_sbrk_r                                           c:/program files (x86)/atmel/studio/7.0/toolchain/arm/arm-gnu-toolchain/bin/../lib/gcc/arm-none-eabi/6.3.1/../../../../arm-none-eabi/lib/thumb/v6-m\libc_nano.a(lib_a-sbrkr.o)
                                                  c:/program files (x86)/atmel/studio/7.0/toolchain/arm/arm-gnu-toolchain/bin/../lib/gcc/arm-none-eabi/6.3.1/../../../../arm-none-eabi/lib/thumb/v6-m\libc_nano.a(lib_a-nano-mallocr.o)
_sercom_get_async_baud_val                        src/ASF/sam0/drivers/sercom/sercom.o
                                                  src/ASF/sam0/drivers/sercom/usart/usart.o
_sercom_get_default_pad                           src/ASF/sam0/drivers/sercom/sercom.o
                                                  src/ASF/sam0/drivers/sercom/spi/spi.o
                                                  src/ASF/sam0/drivers/sercom/usart/usart.o
_sercom_get_interrupt_vector                      src/ASF/sam0/drivers/sercom/sercom_interrupt.o
_sercom_get_sercom_inst_index                     src/ASF/sam0/drivers/sercom/sercom.o
                                                  src/ASF/sam0/drivers/sercom/spi/spi.o
                                                  src/ASF/sam0/drivers/sercom/usart/usart.o
                                                  src/ASF/sam0/drivers/sercom/sercom_interrupt.o
_sercom_get_sync_baud_val                         src/ASF/sam0/drivers/sercom/sercom.o
                                                  src/ASF/sam0/drivers/sercom/spi/spi.o
                                                  src/ASF/sam0/drivers/sercom/usart/usart.o
_sercom_instances                                 src/ASF/sam0/drivers/sercom/sercom_interrupt.o
                                                  src/ASF/sam0/drivers/sercom/usart/usart_interrupt.o
                                                  src/ASF/sam0/drivers/sercom/usart/usart.o
_sercom_set_handler                               src/ASF/sam0/drivers/sercom/sercom_interrupt.o
                                                  src/ASF/sam0/drivers/sercom/usart/usart.o
_sfixed                                           src/ASF/sam0/utils/cmsis/samd21/source/gcc/startup_samd21.o
_srelocate                                        src/ASF/sam0/utils/cmsis/samd21/source/gcc/startup_samd21.o
_start                                            c:/program files (x86)/atmel/studio/7.0/toolchain/arm/arm-gnu-toolchain/bin/../lib/gcc/arm-none-eabi/6.3.1/../../../../arm-none-eabi/lib/thumb/v6-m/crt0.o
_system_divas_init                                src/ASF/sam0/drivers/system/system.o
_system_dummy_init                                src/ASF/sam0/drivers/system/system.o
_system_events_init                               src/ASF/sam0/drivers/system/system.o
_system_extint_init                               src/ASF/sam0/drivers/system/system.o
_szero                                            src/ASF/sam0/utils/cmsis/samd21/source/gcc/startup_samd21.o
_usart_interrupt_handler                          src/ASF/sam0/drivers/sercom/usart/usart_interrupt.o
                                                  src/ASF/sam0/drivers/sercom/usart/usart.o
_usart_read_buffer                                src/ASF/sam0/drivers/sercom/usart/usart_interrupt.o
_usart_write_buffer                               src/ASF/sam0/drivers/sercom/usart/usart_interrupt.o
_write                                            c:/program files (x86)/atmel/studio/7.0/toolchain/arm/arm-gnu-toolchain/bin/../lib/gcc/arm-none-eabi/6.3.1/../../../../arm-none-eabi/lib/thumb/v6-m\libc_nano.a(lib_a-writer.o)
_write_r                                          c:/program files (x86)/atmel/studio/7.0/toolchain/arm/arm-gnu-toolchain/bin/../lib/gcc/arm-none-eabi/6.3.1/../../../../arm-none-eabi/lib/thumb/v6-m\libc_nano.a(lib_a-writer.o)
                                                  c:/program files (x86)/atmel/studio/7.0/toolchain/arm/arm-gnu-toolchain/bin/../lib/gcc/arm-none-eabi/6.3.1/../../../../arm-none-eabi/lib/thumb/v6-m\libc_nano.a(lib_a-stdio.o)
atexit                                            c:/program files (x86)/atmel/studio/7.0/toolchain/arm/arm-gnu-toolchain/bin/../lib/gcc/arm-none-eabi/6.3.1/../../../../arm-none-eabi/lib/thumb/v6-m/crt0.o
board_init                                        src/ASF/sam0/boards/samd21_xplained_pro/board_init.o
cleanup_glue                                      c:/program files (x86)/atmel/studio/7.0/toolchain/arm/arm-gnu-toolchain/bin/../lib/gcc/arm-none-eabi/6.3.1/../../../../arm-none-eabi/lib/thumb/v6-m\libc_nano.a(lib_a-reent.o)
cpu_irq_enter_critical                            src/ASF/common/utils/interrupt/interrupt_sam_nvic.o
                                                  src/ASF/sam0/drivers/system/clock/clock_samd21_r21_da_ha1/gclk.o
                                                  src/ASF/sam0/drivers/sercom/usart/usart_interrupt.o
cpu_irq_leave_critical                            src/ASF/common/utils/interrupt/interrupt_sam_nvic.o
                                                  src/ASF/sam0/drivers/system/clock/clock_samd21_r21_da_ha1/gclk.o
                                                  src/ASF/sam0/drivers/sercom/usart/usart_interrupt.o
delay_cycles_ms                                   src/ASF/common2/services/delay/sam0/systick_counter.o
                                                  src/drivers/p_spi.o
delay_cycles_us                                   src/ASF/common2/services/delay/sam0/systick_counter.o
delay_init                                        src/ASF/common2/services/delay/sam0/systick_counter.o
errno                                             c:/program files (x86)/atmel/studio/7.0/toolchain/arm/arm-gnu-toolchain/bin/../lib/gcc/arm-none-eabi/6.3.1/../../../../arm-none-eabi/lib/thumb/v6-m\libc_nano.a(lib_a-reent.o)
                                                  c:/program files (x86)/atmel/studio/7.0/toolchain/arm/arm-gnu-toolchain/bin/../lib/gcc/arm-none-eabi/6.3.1/../../../../arm-none-eabi/lib/thumb/v6-m\libc_nano.a(lib_a-readr.o)
                                                  c:/program files (x86)/atmel/studio/7.0/toolchain/arm/arm-gnu-toolchain/bin/../lib/gcc/arm-none-eabi/6.3.1/../../../../arm-none-eabi/lib/thumb/v6-m\libc_nano.a(lib_a-lseekr.o)
                                                  c:/program files (x86)/atmel/studio/7.0/toolchain/arm/arm-gnu-toolchain/bin/../lib/gcc/arm-none-eabi/6.3.1/../../../../arm-none-eabi/lib/thumb/v6-m\libc_nano.a(lib_a-isattyr.o)
                                                  c:/program files (x86)/atmel/studio/7.0/toolchain/arm/arm-gnu-toolchain/bin/../lib/gcc/arm-none-eabi/6.3.1/../../../../arm-none-eabi/lib/thumb/v6-m\libc_nano.a(lib_a-fstatr.o)
                                                  c:/program files (x86)/atmel/studio/7.0/toolchain/arm/arm-gnu-toolchain/bin/../lib/gcc/arm-none-eabi/6.3.1/../../../../arm-none-eabi/lib/thumb/v6-m\libc_nano.a(lib_a-closer.o)
                                                  c:/program files (x86)/atmel/studio/7.0/toolchain/arm/arm-gnu-toolchain/bin/../lib/gcc/arm-none-eabi/6.3.1/../../../../arm-none-eabi/lib/thumb/v6-m\libc_nano.a(lib_a-writer.o)
                                                  c:/program files (x86)/atmel/studio/7.0/toolchain/arm/arm-gnu-toolchain/bin/../lib/gcc/arm-none-eabi/6.3.1/../../../../arm-none-eabi/lib/thumb/v6-m\libc_nano.a(lib_a-sbrkr.o)
exception_table                                   src/ASF/sam0/utils/cmsis/samd21/source/gcc/startup_samd21.o
exit                                              c:/program files (x86)/atmel/studio/7.0/toolchain/arm/arm-gnu-toolchain/bin/../lib/gcc/arm-none-eabi/6.3.1/../../../../arm-none-eabi/lib/thumb/v6-m\libc_nano.a(lib_a-exit.o)
                                                  c:/program files (x86)/atmel/studio/7.0/toolchain/arm/arm-gnu-toolchain/bin/../lib/gcc/arm-none-eabi/6.3.1/../../../../arm-none-eabi/lib/thumb/v6-m/crt0.o
fflush                                            c:/program files (x86)/atmel/studio/7.0/toolchain/arm/arm-gnu-toolchain/bin/../lib/gcc/arm-none-eabi/6.3.1/../../../../arm-none-eabi/lib/thumb/v6-m\libc_nano.a(lib_a-fflush.o)
g_interrupt_enabled                               src/ASF/common/utils/interrupt/interrupt_sam_nvic.o
hardware_init_hook                                c:/program files (x86)/atmel/studio/7.0/toolchain/arm/arm-gnu-toolchain/bin/../lib/gcc/arm-none-eabi/6.3.1/../../../../arm-none-eabi/lib/thumb/v6-m/crt0.o
link                                              src/ASF/sam0/utils/syscalls/gcc/syscalls.o
main                                              src/main.o
                                                  src/ASF/sam0/utils/cmsis/samd21/source/gcc/startup_samd21.o
                                                  c:/program files (x86)/atmel/studio/7.0/toolchain/arm/arm-gnu-toolchain/bin/../lib/gcc/arm-none-eabi/6.3.1/../../../../arm-none-eabi/lib/thumb/v6-m/crt0.o
memset                                            c:/program files (x86)/atmel/studio/7.0/toolchain/arm/arm-gnu-toolchain/bin/../lib/gcc/arm-none-eabi/6.3.1/../../../../arm-none-eabi/lib/thumb/v6-m\libc_nano.a(lib_a-memset.o)
                                                  c:/program files (x86)/atmel/studio/7.0/toolchain/arm/arm-gnu-toolchain/bin/../lib/gcc/arm-none-eabi/6.3.1/../../../../arm-none-eabi/lib/thumb/v6-m\libc_nano.a(lib_a-findfp.o)
                                                  c:/program files (x86)/atmel/studio/7.0/toolchain/arm/arm-gnu-toolchain/bin/../lib/gcc/arm-none-eabi/6.3.1/../../../../arm-none-eabi/lib/thumb/v6-m/crt0.o
p_spi_init                                        src/drivers/p_spi.o
p_spi_read                                        src/drivers/p_spi.o
p_spi_sensor_init                                 src/drivers/p_spi.o
p_spi_write                                       src/drivers/p_spi.o
port_group_set_config                             src/ASF/sam0/drivers/port/port.o
port_pin_set_config                               src/ASF/sam0/drivers/port/port.o
                                                  src/ASF/sam0/boards/samd21_xplained_pro/board_init.o
puts                                              c:/program files (x86)/atmel/studio/7.0/toolchain/arm/arm-gnu-toolchain/bin/../lib/gcc/arm-none-eabi/6.3.1/../../../../arm-none-eabi/lib/thumb/v6-m\libc_nano.a(lib_a-puts.o)
                                                  src/drivers/p_spi.o
sercom_set_gclk_generator                         src/ASF/sam0/drivers/sercom/sercom.o
                                                  src/ASF/sam0/drivers/sercom/spi/spi.o
                                                  src/ASF/sam0/drivers/sercom/usart/usart.o
software_init_hook                                c:/program files (x86)/atmel/studio/7.0/toolchain/arm/arm-gnu-toolchain/bin/../lib/gcc/arm-none-eabi/6.3.1/../../../../arm-none-eabi/lib/thumb/v6-m/crt0.o
spi_init                                          src/ASF/sam0/drivers/sercom/spi/spi.o
spi_read_buffer_wait                              src/ASF/sam0/drivers/sercom/spi/spi.o
                                                  src/drivers/p_spi.o
spi_reset                                         src/ASF/sam0/drivers/sercom/spi/spi.o
spi_select_slave                                  src/ASF/sam0/drivers/sercom/spi/spi.o
spi_sercom1_mod                                   src/drivers/p_spi.o
spi_sercom5_mod                                   src/drivers/p_spi.o
spi_set_baudrate                                  src/ASF/sam0/drivers/sercom/spi/spi.o
spi_transceive_buffer_wait                        src/ASF/sam0/drivers/sercom/spi/spi.o
spi_transceive_wait                               src/ASF/sam0/drivers/sercom/spi/spi.o
spi_write_buffer_wait                             src/ASF/sam0/drivers/sercom/spi/spi.o
                                                  src/drivers/p_spi.o
system_board_init                                 src/ASF/sam0/boards/samd21_xplained_pro/board_init.o
system_clock_init                                 src/ASF/sam0/drivers/system/clock/clock_samd21_r21_da_ha1/clock.o
system_clock_source_dfll_set_config               src/ASF/sam0/drivers/system/clock/clock_samd21_r21_da_ha1/clock.o
system_clock_source_disable                       src/ASF/sam0/drivers/system/clock/clock_samd21_r21_da_ha1/clock.o
system_clock_source_dpll_set_config               src/ASF/sam0/drivers/system/clock/clock_samd21_r21_da_ha1/clock.o
system_clock_source_enable                        src/ASF/sam0/drivers/system/clock/clock_samd21_r21_da_ha1/clock.o
system_clock_source_get_hz                        src/ASF/sam0/drivers/system/clock/clock_samd21_r21_da_ha1/clock.o
                                                  src/ASF/sam0/drivers/system/clock/clock_samd21_r21_da_ha1/gclk.o
system_clock_source_is_ready                      src/ASF/sam0/drivers/system/clock/clock_samd21_r21_da_ha1/clock.o
system_clock_source_osc32k_set_config             src/ASF/sam0/drivers/system/clock/clock_samd21_r21_da_ha1/clock.o
system_clock_source_osc8m_set_config              src/ASF/sam0/drivers/system/clock/clock_samd21_r21_da_ha1/clock.o
system_clock_source_write_calibration             src/ASF/sam0/drivers/system/clock/clock_samd21_r21_da_ha1/clock.o
system_clock_source_xosc32k_set_config            src/ASF/sam0/drivers/system/clock/clock_samd21_r21_da_ha1/clock.o
system_clock_source_xosc_set_config               src/ASF/sam0/drivers/system/clock/clock_samd21_r21_da_ha1/clock.o
system_gclk_chan_disable                          src/ASF/sam0/drivers/system/clock/clock_samd21_r21_da_ha1/gclk.o
system_gclk_chan_enable                           src/ASF/sam0/drivers/system/clock/clock_samd21_r21_da_ha1/gclk.o
                                                  src/ASF/sam0/drivers/sercom/spi/spi.o
                                                  src/ASF/sam0/drivers/sercom/usart/usart.o
                                                  src/ASF/sam0/drivers/sercom/sercom.o
system_gclk_chan_get_hz                           src/ASF/sam0/drivers/system/clock/clock_samd21_r21_da_ha1/gclk.o
                                                  src/ASF/sam0/drivers/system/clock/clock_samd21_r21_da_ha1/clock.o
                                                  src/ASF/sam0/drivers/sercom/spi/spi.o
                                                  src/ASF/sam0/drivers/sercom/usart/usart.o
system_gclk_chan_is_enabled                       src/ASF/sam0/drivers/system/clock/clock_samd21_r21_da_ha1/gclk.o
system_gclk_chan_is_locked                        src/ASF/sam0/drivers/system/clock/clock_samd21_r21_da_ha1/gclk.o
system_gclk_chan_lock                             src/ASF/sam0/drivers/system/clock/clock_samd21_r21_da_ha1/gclk.o
system_gclk_chan_set_config                       src/ASF/sam0/drivers/system/clock/clock_samd21_r21_da_ha1/gclk.o
                                                  src/ASF/sam0/drivers/system/clock/clock_samd21_r21_da_ha1/clock.o
                                                  src/ASF/sam0/drivers/sercom/spi/spi.o
                                                  src/ASF/sam0/drivers/sercom/usart/usart.o
                                                  src/ASF/sam0/drivers/sercom/sercom.o
system_gclk_gen_disable                           src/ASF/sam0/drivers/system/clock/clock_samd21_r21_da_ha1/gclk.o
system_gclk_gen_enable                            src/ASF/sam0/drivers/system/clock/clock_samd21_r21_da_ha1/gclk.o
                                                  src/ASF/sam0/drivers/system/clock/clock_samd21_r21_da_ha1/clock.o
system_gclk_gen_get_hz                            src/ASF/sam0/drivers/system/clock/clock_samd21_r21_da_ha1/gclk.o
                                                  src/ASF/common2/services/delay/sam0/systick_counter.o
system_gclk_gen_is_enabled                        src/ASF/sam0/drivers/system/clock/clock_samd21_r21_da_ha1/gclk.o
system_gclk_gen_set_config                        src/ASF/sam0/drivers/system/clock/clock_samd21_r21_da_ha1/gclk.o
                                                  src/ASF/sam0/drivers/system/clock/clock_samd21_r21_da_ha1/clock.o
system_gclk_init                                  src/ASF/sam0/drivers/system/clock/clock_samd21_r21_da_ha1/gclk.o
                                                  src/ASF/sam0/drivers/system/clock/clock_samd21_r21_da_ha1/clock.o
system_init                                       src/ASF/sam0/drivers/system/system.o
                                                  src/main.o
system_interrupt_clear_pending                    src/ASF/sam0/drivers/system/interrupt/system_interrupt.o
system_interrupt_get_priority                     src/ASF/sam0/drivers/system/interrupt/system_interrupt.o
system_interrupt_is_pending                       src/ASF/sam0/drivers/system/interrupt/system_interrupt.o
system_interrupt_set_pending                      src/ASF/sam0/drivers/system/interrupt/system_interrupt.o
system_interrupt_set_priority                     src/ASF/sam0/drivers/system/interrupt/system_interrupt.o
system_pinmux_group_set_config                    src/ASF/sam0/drivers/system/pinmux/pinmux.o
                                                  src/ASF/sam0/drivers/port/port.o
system_pinmux_group_set_input_sample_mode         src/ASF/sam0/drivers/system/pinmux/pinmux.o
system_pinmux_group_set_output_strength           src/ASF/sam0/drivers/system/pinmux/pinmux.o
system_pinmux_pin_set_config                      src/ASF/sam0/drivers/system/pinmux/pinmux.o
                                                  src/ASF/sam0/drivers/port/port.o
                                                  src/ASF/sam0/drivers/sercom/spi/spi.o
                                                  src/ASF/sam0/drivers/sercom/usart/usart.o
thermocouple_init                                 src/devices/thermocouple.o
usart_abort_job                                   src/ASF/sam0/drivers/sercom/usart/usart_interrupt.o
usart_get_job_status                              src/ASF/sam0/drivers/sercom/usart/usart_interrupt.o
usart_init                                        src/ASF/sam0/drivers/sercom/usart/usart.o
usart_read_buffer_job                             src/ASF/sam0/drivers/sercom/usart/usart_interrupt.o
usart_read_buffer_wait                            src/ASF/sam0/drivers/sercom/usart/usart.o
usart_read_job                                    src/ASF/sam0/drivers/sercom/usart/usart_interrupt.o
usart_read_wait                                   src/ASF/sam0/drivers/sercom/usart/usart.o
usart_register_callback                           src/ASF/sam0/drivers/sercom/usart/usart_interrupt.o
usart_unregister_callback                         src/ASF/sam0/drivers/sercom/usart/usart_interrupt.o
usart_write_buffer_job                            src/ASF/sam0/drivers/sercom/usart/usart_interrupt.o
usart_write_buffer_wait                           src/ASF/sam0/drivers/sercom/usart/usart.o
usart_write_job                                   src/ASF/sam0/drivers/sercom/usart/usart_interrupt.o
usart_write_wait                                  src/ASF/sam0/drivers/sercom/usart/usart.o
